{"timestamp":"2026-09-25T20:18:24.439073Z","level":"info","event":"::group::Pre Execute","logger":"task","filename":"task_runner.py","lineno":2412}
{"timestamp":"2026-09-25T20:18:24.581967Z","level":"info","event":"DAG bundles loaded: dags-folder, example_dags, apache-airflow-providers-common-sql-example-dags, apache-airflow-providers-standard-example-dags","ti_id":"01a0da38-1698-7c32-8558-2ba060443b37","dag_id":"stock_market_elt_pipeline","try_number":1,"task_id":"fetch_and_load_stock_data","map_index":-1,"run_id":"manual__2026-09-25T20:18:23.973648+00:00","logger":"airflow.dag_processing.bundles.manager.DagBundlesManager","filename":"manager.py","lineno":304}
{"timestamp":"2026-09-25T20:18:24.584620Z","level":"info","event":"Filling up the DagBag from /opt/airflow/dags/stock_pipeline_dag.py","ti_id":"01a0da38-1698-7c32-8558-2ba060443b37","dag_id":"stock_market_elt_pipeline","try_number":1,"task_id":"fetch_and_load_stock_data","map_index":-1,"run_id":"manual__2026-09-25T20:18:23.973648+00:00","logger":"airflow.dag_processing.dagbag.BundleDagBag","filename":"dagbag.py","lineno":460}
{"timestamp":"2026-09-25T20:18:25.281289Z","level":"warning","event":"The `airflow.operators.python.PythonOperator` attribute is deprecated. Please use `'airflow.providers.standard.operators.python.PythonOperator'`.","category":"UserWarning","filename":"/opt/airflow/dags/stock_pipeline_dag.py","lineno":7,"ti_id":"01a0da38-1698-7c32-8558-2ba060443b37","dag_id":"stock_market_elt_pipeline","try_number":1,"task_id":"fetch_and_load_stock_data","map_index":-1,"run_id":"manual__2026-09-25T20:18:23.973648+00:00","logger":"py.warnings"}
{"timestamp":"2026-09-25T20:18:25.281581Z","level":"warning","event":"The `airflow.operators.bash.BashOperator` attribute is deprecated. Please use `'airflow.providers.standard.operators.bash.BashOperator'`.","category":"UserWarning","filename":"/opt/airflow/dags/stock_pipeline_dag.py","lineno":8,"ti_id":"01a0da38-1698-7c32-8558-2ba060443b37","dag_id":"stock_market_elt_pipeline","try_number":1,"task_id":"fetch_and_load_stock_data","map_index":-1,"run_id":"manual__2026-09-25T20:18:23.973648+00:00","logger":"py.warnings"}
{"timestamp":"2026-09-25T20:18:25.283398Z","level":"info","event":"Worker startup parse complete","bundle_name":"dags-folder","bundle_version":null,"dag_file":"stock_pipeline_dag.py","dag_id":"stock_market_elt_pipeline","bundle_prepare_ms":5,"dag_file_parse_ms":699,"ti_id":"01a0da38-1698-7c32-8558-2ba060443b37","try_number":1,"task_id":"fetch_and_load_stock_data","map_index":-1,"run_id":"manual__2026-09-25T20:18:23.973648+00:00","logger":"task","filename":"task_runner.py","lineno":1073}
{"timestamp":"2026-09-25T20:18:25.305286Z","level":"info","event":"Task instance is in running state","logger":"task.stdout"}
{"timestamp":"2026-09-25T20:18:25.306414Z","level":"info","event":" Previous state of the Task instance: TaskInstanceState.QUEUED","logger":"task.stdout"}
{"timestamp":"2026-09-25T20:18:25.307229Z","level":"info","event":"Current task name:fetch_and_load_stock_data","logger":"task.stdout"}
{"timestamp":"2026-09-25T20:18:25.307837Z","level":"info","event":"Dag name:stock_market_elt_pipeline","logger":"task.stdout"}
{"timestamp":"2026-09-25T20:18:25.306136Z","level":"info","event":"::endgroup::","ti_id":"01a0da38-1698-7c32-8558-2ba060443b37","dag_id":"stock_market_elt_pipeline","try_number":1,"task_id":"fetch_and_load_stock_data","map_index":-1,"run_id":"manual__2026-09-25T20:18:23.973648+00:00","logger":"task","filename":"task_runner.py","lineno":2232}
{"timestamp":"2026-09-25T20:18:25.309072Z","level":"info","event":"Inizio estrazione dati finanziari con yfinance...","logger":"task.stdout"}
{"timestamp":"2026-09-25T20:18:26.578899Z","level":"info","event":"Estratte 25 righe di dati. Inizio caricamento su PostgreSQL...","logger":"task.stdout"}
{"timestamp":"2026-09-25T20:18:26.606185Z","level":"info","event":"Caricamento completato con successo!","logger":"task.stdout"}
{"timestamp":"2026-09-25T20:18:26.606535Z","level":"info","event":"Done. Returned value was: None","ti_id":"01a0da38-1698-7c32-8558-2ba060443b37","dag_id":"stock_market_elt_pipeline","try_number":1,"task_id":"fetch_and_load_stock_data","map_index":-1,"run_id":"manual__2026-09-25T20:18:23.973648+00:00","logger":"airflow.task.operators.airflow.providers.standard.operators.python.PythonOperator","filename":"python.py","lineno":233}
{"timestamp":"2026-09-25T20:18:26.606736Z","level":"info","event":"::group::Post Execute","ti_id":"01a0da38-1698-7c32-8558-2ba060443b37","dag_id":"stock_market_elt_pipeline","try_number":1,"task_id":"fetch_and_load_stock_data","map_index":-1,"run_id":"manual__2026-09-25T20:18:23.973648+00:00","logger":"task","filename":"task_runner.py","lineno":1580}
{"timestamp":"2026-09-25T20:18:26.627206Z","level":"info","event":"Task instance in success state","logger":"task.stdout"}
{"timestamp":"2026-09-25T20:18:26.628142Z","level":"info","event":" Previous state of the Task instance: TaskInstanceState.RUNNING","logger":"task.stdout"}
{"timestamp":"2026-09-25T20:18:26.629191Z","level":"info","event":"Task operator:<Task(PythonOperator): fetch_and_load_stock_data>","logger":"task.stdout"}
{"timestamp":"2026-09-25T20:18:26.627542Z","level":"info","event":"::endgroup::","ti_id":"01a0da38-1698-7c32-8558-2ba060443b37","dag_id":"stock_market_elt_pipeline","try_number":1,"task_id":"fetch_and_load_stock_data","map_index":-1,"run_id":"manual__2026-09-25T20:18:23.973648+00:00","logger":"task","filename":"task_runner.py","lineno":2379}
