{"timestamp":"2026-09-25T20:20:47.497917Z","level":"info","event":"::group::Pre Execute","logger":"task","filename":"task_runner.py","lineno":2412}
{"timestamp":"2026-09-25T20:20:47.526085Z","level":"info","event":"DAG bundles loaded: dags-folder, example_dags, apache-airflow-providers-common-sql-example-dags, apache-airflow-providers-standard-example-dags","map_index":-1,"ti_id":"01a0da35-b1a7-7169-8fb8-92874abe3e1a","run_id":"scheduled__2026-09-25T00:00:00+00:00","task_id":"fetch_and_load_stock_data","dag_id":"stock_market_elt_pipeline","try_number":2,"logger":"airflow.dag_processing.bundles.manager.DagBundlesManager","filename":"manager.py","lineno":304}
{"timestamp":"2026-09-25T20:20:47.528068Z","level":"info","event":"Filling up the DagBag from /opt/airflow/dags/stock_pipeline_dag.py","map_index":-1,"ti_id":"01a0da35-b1a7-7169-8fb8-92874abe3e1a","run_id":"scheduled__2026-09-25T00:00:00+00:00","task_id":"fetch_and_load_stock_data","dag_id":"stock_market_elt_pipeline","try_number":2,"logger":"airflow.dag_processing.dagbag.BundleDagBag","filename":"dagbag.py","lineno":460}
{"timestamp":"2026-09-25T20:20:48.093281Z","level":"warning","event":"The `airflow.operators.python.PythonOperator` attribute is deprecated. Please use `'airflow.providers.standard.operators.python.PythonOperator'`.","category":"UserWarning","filename":"/opt/airflow/dags/stock_pipeline_dag.py","lineno":7,"map_index":-1,"ti_id":"01a0da35-b1a7-7169-8fb8-92874abe3e1a","run_id":"scheduled__2026-09-25T00:00:00+00:00","task_id":"fetch_and_load_stock_data","dag_id":"stock_market_elt_pipeline","try_number":2,"logger":"py.warnings"}
{"timestamp":"2026-09-25T20:20:48.093527Z","level":"warning","event":"The `airflow.operators.bash.BashOperator` attribute is deprecated. Please use `'airflow.providers.standard.operators.bash.BashOperator'`.","category":"UserWarning","filename":"/opt/airflow/dags/stock_pipeline_dag.py","lineno":8,"map_index":-1,"ti_id":"01a0da35-b1a7-7169-8fb8-92874abe3e1a","run_id":"scheduled__2026-09-25T00:00:00+00:00","task_id":"fetch_and_load_stock_data","dag_id":"stock_market_elt_pipeline","try_number":2,"logger":"py.warnings"}
{"timestamp":"2026-09-25T20:20:48.094757Z","level":"info","event":"Worker startup parse complete","bundle_name":"dags-folder","bundle_version":null,"dag_file":"stock_pipeline_dag.py","dag_id":"stock_market_elt_pipeline","bundle_prepare_ms":3,"dag_file_parse_ms":567,"map_index":-1,"ti_id":"01a0da35-b1a7-7169-8fb8-92874abe3e1a","run_id":"scheduled__2026-09-25T00:00:00+00:00","task_id":"fetch_and_load_stock_data","try_number":2,"logger":"task","filename":"task_runner.py","lineno":1073}
{"timestamp":"2026-09-25T20:20:48.120423Z","level":"info","event":"Task instance is in running state","logger":"task.stdout"}
{"timestamp":"2026-09-25T20:20:48.121247Z","level":"info","event":" Previous state of the Task instance: TaskInstanceState.QUEUED","logger":"task.stdout"}
{"timestamp":"2026-09-25T20:20:48.122091Z","level":"info","event":"Current task name:fetch_and_load_stock_data","logger":"task.stdout"}
{"timestamp":"2026-09-25T20:20:48.122800Z","level":"info","event":"Dag name:stock_market_elt_pipeline","logger":"task.stdout"}
{"timestamp":"2026-09-25T20:20:48.120894Z","level":"info","event":"::endgroup::","map_index":-1,"ti_id":"01a0da35-b1a7-7169-8fb8-92874abe3e1a","run_id":"scheduled__2026-09-25T00:00:00+00:00","task_id":"fetch_and_load_stock_data","dag_id":"stock_market_elt_pipeline","try_number":2,"logger":"task","filename":"task_runner.py","lineno":2232}
{"timestamp":"2026-09-25T20:20:48.124237Z","level":"info","event":"Inizio estrazione dati finanziari con yfinance...","logger":"task.stdout"}
{"timestamp":"2026-09-25T20:20:49.063832Z","level":"info","event":"Estratte 25 righe di dati. Inizio caricamento su PostgreSQL...","logger":"task.stdout"}
{"timestamp":"2026-09-25T20:20:49.096080Z","level":"info","event":"Caricamento completato con successo!","logger":"task.stdout"}
{"timestamp":"2026-09-25T20:20:49.096756Z","level":"info","event":"Done. Returned value was: None","map_index":-1,"ti_id":"01a0da35-b1a7-7169-8fb8-92874abe3e1a","run_id":"scheduled__2026-09-25T00:00:00+00:00","task_id":"fetch_and_load_stock_data","dag_id":"stock_market_elt_pipeline","try_number":2,"logger":"airflow.task.operators.airflow.providers.standard.operators.python.PythonOperator","filename":"python.py","lineno":233}
{"timestamp":"2026-09-25T20:20:49.097124Z","level":"info","event":"::group::Post Execute","map_index":-1,"ti_id":"01a0da35-b1a7-7169-8fb8-92874abe3e1a","run_id":"scheduled__2026-09-25T00:00:00+00:00","task_id":"fetch_and_load_stock_data","dag_id":"stock_market_elt_pipeline","try_number":2,"logger":"task","filename":"task_runner.py","lineno":1580}
{"timestamp":"2026-09-25T20:20:49.117412Z","level":"info","event":"Task instance in success state","logger":"task.stdout"}
{"timestamp":"2026-09-25T20:20:49.118446Z","level":"info","event":" Previous state of the Task instance: TaskInstanceState.RUNNING","logger":"task.stdout"}
{"timestamp":"2026-09-25T20:20:49.119152Z","level":"info","event":"Task operator:<Task(PythonOperator): fetch_and_load_stock_data>","logger":"task.stdout"}
{"timestamp":"2026-09-25T20:20:49.117777Z","level":"info","event":"::endgroup::","map_index":-1,"ti_id":"01a0da35-b1a7-7169-8fb8-92874abe3e1a","run_id":"scheduled__2026-09-25T00:00:00+00:00","task_id":"fetch_and_load_stock_data","dag_id":"stock_market_elt_pipeline","try_number":2,"logger":"task","filename":"task_runner.py","lineno":2379}
