{"timestamp":"2026-09-26T12:44:14.061600Z","level":"info","event":"::group::Pre Execute","logger":"task","filename":"task_runner.py","lineno":2412}
{"timestamp":"2026-09-26T12:44:14.147620Z","level":"info","event":"DAG bundles loaded: dags-folder, example_dags, apache-airflow-providers-common-sql-example-dags, apache-airflow-providers-standard-example-dags","task_id":"fetch_and_load_stock_data","dag_id":"stock_market_elt_pipeline","run_id":"manual__2026-09-26T12:44:13.806071+00:00","try_number":1,"map_index":-1,"ti_id":"01a0ddbe-a47a-77ea-8bd2-51779935c964","logger":"airflow.dag_processing.bundles.manager.DagBundlesManager","filename":"manager.py","lineno":304}
{"timestamp":"2026-09-26T12:44:14.149534Z","level":"info","event":"Filling up the DagBag from /opt/airflow/dags/stock_pipeline_dag.py","task_id":"fetch_and_load_stock_data","dag_id":"stock_market_elt_pipeline","run_id":"manual__2026-09-26T12:44:13.806071+00:00","try_number":1,"map_index":-1,"ti_id":"01a0ddbe-a47a-77ea-8bd2-51779935c964","logger":"airflow.dag_processing.dagbag.BundleDagBag","filename":"dagbag.py","lineno":460}
{"timestamp":"2026-09-26T12:44:14.728900Z","level":"warning","event":"The `airflow.operators.python.PythonOperator` attribute is deprecated. Please use `'airflow.providers.standard.operators.python.PythonOperator'`.","category":"UserWarning","filename":"/opt/airflow/dags/stock_pipeline_dag.py","lineno":3,"task_id":"fetch_and_load_stock_data","dag_id":"stock_market_elt_pipeline","run_id":"manual__2026-09-26T12:44:13.806071+00:00","try_number":1,"map_index":-1,"ti_id":"01a0ddbe-a47a-77ea-8bd2-51779935c964","logger":"py.warnings"}
{"timestamp":"2026-09-26T12:44:14.729134Z","level":"warning","event":"The `airflow.operators.bash.BashOperator` attribute is deprecated. Please use `'airflow.providers.standard.operators.bash.BashOperator'`.","category":"UserWarning","filename":"/opt/airflow/dags/stock_pipeline_dag.py","lineno":4,"task_id":"fetch_and_load_stock_data","dag_id":"stock_market_elt_pipeline","run_id":"manual__2026-09-26T12:44:13.806071+00:00","try_number":1,"map_index":-1,"ti_id":"01a0ddbe-a47a-77ea-8bd2-51779935c964","logger":"py.warnings"}
{"timestamp":"2026-09-26T12:44:14.730314Z","level":"info","event":"Worker startup parse complete","bundle_name":"dags-folder","bundle_version":null,"dag_file":"stock_pipeline_dag.py","dag_id":"stock_market_elt_pipeline","bundle_prepare_ms":3,"dag_file_parse_ms":581,"task_id":"fetch_and_load_stock_data","run_id":"manual__2026-09-26T12:44:13.806071+00:00","try_number":1,"map_index":-1,"ti_id":"01a0ddbe-a47a-77ea-8bd2-51779935c964","logger":"task","filename":"task_runner.py","lineno":1073}
{"timestamp":"2026-09-26T12:44:14.751098Z","level":"info","event":"Task instance is in running state","logger":"task.stdout"}
{"timestamp":"2026-09-26T12:44:14.751965Z","level":"info","event":" Previous state of the Task instance: TaskInstanceState.QUEUED","logger":"task.stdout"}
{"timestamp":"2026-09-26T12:44:14.752865Z","level":"info","event":"Current task name:fetch_and_load_stock_data","logger":"task.stdout"}
{"timestamp":"2026-09-26T12:44:14.753570Z","level":"info","event":"Dag name:stock_market_elt_pipeline","logger":"task.stdout"}
{"timestamp":"2026-09-26T12:44:14.751489Z","level":"info","event":"::endgroup::","task_id":"fetch_and_load_stock_data","dag_id":"stock_market_elt_pipeline","run_id":"manual__2026-09-26T12:44:13.806071+00:00","try_number":1,"map_index":-1,"ti_id":"01a0ddbe-a47a-77ea-8bd2-51779935c964","logger":"task","filename":"task_runner.py","lineno":2232}
{"timestamp":"2026-09-26T12:44:14.754952Z","level":"info","event":"Inizio estrazione incrementale blindata con yfinance...","logger":"task.stdout"}
{"timestamp":"2026-09-26T12:44:14.781496Z","level":"info","event":"[AAPL] Ultima data nel DB: 2026-09-25. Scarico dal 2026-09-25...","logger":"task.stdout"}
{"timestamp":"2026-09-26T12:44:15.270657Z","level":"info","event":"[AAPL] Nessuna nuova riga (già aggiornato).","logger":"task.stdout"}
{"timestamp":"2026-09-26T12:44:15.274873Z","level":"info","event":"[MSFT] Ultima data nel DB: 2026-09-25. Scarico dal 2026-09-25...","logger":"task.stdout"}
{"timestamp":"2026-09-26T12:44:15.378178Z","level":"info","event":"[MSFT] Nessuna nuova riga (già aggiornato).","logger":"task.stdout"}
{"timestamp":"2026-09-26T12:44:15.381310Z","level":"info","event":"[TSLA] Ultima data nel DB: 2026-09-25. Scarico dal 2026-09-25...","logger":"task.stdout"}
{"timestamp":"2026-09-26T12:44:15.464322Z","level":"info","event":"[TSLA] Nessuna nuova riga (già aggiornato).","logger":"task.stdout"}
{"timestamp":"2026-09-26T12:44:15.467260Z","level":"info","event":"[GOOGL] Ultima data nel DB: 2026-09-25. Scarico dal 2026-09-25...","logger":"task.stdout"}
{"timestamp":"2026-09-26T12:44:15.547237Z","level":"info","event":"[GOOGL] Nessuna nuova riga (già aggiornato).","logger":"task.stdout"}
{"timestamp":"2026-09-26T12:44:15.552924Z","level":"info","event":"[AMZN] Ultima data nel DB: 2026-09-25. Scarico dal 2026-09-25...","logger":"task.stdout"}
{"timestamp":"2026-09-26T12:44:15.693068Z","level":"info","event":"[AMZN] Nessuna nuova riga (già aggiornato).","logger":"task.stdout"}
{"timestamp":"2026-09-26T12:44:15.694086Z","level":"info","event":"Nessun nuovo dato da caricare per nessun ticker.","logger":"task.stdout"}
{"timestamp":"2026-09-26T12:44:15.693188Z","level":"info","event":"Done. Returned value was: None","task_id":"fetch_and_load_stock_data","dag_id":"stock_market_elt_pipeline","run_id":"manual__2026-09-26T12:44:13.806071+00:00","try_number":1,"map_index":-1,"ti_id":"01a0ddbe-a47a-77ea-8bd2-51779935c964","logger":"airflow.task.operators.airflow.providers.standard.operators.python.PythonOperator","filename":"python.py","lineno":233}
{"timestamp":"2026-09-26T12:44:15.693325Z","level":"info","event":"::group::Post Execute","task_id":"fetch_and_load_stock_data","dag_id":"stock_market_elt_pipeline","run_id":"manual__2026-09-26T12:44:13.806071+00:00","try_number":1,"map_index":-1,"ti_id":"01a0ddbe-a47a-77ea-8bd2-51779935c964","logger":"task","filename":"task_runner.py","lineno":1580}
{"timestamp":"2026-09-26T12:44:15.710118Z","level":"info","event":"Task instance in success state","logger":"task.stdout"}
{"timestamp":"2026-09-26T12:44:15.711297Z","level":"info","event":" Previous state of the Task instance: TaskInstanceState.RUNNING","logger":"task.stdout"}
{"timestamp":"2026-09-26T12:44:15.711842Z","level":"info","event":"Task operator:<Task(PythonOperator): fetch_and_load_stock_data>","logger":"task.stdout"}
{"timestamp":"2026-09-26T12:44:15.710466Z","level":"info","event":"::endgroup::","task_id":"fetch_and_load_stock_data","dag_id":"stock_market_elt_pipeline","run_id":"manual__2026-09-26T12:44:13.806071+00:00","try_number":1,"map_index":-1,"ti_id":"01a0ddbe-a47a-77ea-8bd2-51779935c964","logger":"task","filename":"task_runner.py","lineno":2379}
