{"timestamp":"2026-09-26T12:23:20.464889Z","level":"info","event":"::group::Pre Execute","logger":"task","filename":"task_runner.py","lineno":2412}
{"timestamp":"2026-09-26T12:23:20.495476Z","level":"info","event":"DAG bundles loaded: dags-folder, example_dags, apache-airflow-providers-common-sql-example-dags, apache-airflow-providers-standard-example-dags","try_number":1,"task_id":"fetch_and_load_stock_data","run_id":"manual__2026-09-26T12:23:19.686304+00:00","ti_id":"01a0ddab-819a-781b-8faa-f59a4315a748","map_index":-1,"dag_id":"stock_market_elt_pipeline","logger":"airflow.dag_processing.bundles.manager.DagBundlesManager","filename":"manager.py","lineno":304}
{"timestamp":"2026-09-26T12:23:20.498119Z","level":"info","event":"Filling up the DagBag from /opt/airflow/dags/stock_pipeline_dag.py","try_number":1,"task_id":"fetch_and_load_stock_data","run_id":"manual__2026-09-26T12:23:19.686304+00:00","ti_id":"01a0ddab-819a-781b-8faa-f59a4315a748","map_index":-1,"dag_id":"stock_market_elt_pipeline","logger":"airflow.dag_processing.dagbag.BundleDagBag","filename":"dagbag.py","lineno":460}
{"timestamp":"2026-09-26T12:23:21.137931Z","level":"warning","event":"The `airflow.operators.python.PythonOperator` attribute is deprecated. Please use `'airflow.providers.standard.operators.python.PythonOperator'`.","category":"UserWarning","filename":"/opt/airflow/dags/stock_pipeline_dag.py","lineno":7,"try_number":1,"task_id":"fetch_and_load_stock_data","run_id":"manual__2026-09-26T12:23:19.686304+00:00","ti_id":"01a0ddab-819a-781b-8faa-f59a4315a748","map_index":-1,"dag_id":"stock_market_elt_pipeline","logger":"py.warnings"}
{"timestamp":"2026-09-26T12:23:21.138144Z","level":"warning","event":"The `airflow.operators.bash.BashOperator` attribute is deprecated. Please use `'airflow.providers.standard.operators.bash.BashOperator'`.","category":"UserWarning","filename":"/opt/airflow/dags/stock_pipeline_dag.py","lineno":8,"try_number":1,"task_id":"fetch_and_load_stock_data","run_id":"manual__2026-09-26T12:23:19.686304+00:00","ti_id":"01a0ddab-819a-781b-8faa-f59a4315a748","map_index":-1,"dag_id":"stock_market_elt_pipeline","logger":"py.warnings"}
{"timestamp":"2026-09-26T12:23:21.139613Z","level":"info","event":"Worker startup parse complete","bundle_name":"dags-folder","bundle_version":null,"dag_file":"stock_pipeline_dag.py","dag_id":"stock_market_elt_pipeline","bundle_prepare_ms":4,"dag_file_parse_ms":643,"try_number":1,"task_id":"fetch_and_load_stock_data","run_id":"manual__2026-09-26T12:23:19.686304+00:00","ti_id":"01a0ddab-819a-781b-8faa-f59a4315a748","map_index":-1,"logger":"task","filename":"task_runner.py","lineno":1073}
{"timestamp":"2026-09-26T12:23:21.159859Z","level":"info","event":"Task instance is in running state","logger":"task.stdout"}
{"timestamp":"2026-09-26T12:23:21.163807Z","level":"info","event":" Previous state of the Task instance: TaskInstanceState.QUEUED","logger":"task.stdout"}
{"timestamp":"2026-09-26T12:23:21.165735Z","level":"info","event":"Current task name:fetch_and_load_stock_data","logger":"task.stdout"}
{"timestamp":"2026-09-26T12:23:21.167171Z","level":"info","event":"Dag name:stock_market_elt_pipeline","logger":"task.stdout"}
{"timestamp":"2026-09-26T12:23:21.167859Z","level":"info","event":"Inizio estrazione incrementale dati finanziari con yfinance...","logger":"task.stdout"}
{"timestamp":"2026-09-26T12:23:21.160189Z","level":"info","event":"::endgroup::","try_number":1,"task_id":"fetch_and_load_stock_data","run_id":"manual__2026-09-26T12:23:19.686304+00:00","ti_id":"01a0ddab-819a-781b-8faa-f59a4315a748","map_index":-1,"dag_id":"stock_market_elt_pipeline","logger":"task","filename":"task_runner.py","lineno":2232}
{"timestamp":"2026-09-26T12:23:21.205351Z","level":"info","event":"[AAPL] Ultima data nel DB: 2026-09-25. Scarico dal 2026-09-26...","logger":"task.stdout"}
{"timestamp":"2026-09-26T12:23:21.836774Z","level":"info","event":"[MSFT] Ultima data nel DB: 2026-09-25. Scarico dal 2026-09-26...","logger":"task.stdout"}
{"timestamp":"2026-09-26T12:23:21.934985Z","level":"info","event":"[TSLA] Ultima data nel DB: 2026-09-25. Scarico dal 2026-09-26...","logger":"task.stdout"}
{"timestamp":"2026-09-26T12:23:22.009583Z","level":"info","event":"[GOOGL] Ultima data nel DB: 2026-09-25. Scarico dal 2026-09-26...","logger":"task.stdout"}
{"timestamp":"2026-09-26T12:23:22.094352Z","level":"info","event":"[AMZN] Ultima data nel DB: 2026-09-25. Scarico dal 2026-09-26...","logger":"task.stdout"}
{"timestamp":"2026-09-26T12:23:22.181843Z","level":"info","event":"Caricamento completato: aggiunte 5 nuove righe.","logger":"task.stdout"}
{"timestamp":"2026-09-26T12:23:22.181996Z","level":"info","event":"Done. Returned value was: None","try_number":1,"task_id":"fetch_and_load_stock_data","run_id":"manual__2026-09-26T12:23:19.686304+00:00","ti_id":"01a0ddab-819a-781b-8faa-f59a4315a748","map_index":-1,"dag_id":"stock_market_elt_pipeline","logger":"airflow.task.operators.airflow.providers.standard.operators.python.PythonOperator","filename":"python.py","lineno":233}
{"timestamp":"2026-09-26T12:23:22.182146Z","level":"info","event":"::group::Post Execute","try_number":1,"task_id":"fetch_and_load_stock_data","run_id":"manual__2026-09-26T12:23:19.686304+00:00","ti_id":"01a0ddab-819a-781b-8faa-f59a4315a748","map_index":-1,"dag_id":"stock_market_elt_pipeline","logger":"task","filename":"task_runner.py","lineno":1580}
{"timestamp":"2026-09-26T12:23:22.198239Z","level":"info","event":"Task instance in success state","logger":"task.stdout"}
{"timestamp":"2026-09-26T12:23:22.199050Z","level":"info","event":" Previous state of the Task instance: TaskInstanceState.RUNNING","logger":"task.stdout"}
{"timestamp":"2026-09-26T12:23:22.199666Z","level":"info","event":"Task operator:<Task(PythonOperator): fetch_and_load_stock_data>","logger":"task.stdout"}
{"timestamp":"2026-09-26T12:23:22.198616Z","level":"info","event":"::endgroup::","try_number":1,"task_id":"fetch_and_load_stock_data","run_id":"manual__2026-09-26T12:23:19.686304+00:00","ti_id":"01a0ddab-819a-781b-8faa-f59a4315a748","map_index":-1,"dag_id":"stock_market_elt_pipeline","logger":"task","filename":"task_runner.py","lineno":2379}
