[0m20:56:46.535080 [debug] [MainThread]: Sending event: {'category': 'dbt', 'action': 'invocation', 'label': 'start', 'context': [<snowplow_tracker.self_describing_json.SelfDescribingJson object at 0x000002AB23254490>, <snowplow_tracker.self_describing_json.SelfDescribingJson object at 0x000002AB247BFC10>, <snowplow_tracker.self_describing_json.SelfDescribingJson object at 0x000002AB247BFDF0>]}


============================== 20:56:46.542072 | 1da48702-fe32-4afe-b89f-2652af99e589 ==============================
[0m20:56:46.542072 [info ] [MainThread]: Running with dbt=1.12.5
[0m20:56:46.542072 [debug] [MainThread]: running dbt with arguments {'static_parser': 'True', 'no_print': 'None', 'version_check': 'True', 'target_path': 'None', 'warn_error_options': 'WarnErrorOptionsV2(error=[], warn=[], silence=[])', 'maximum_seed_size_mib': '1', 'printer_width': '80', 'write_json': 'True', 'introspect': 'True', 'log_cache_events': 'False', 'empty': 'None', 'cache_selected_only': 'False', 'log_format': 'default', 'debug': 'False', 'fail_fast': 'False', 'partial_parse': 'True', 'send_anonymous_usage_stats': 'True', 'quiet': 'False', 'warn_error': 'None', 'profiles_dir': 'C:\\Users\\chris\\.dbt', 'indirect_selection': 'eager', 'hints_enabled': 'True', 'use_colors': 'True', 'use_experimental_parser': 'False', 'invocation_command': 'dbt init financial_analytics', 'log_path': 'logs'}
[0m20:56:46.595843 [debug] [MainThread]: Starter project path: C:\Users\chris\AppData\Local\Programs\Python\Python310\lib\site-packages\dbt\include\starter_project
[0m20:56:46.671949 [info ] [MainThread]: Setting up your profile.
[0m20:57:32.673071 [info ] [MainThread]: Profile financial_analytics written to C:\Users\chris\.dbt\profiles.yml using target's profile_template.yml and your supplied values.
[0m20:57:32.677582 [info ] [MainThread]: Running dbt debug to validate the project...
[0m20:57:32.678160 [info ] [MainThread]: dbt version: 1.12.5
[0m20:57:32.679166 [info ] [MainThread]: python version: 3.10.0
[0m20:57:32.679166 [info ] [MainThread]: python path: C:\Users\chris\AppData\Local\Programs\Python\Python310\python.exe
[0m20:57:32.679166 [info ] [MainThread]: os info: Windows-10-10.0.26200-SP0
[0m20:57:32.713753 [info ] [MainThread]: Using profiles dir at C:\Users\chris\.dbt
[0m20:57:32.713753 [info ] [MainThread]: Using profiles.yml file at C:\Users\chris\.dbt\profiles.yml
[0m20:57:32.715260 [info ] [MainThread]: Using dbt_project.yml file at C:\Users\chris\airflow-project\financial_analytics\dbt_project.yml
[0m20:57:32.717267 [info ] [MainThread]: adapter type: postgres
[0m20:57:32.717267 [info ] [MainThread]: adapter version: 1.11.0
[0m20:57:32.868983 [info ] [MainThread]: Configuration:
[0m20:57:32.869977 [info ] [MainThread]:   profiles.yml file [[32mOK found and valid[0m]
[0m20:57:32.869977 [info ] [MainThread]:   dbt_project.yml file [[32mOK found and valid[0m]
[0m20:57:32.869977 [info ] [MainThread]: Required dependencies:
[0m20:57:32.871293 [debug] [MainThread]: Executing "git --help"
[0m20:57:32.875797 [info ] [MainThread]:  - git [[31mERROR[0m]

[0m20:57:32.875797 [info ] [MainThread]: Connection:
[0m20:57:32.876800 [info ] [MainThread]:   host: localhost
[0m20:57:32.876800 [info ] [MainThread]:   port: 5432
[0m20:57:32.877799 [info ] [MainThread]:   user: airflow
[0m20:57:32.877799 [info ] [MainThread]:   database: airflow
[0m20:57:32.877799 [info ] [MainThread]:   schema: public
[0m20:57:32.877799 [info ] [MainThread]:   connect_timeout: 10
[0m20:57:32.878799 [info ] [MainThread]:   role: None
[0m20:57:32.878799 [info ] [MainThread]:   search_path: None
[0m20:57:32.878799 [info ] [MainThread]:   keepalives_idle: 0
[0m20:57:32.878799 [info ] [MainThread]:   sslmode: None
[0m20:57:32.878799 [info ] [MainThread]:   sslcert: None
[0m20:57:32.879800 [info ] [MainThread]:   sslkey: None
[0m20:57:32.879800 [info ] [MainThread]:   sslrootcert: None
[0m20:57:32.879800 [info ] [MainThread]:   application_name: dbt
[0m20:57:32.879800 [info ] [MainThread]:   autocommit: False
[0m20:57:32.879800 [info ] [MainThread]:   retries: 1
[0m20:57:32.881393 [info ] [MainThread]: Registered adapter: postgres=1.11.0
[0m20:57:33.345480 [debug] [MainThread]: Acquiring new postgres connection 'debug'
[0m20:57:34.930041 [debug] [MainThread]: Using postgres connection "debug"
[0m20:57:34.931045 [debug] [MainThread]: On debug: select 1 as id
[0m20:57:34.931045 [debug] [MainThread]: Opening a new connection, currently in state init
[0m20:57:34.986595 [debug] [MainThread]: Postgres adapter: Got a retryable error when attempting to open a postgres connection.
1 attempts remaining. Retrying in 0 seconds.
Error:
connection to server at "localhost" (::1), port 5432 failed: FATAL:  password authentication failed for user "airflow"

[0m20:57:35.128172 [debug] [MainThread]: Postgres adapter: Error running SQL: select 1 as id
[0m20:57:35.128172 [debug] [MainThread]: Postgres adapter: Rolling back transaction.
[0m20:57:35.129173 [debug] [MainThread]: On debug: No close available on handle
[0m20:57:35.129173 [info ] [MainThread]:   Connection test: [[31mERROR[0m]

[0m20:57:35.129173 [info ] [MainThread]: [31m2 checks failed:[0m
[0m20:57:35.129173 [info ] [MainThread]: Error from git --help: Could not find command, ensure it is in the user's PATH and that the user has permissions to run it: "git"

[0m20:57:35.130173 [info ] [MainThread]: dbt was unable to connect to the specified database.
The database returned the following error:

  >Database Error
  connection to server at "localhost" (::1), port 5432 failed: FATAL:  password authentication failed for user "airflow"
  

Check your database credentials and try again. For more information, visit:
https://docs.getdbt.com/docs/configure-your-profile


[0m20:57:35.131175 [info ] [MainThread]: Your new dbt project "financial_analytics" was created!
Initialized new project in C:\Users\chris\airflow-project\financial_analytics\financial_analytics

For more information on how to configure the profiles.yml file,
please consult the dbt documentation here:

  https://docs.getdbt.com/docs/configure-your-profile

One more thing:

Need help? Don't hesitate to reach out to us via GitHub issues or on Slack:

  https://community.getdbt.com/

Happy modeling!

[0m20:57:35.131175 [info ] [MainThread]: [31mYour profile may need adjustments. You can find the logs of `dbt debug` above[0m
[0m20:57:35.132174 [debug] [MainThread]: Command `dbt init` succeeded at 20:57:35.132174 after 48.72 seconds
[0m20:57:35.132174 [debug] [MainThread]: Connection 'debug' was properly closed.
[0m20:57:35.133173 [debug] [MainThread]: Sending event: {'category': 'dbt', 'action': 'invocation', 'label': 'end', 'context': [<snowplow_tracker.self_describing_json.SelfDescribingJson object at 0x000002AB23254490>, <snowplow_tracker.self_describing_json.SelfDescribingJson object at 0x000002AB247BFFD0>, <snowplow_tracker.self_describing_json.SelfDescribingJson object at 0x000002AB24887A60>]}
[0m20:57:35.133173 [debug] [MainThread]: Flushing usage events
[0m20:57:35.643454 [debug] [MainThread]: An error was encountered while trying to flush usage events
[0m21:54:48.518961 [debug] [MainThread]: Sending event: {'category': 'dbt', 'action': 'invocation', 'label': 'start', 'context': [<snowplow_tracker.self_describing_json.SelfDescribingJson object at 0x00000299A5FD4490>, <snowplow_tracker.self_describing_json.SelfDescribingJson object at 0x00000299A752BBE0>, <snowplow_tracker.self_describing_json.SelfDescribingJson object at 0x00000299A752BDC0>]}


============================== 21:54:48.523675 | d885ee3f-9fb7-4d68-8883-581315618eb0 ==============================
[0m21:54:48.523675 [info ] [MainThread]: Running with dbt=1.12.5
[0m21:54:48.524683 [debug] [MainThread]: running dbt with arguments {'static_parser': 'True', 'no_print': 'None', 'version_check': 'True', 'target_path': 'None', 'warn_error_options': 'WarnErrorOptionsV2(error=[], warn=[], silence=[])', 'maximum_seed_size_mib': '1', 'printer_width': '80', 'write_json': 'True', 'introspect': 'True', 'log_cache_events': 'False', 'empty': 'None', 'cache_selected_only': 'False', 'log_format': 'default', 'debug': 'False', 'fail_fast': 'False', 'partial_parse': 'True', 'send_anonymous_usage_stats': 'True', 'quiet': 'False', 'warn_error': 'None', 'profiles_dir': 'C:\\Users\\chris\\.dbt', 'use_colors': 'True', 'hints_enabled': 'True', 'invocation_command': 'dbt debug', 'use_experimental_parser': 'False', 'indirect_selection': 'eager', 'log_path': 'logs'}
[0m21:54:48.552656 [info ] [MainThread]: dbt version: 1.12.5
[0m21:54:48.553662 [info ] [MainThread]: python version: 3.10.0
[0m21:54:48.554671 [info ] [MainThread]: python path: C:\Users\chris\AppData\Local\Programs\Python\Python310\python.exe
[0m21:54:48.554671 [info ] [MainThread]: os info: Windows-10-10.0.26200-SP0
[0m21:54:48.554671 [info ] [MainThread]: Using profiles dir at C:\Users\chris\.dbt
[0m21:54:48.556175 [info ] [MainThread]: Using profiles.yml file at C:\Users\chris\.dbt\profiles.yml
[0m21:54:48.556175 [info ] [MainThread]: Using dbt_project.yml file at C:\Users\chris\airflow-project\dbt_project.yml
[0m21:54:48.556175 [info ] [MainThread]: Configuration:
[0m21:54:48.557181 [info ] [MainThread]:   profiles.yml file [[31mERROR not found[0m]
[0m21:54:48.557181 [info ] [MainThread]:   dbt_project.yml file [[31mERROR not found[0m]
[0m21:54:48.557181 [info ] [MainThread]: Required dependencies:
[0m21:54:48.558182 [debug] [MainThread]: Executing "git --help"
[0m21:54:48.562182 [info ] [MainThread]:  - git [[31mERROR[0m]

[0m21:54:48.562182 [info ] [MainThread]: Connection test skipped since no profile was found
[0m21:54:48.562182 [info ] [MainThread]: [31m3 checks failed:[0m
[0m21:54:48.563687 [info ] [MainThread]: dbt looked for a profiles.yml file in C:\Users\chris\.dbt\profiles.yml, but did
not find one. For more information on configuring your profile, consult the
documentation:

https://docs.getdbt.com/docs/configure-your-profile


[0m21:54:48.563687 [info ] [MainThread]: Project loading failed for the following reason:
 project path <C:\Users\chris\airflow-project\dbt_project.yml> not found

[0m21:54:48.563687 [info ] [MainThread]: Error from git --help: Could not find command, ensure it is in the user's PATH and that the user has permissions to run it: "git"

[0m21:54:48.564701 [debug] [MainThread]: Command `dbt debug` failed at 21:54:48.564701 after 0.14 seconds
[0m21:54:48.565694 [debug] [MainThread]: Sending event: {'category': 'dbt', 'action': 'invocation', 'label': 'end', 'context': [<snowplow_tracker.self_describing_json.SelfDescribingJson object at 0x00000299A5FD4490>, <snowplow_tracker.self_describing_json.SelfDescribingJson object at 0x00000299A752BFA0>, <snowplow_tracker.self_describing_json.SelfDescribingJson object at 0x00000299A74F6AD0>]}
[0m21:54:48.565694 [debug] [MainThread]: Flushing usage events
[0m21:54:49.159834 [debug] [MainThread]: An error was encountered while trying to flush usage events
