{"timestamp":"2026-09-26T12:29:44.176493Z","level":"info","event":"::group::Pre Execute","logger":"task","filename":"task_runner.py","lineno":2412}
{"timestamp":"2026-09-26T12:29:47.924243Z","level":"info","event":"DAG bundles loaded: dags-folder, example_dags, apache-airflow-providers-common-sql-example-dags, apache-airflow-providers-standard-example-dags","run_id":"manual__2026-09-26T12:29:42.855721+00:00","dag_id":"stock_market_elt_pipeline","task_id":"fetch_and_load_stock_data","map_index":-1,"try_number":1,"ti_id":"01a0ddb1-5a68-7f98-9a6f-9ab2ade1be35","logger":"airflow.dag_processing.bundles.manager.DagBundlesManager","filename":"manager.py","lineno":304}
{"timestamp":"2026-09-26T12:29:47.925928Z","level":"info","event":"Filling up the DagBag from /opt/airflow/dags/stock_pipeline_dag.py","run_id":"manual__2026-09-26T12:29:42.855721+00:00","dag_id":"stock_market_elt_pipeline","task_id":"fetch_and_load_stock_data","map_index":-1,"try_number":1,"ti_id":"01a0ddb1-5a68-7f98-9a6f-9ab2ade1be35","logger":"airflow.dag_processing.dagbag.BundleDagBag","filename":"dagbag.py","lineno":460}
{"timestamp":"2026-09-26T12:29:49.632672Z","level":"warning","event":"The `airflow.operators.python.PythonOperator` attribute is deprecated. Please use `'airflow.providers.standard.operators.python.PythonOperator'`.","category":"UserWarning","filename":"/opt/airflow/dags/stock_pipeline_dag.py","lineno":7,"run_id":"manual__2026-09-26T12:29:42.855721+00:00","dag_id":"stock_market_elt_pipeline","task_id":"fetch_and_load_stock_data","map_index":-1,"try_number":1,"ti_id":"01a0ddb1-5a68-7f98-9a6f-9ab2ade1be35","logger":"py.warnings"}
{"timestamp":"2026-09-26T12:29:49.632919Z","level":"warning","event":"The `airflow.operators.bash.BashOperator` attribute is deprecated. Please use `'airflow.providers.standard.operators.bash.BashOperator'`.","category":"UserWarning","filename":"/opt/airflow/dags/stock_pipeline_dag.py","lineno":8,"run_id":"manual__2026-09-26T12:29:42.855721+00:00","dag_id":"stock_market_elt_pipeline","task_id":"fetch_and_load_stock_data","map_index":-1,"try_number":1,"ti_id":"01a0ddb1-5a68-7f98-9a6f-9ab2ade1be35","logger":"py.warnings"}
{"timestamp":"2026-09-26T12:29:49.634263Z","level":"info","event":"Worker startup parse complete","bundle_name":"dags-folder","bundle_version":null,"dag_file":"stock_pipeline_dag.py","dag_id":"stock_market_elt_pipeline","bundle_prepare_ms":4,"dag_file_parse_ms":1708,"run_id":"manual__2026-09-26T12:29:42.855721+00:00","task_id":"fetch_and_load_stock_data","map_index":-1,"try_number":1,"ti_id":"01a0ddb1-5a68-7f98-9a6f-9ab2ade1be35","logger":"task","filename":"task_runner.py","lineno":1073}
{"timestamp":"2026-09-26T12:29:49.663316Z","level":"info","event":"Task instance is in running state","logger":"task.stdout"}
{"timestamp":"2026-09-26T12:29:49.664632Z","level":"info","event":" Previous state of the Task instance: TaskInstanceState.QUEUED","logger":"task.stdout"}
{"timestamp":"2026-09-26T12:29:49.665314Z","level":"info","event":"Current task name:fetch_and_load_stock_data","logger":"task.stdout"}
{"timestamp":"2026-09-26T12:29:49.665802Z","level":"info","event":"Dag name:stock_market_elt_pipeline","logger":"task.stdout"}
{"timestamp":"2026-09-26T12:29:49.663664Z","level":"info","event":"::endgroup::","run_id":"manual__2026-09-26T12:29:42.855721+00:00","dag_id":"stock_market_elt_pipeline","task_id":"fetch_and_load_stock_data","map_index":-1,"try_number":1,"ti_id":"01a0ddb1-5a68-7f98-9a6f-9ab2ade1be35","logger":"task","filename":"task_runner.py","lineno":2232}
{"timestamp":"2026-09-26T12:29:49.666897Z","level":"info","event":"Inizio estrazione incrementale blindata...","logger":"task.stdout"}
{"timestamp":"2026-09-26T12:29:49.684211Z","level":"info","event":"[AAPL] Nessun dato precedente. Scarico storico di 1 mese...","logger":"task.stdout"}
{"timestamp":"2026-09-26T12:29:50.709368Z","level":"info","event":"[AAPL] Trovate 22 nuove righe da aggiungere.","logger":"task.stdout"}
{"timestamp":"2026-09-26T12:29:50.712160Z","level":"info","event":"[MSFT] Nessun dato precedente. Scarico storico di 1 mese...","logger":"task.stdout"}
{"timestamp":"2026-09-26T12:29:50.903179Z","level":"info","event":"[MSFT] Trovate 22 nuove righe da aggiungere.","logger":"task.stdout"}
{"timestamp":"2026-09-26T12:29:50.904714Z","level":"info","event":"[TSLA] Nessun dato precedente. Scarico storico di 1 mese...","logger":"task.stdout"}
{"timestamp":"2026-09-26T12:29:51.046569Z","level":"info","event":"[TSLA] Trovate 22 nuove righe da aggiungere.","logger":"task.stdout"}
{"timestamp":"2026-09-26T12:29:51.048603Z","level":"info","event":"[GOOGL] Nessun dato precedente. Scarico storico di 1 mese...","logger":"task.stdout"}
{"timestamp":"2026-09-26T12:29:51.209734Z","level":"info","event":"[GOOGL] Trovate 22 nuove righe da aggiungere.","logger":"task.stdout"}
{"timestamp":"2026-09-26T12:29:51.212453Z","level":"info","event":"[AMZN] Nessun dato precedente. Scarico storico di 1 mese...","logger":"task.stdout"}
{"timestamp":"2026-09-26T12:29:51.358416Z","level":"info","event":"[AMZN] Trovate 22 nuove righe da aggiungere.","logger":"task.stdout"}
{"timestamp":"2026-09-26T12:29:51.367688Z","level":"info","event":"Caricamento completato: aggiunte 110 nuove righe.","logger":"task.stdout"}
{"timestamp":"2026-09-26T12:29:51.367731Z","level":"info","event":"Done. Returned value was: None","run_id":"manual__2026-09-26T12:29:42.855721+00:00","dag_id":"stock_market_elt_pipeline","task_id":"fetch_and_load_stock_data","map_index":-1,"try_number":1,"ti_id":"01a0ddb1-5a68-7f98-9a6f-9ab2ade1be35","logger":"airflow.task.operators.airflow.providers.standard.operators.python.PythonOperator","filename":"python.py","lineno":233}
{"timestamp":"2026-09-26T12:29:51.367864Z","level":"info","event":"::group::Post Execute","run_id":"manual__2026-09-26T12:29:42.855721+00:00","dag_id":"stock_market_elt_pipeline","task_id":"fetch_and_load_stock_data","map_index":-1,"try_number":1,"ti_id":"01a0ddb1-5a68-7f98-9a6f-9ab2ade1be35","logger":"task","filename":"task_runner.py","lineno":1580}
{"timestamp":"2026-09-26T12:29:51.383065Z","level":"info","event":"Task instance in success state","logger":"task.stdout"}
{"timestamp":"2026-09-26T12:29:51.383961Z","level":"info","event":" Previous state of the Task instance: TaskInstanceState.RUNNING","logger":"task.stdout"}
{"timestamp":"2026-09-26T12:29:51.384587Z","level":"info","event":"Task operator:<Task(PythonOperator): fetch_and_load_stock_data>","logger":"task.stdout"}
{"timestamp":"2026-09-26T12:29:51.383377Z","level":"info","event":"::endgroup::","run_id":"manual__2026-09-26T12:29:42.855721+00:00","dag_id":"stock_market_elt_pipeline","task_id":"fetch_and_load_stock_data","map_index":-1,"try_number":1,"ti_id":"01a0ddb1-5a68-7f98-9a6f-9ab2ade1be35","logger":"task","filename":"task_runner.py","lineno":2379}
