{"timestamp":"2026-09-25T20:26:45.087920Z","level":"info","event":"::group::Pre Execute","logger":"task","filename":"task_runner.py","lineno":2412}
{"timestamp":"2026-09-25T20:26:45.122798Z","level":"info","event":"DAG bundles loaded: dags-folder, example_dags, apache-airflow-providers-common-sql-example-dags, apache-airflow-providers-standard-example-dags","task_id":"fetch_and_load_stock_data","ti_id":"01a0da3f-ba04-77e3-a495-df5675b95a56","dag_id":"stock_market_elt_pipeline","try_number":1,"map_index":-1,"run_id":"manual__2026-09-25T20:26:44.597585+00:00","logger":"airflow.dag_processing.bundles.manager.DagBundlesManager","filename":"manager.py","lineno":304}
{"timestamp":"2026-09-25T20:26:45.125549Z","level":"info","event":"Filling up the DagBag from /opt/airflow/dags/stock_pipeline_dag.py","task_id":"fetch_and_load_stock_data","ti_id":"01a0da3f-ba04-77e3-a495-df5675b95a56","dag_id":"stock_market_elt_pipeline","try_number":1,"map_index":-1,"run_id":"manual__2026-09-25T20:26:44.597585+00:00","logger":"airflow.dag_processing.dagbag.BundleDagBag","filename":"dagbag.py","lineno":460}
{"timestamp":"2026-09-25T20:26:45.649050Z","level":"warning","event":"The `airflow.operators.python.PythonOperator` attribute is deprecated. Please use `'airflow.providers.standard.operators.python.PythonOperator'`.","category":"UserWarning","filename":"/opt/airflow/dags/stock_pipeline_dag.py","lineno":7,"task_id":"fetch_and_load_stock_data","ti_id":"01a0da3f-ba04-77e3-a495-df5675b95a56","dag_id":"stock_market_elt_pipeline","try_number":1,"map_index":-1,"run_id":"manual__2026-09-25T20:26:44.597585+00:00","logger":"py.warnings"}
{"timestamp":"2026-09-25T20:26:45.649297Z","level":"warning","event":"The `airflow.operators.bash.BashOperator` attribute is deprecated. Please use `'airflow.providers.standard.operators.bash.BashOperator'`.","category":"UserWarning","filename":"/opt/airflow/dags/stock_pipeline_dag.py","lineno":8,"task_id":"fetch_and_load_stock_data","ti_id":"01a0da3f-ba04-77e3-a495-df5675b95a56","dag_id":"stock_market_elt_pipeline","try_number":1,"map_index":-1,"run_id":"manual__2026-09-25T20:26:44.597585+00:00","logger":"py.warnings"}
{"timestamp":"2026-09-25T20:26:45.650645Z","level":"info","event":"Worker startup parse complete","bundle_name":"dags-folder","bundle_version":null,"dag_file":"stock_pipeline_dag.py","dag_id":"stock_market_elt_pipeline","bundle_prepare_ms":4,"dag_file_parse_ms":525,"task_id":"fetch_and_load_stock_data","ti_id":"01a0da3f-ba04-77e3-a495-df5675b95a56","try_number":1,"map_index":-1,"run_id":"manual__2026-09-25T20:26:44.597585+00:00","logger":"task","filename":"task_runner.py","lineno":1073}
{"timestamp":"2026-09-25T20:26:45.671822Z","level":"info","event":"Task instance is in running state","logger":"task.stdout"}
{"timestamp":"2026-09-25T20:26:45.672660Z","level":"info","event":" Previous state of the Task instance: TaskInstanceState.QUEUED","logger":"task.stdout"}
{"timestamp":"2026-09-25T20:26:45.673164Z","level":"info","event":"Current task name:fetch_and_load_stock_data","logger":"task.stdout"}
{"timestamp":"2026-09-25T20:26:45.673698Z","level":"info","event":"Dag name:stock_market_elt_pipeline","logger":"task.stdout"}
{"timestamp":"2026-09-25T20:26:45.672160Z","level":"info","event":"::endgroup::","task_id":"fetch_and_load_stock_data","ti_id":"01a0da3f-ba04-77e3-a495-df5675b95a56","dag_id":"stock_market_elt_pipeline","try_number":1,"map_index":-1,"run_id":"manual__2026-09-25T20:26:44.597585+00:00","logger":"task","filename":"task_runner.py","lineno":2232}
{"timestamp":"2026-09-25T20:26:45.675304Z","level":"info","event":"Inizio estrazione dati finanziari con yfinance...","logger":"task.stdout"}
{"timestamp":"2026-09-25T20:26:46.608950Z","level":"info","event":"Estratte 25 righe di dati. Inizio caricamento su PostgreSQL...","logger":"task.stdout"}
{"timestamp":"2026-09-25T20:26:46.634474Z","level":"info","event":"Caricamento completato con successo!","logger":"task.stdout"}
{"timestamp":"2026-09-25T20:26:46.634741Z","level":"info","event":"Done. Returned value was: None","task_id":"fetch_and_load_stock_data","ti_id":"01a0da3f-ba04-77e3-a495-df5675b95a56","dag_id":"stock_market_elt_pipeline","try_number":1,"map_index":-1,"run_id":"manual__2026-09-25T20:26:44.597585+00:00","logger":"airflow.task.operators.airflow.providers.standard.operators.python.PythonOperator","filename":"python.py","lineno":233}
{"timestamp":"2026-09-25T20:26:46.634878Z","level":"info","event":"::group::Post Execute","task_id":"fetch_and_load_stock_data","ti_id":"01a0da3f-ba04-77e3-a495-df5675b95a56","dag_id":"stock_market_elt_pipeline","try_number":1,"map_index":-1,"run_id":"manual__2026-09-25T20:26:44.597585+00:00","logger":"task","filename":"task_runner.py","lineno":1580}
{"timestamp":"2026-09-25T20:26:46.651167Z","level":"info","event":"Task instance in success state","logger":"task.stdout"}
{"timestamp":"2026-09-25T20:26:46.652009Z","level":"info","event":" Previous state of the Task instance: TaskInstanceState.RUNNING","logger":"task.stdout"}
{"timestamp":"2026-09-25T20:26:46.652530Z","level":"info","event":"Task operator:<Task(PythonOperator): fetch_and_load_stock_data>","logger":"task.stdout"}
{"timestamp":"2026-09-25T20:26:46.651599Z","level":"info","event":"::endgroup::","task_id":"fetch_and_load_stock_data","ti_id":"01a0da3f-ba04-77e3-a495-df5675b95a56","dag_id":"stock_market_elt_pipeline","try_number":1,"map_index":-1,"run_id":"manual__2026-09-25T20:26:44.597585+00:00","logger":"task","filename":"task_runner.py","lineno":2379}
