{"timestamp":"2026-09-25T19:56:51.751926Z","level":"info","event":"::group::Pre Execute","logger":"task","filename":"task_runner.py","lineno":2412}
{"timestamp":"2026-09-25T19:56:51.776875Z","level":"info","event":"DAG bundles loaded: dags-folder, example_dags, apache-airflow-providers-common-sql-example-dags, apache-airflow-providers-standard-example-dags","run_id":"manual__2026-09-25T19:56:51.038452+00:00","try_number":1,"task_id":"fetch_and_load_stock_data","ti_id":"01a0da24-5bec-766b-b7ca-fc6b50b91822","dag_id":"stock_market_elt_pipeline","map_index":-1,"logger":"airflow.dag_processing.bundles.manager.DagBundlesManager","filename":"manager.py","lineno":304}
{"timestamp":"2026-09-25T19:56:51.779117Z","level":"info","event":"Filling up the DagBag from /opt/airflow/dags/stock_pipeline_dag.py","run_id":"manual__2026-09-25T19:56:51.038452+00:00","try_number":1,"task_id":"fetch_and_load_stock_data","ti_id":"01a0da24-5bec-766b-b7ca-fc6b50b91822","dag_id":"stock_market_elt_pipeline","map_index":-1,"logger":"airflow.dag_processing.dagbag.BundleDagBag","filename":"dagbag.py","lineno":460}
{"timestamp":"2026-09-25T19:56:52.327335Z","level":"warning","event":"The `airflow.operators.python.PythonOperator` attribute is deprecated. Please use `'airflow.providers.standard.operators.python.PythonOperator'`.","category":"UserWarning","filename":"/opt/airflow/dags/stock_pipeline_dag.py","lineno":7,"run_id":"manual__2026-09-25T19:56:51.038452+00:00","try_number":1,"task_id":"fetch_and_load_stock_data","ti_id":"01a0da24-5bec-766b-b7ca-fc6b50b91822","dag_id":"stock_market_elt_pipeline","map_index":-1,"logger":"py.warnings"}
{"timestamp":"2026-09-25T19:56:52.327543Z","level":"warning","event":"The `airflow.operators.bash.BashOperator` attribute is deprecated. Please use `'airflow.providers.standard.operators.bash.BashOperator'`.","category":"UserWarning","filename":"/opt/airflow/dags/stock_pipeline_dag.py","lineno":8,"run_id":"manual__2026-09-25T19:56:51.038452+00:00","try_number":1,"task_id":"fetch_and_load_stock_data","ti_id":"01a0da24-5bec-766b-b7ca-fc6b50b91822","dag_id":"stock_market_elt_pipeline","map_index":-1,"logger":"py.warnings"}
{"timestamp":"2026-09-25T19:56:52.328457Z","level":"info","event":"Worker startup parse complete","bundle_name":"dags-folder","bundle_version":null,"dag_file":"stock_pipeline_dag.py","dag_id":"stock_market_elt_pipeline","bundle_prepare_ms":3,"dag_file_parse_ms":549,"run_id":"manual__2026-09-25T19:56:51.038452+00:00","try_number":1,"task_id":"fetch_and_load_stock_data","ti_id":"01a0da24-5bec-766b-b7ca-fc6b50b91822","map_index":-1,"logger":"task","filename":"task_runner.py","lineno":1073}
{"timestamp":"2026-09-25T19:56:52.349092Z","level":"info","event":"Task instance is in running state","logger":"task.stdout"}
{"timestamp":"2026-09-25T19:56:52.349935Z","level":"info","event":" Previous state of the Task instance: TaskInstanceState.QUEUED","logger":"task.stdout"}
{"timestamp":"2026-09-25T19:56:52.350396Z","level":"info","event":"Current task name:fetch_and_load_stock_data","logger":"task.stdout"}
{"timestamp":"2026-09-25T19:56:52.350780Z","level":"info","event":"Dag name:stock_market_elt_pipeline","logger":"task.stdout"}
{"timestamp":"2026-09-25T19:56:52.349494Z","level":"info","event":"::endgroup::","run_id":"manual__2026-09-25T19:56:51.038452+00:00","try_number":1,"task_id":"fetch_and_load_stock_data","ti_id":"01a0da24-5bec-766b-b7ca-fc6b50b91822","dag_id":"stock_market_elt_pipeline","map_index":-1,"logger":"task","filename":"task_runner.py","lineno":2232}
{"timestamp":"2026-09-25T19:56:52.351673Z","level":"info","event":"Inizio estrazione dati finanziari con yfinance...","logger":"task.stdout"}
{"timestamp":"2026-09-25T19:56:53.295554Z","level":"info","event":"Estratte 25 righe di dati. Inizio caricamento su PostgreSQL...","logger":"task.stdout"}
{"timestamp":"2026-09-25T19:56:53.322432Z","level":"info","event":"Caricamento completato con successo!","logger":"task.stdout"}
{"timestamp":"2026-09-25T19:56:53.322773Z","level":"info","event":"Done. Returned value was: None","run_id":"manual__2026-09-25T19:56:51.038452+00:00","try_number":1,"task_id":"fetch_and_load_stock_data","ti_id":"01a0da24-5bec-766b-b7ca-fc6b50b91822","dag_id":"stock_market_elt_pipeline","map_index":-1,"logger":"airflow.task.operators.airflow.providers.standard.operators.python.PythonOperator","filename":"python.py","lineno":233}
{"timestamp":"2026-09-25T19:56:53.322927Z","level":"info","event":"::group::Post Execute","run_id":"manual__2026-09-25T19:56:51.038452+00:00","try_number":1,"task_id":"fetch_and_load_stock_data","ti_id":"01a0da24-5bec-766b-b7ca-fc6b50b91822","dag_id":"stock_market_elt_pipeline","map_index":-1,"logger":"task","filename":"task_runner.py","lineno":1580}
{"timestamp":"2026-09-25T19:56:53.339921Z","level":"info","event":"Task instance in success state","logger":"task.stdout"}
{"timestamp":"2026-09-25T19:56:53.340663Z","level":"info","event":" Previous state of the Task instance: TaskInstanceState.RUNNING","logger":"task.stdout"}
{"timestamp":"2026-09-25T19:56:53.341253Z","level":"info","event":"Task operator:<Task(PythonOperator): fetch_and_load_stock_data>","logger":"task.stdout"}
{"timestamp":"2026-09-25T19:56:53.340198Z","level":"info","event":"::endgroup::","run_id":"manual__2026-09-25T19:56:51.038452+00:00","try_number":1,"task_id":"fetch_and_load_stock_data","ti_id":"01a0da24-5bec-766b-b7ca-fc6b50b91822","dag_id":"stock_market_elt_pipeline","map_index":-1,"logger":"task","filename":"task_runner.py","lineno":2379}
