{"timestamp":"2026-09-26T11:32:51.315856Z","level":"info","event":"::group::Pre Execute","logger":"task","filename":"task_runner.py","lineno":2412}
{"timestamp":"2026-09-26T11:32:51.370439Z","level":"info","event":"DAG bundles loaded: dags-folder, example_dags, apache-airflow-providers-common-sql-example-dags, apache-airflow-providers-standard-example-dags","try_number":1,"dag_id":"stock_market_elt_pipeline","map_index":-1,"ti_id":"01a0dd7d-46bc-79e8-8bb9-b08a0895920f","task_id":"fetch_and_load_stock_data","run_id":"manual__2026-09-26T11:32:49.962073+00:00","logger":"airflow.dag_processing.bundles.manager.DagBundlesManager","filename":"manager.py","lineno":304}
{"timestamp":"2026-09-26T11:32:51.373704Z","level":"info","event":"Filling up the DagBag from /opt/airflow/dags/stock_pipeline_dag.py","try_number":1,"dag_id":"stock_market_elt_pipeline","map_index":-1,"ti_id":"01a0dd7d-46bc-79e8-8bb9-b08a0895920f","task_id":"fetch_and_load_stock_data","run_id":"manual__2026-09-26T11:32:49.962073+00:00","logger":"airflow.dag_processing.dagbag.BundleDagBag","filename":"dagbag.py","lineno":460}
{"timestamp":"2026-09-26T11:32:52.586183Z","level":"warning","event":"The `airflow.operators.python.PythonOperator` attribute is deprecated. Please use `'airflow.providers.standard.operators.python.PythonOperator'`.","category":"UserWarning","filename":"/opt/airflow/dags/stock_pipeline_dag.py","lineno":7,"try_number":1,"dag_id":"stock_market_elt_pipeline","map_index":-1,"ti_id":"01a0dd7d-46bc-79e8-8bb9-b08a0895920f","task_id":"fetch_and_load_stock_data","run_id":"manual__2026-09-26T11:32:49.962073+00:00","logger":"py.warnings"}
{"timestamp":"2026-09-26T11:32:52.586396Z","level":"warning","event":"The `airflow.operators.bash.BashOperator` attribute is deprecated. Please use `'airflow.providers.standard.operators.bash.BashOperator'`.","category":"UserWarning","filename":"/opt/airflow/dags/stock_pipeline_dag.py","lineno":8,"try_number":1,"dag_id":"stock_market_elt_pipeline","map_index":-1,"ti_id":"01a0dd7d-46bc-79e8-8bb9-b08a0895920f","task_id":"fetch_and_load_stock_data","run_id":"manual__2026-09-26T11:32:49.962073+00:00","logger":"py.warnings"}
{"timestamp":"2026-09-26T11:32:52.589150Z","level":"info","event":"Worker startup parse complete","bundle_name":"dags-folder","bundle_version":null,"dag_file":"stock_pipeline_dag.py","dag_id":"stock_market_elt_pipeline","bundle_prepare_ms":6,"dag_file_parse_ms":1216,"try_number":1,"map_index":-1,"ti_id":"01a0dd7d-46bc-79e8-8bb9-b08a0895920f","task_id":"fetch_and_load_stock_data","run_id":"manual__2026-09-26T11:32:49.962073+00:00","logger":"task","filename":"task_runner.py","lineno":1073}
{"timestamp":"2026-09-26T11:32:52.625663Z","level":"info","event":"Task instance is in running state","logger":"task.stdout"}
{"timestamp":"2026-09-26T11:32:52.626642Z","level":"info","event":" Previous state of the Task instance: TaskInstanceState.QUEUED","logger":"task.stdout"}
{"timestamp":"2026-09-26T11:32:52.627114Z","level":"info","event":"Current task name:fetch_and_load_stock_data","logger":"task.stdout"}
{"timestamp":"2026-09-26T11:32:52.627559Z","level":"info","event":"Dag name:stock_market_elt_pipeline","logger":"task.stdout"}
{"timestamp":"2026-09-26T11:32:52.626192Z","level":"info","event":"::endgroup::","try_number":1,"dag_id":"stock_market_elt_pipeline","map_index":-1,"ti_id":"01a0dd7d-46bc-79e8-8bb9-b08a0895920f","task_id":"fetch_and_load_stock_data","run_id":"manual__2026-09-26T11:32:49.962073+00:00","logger":"task","filename":"task_runner.py","lineno":2232}
{"timestamp":"2026-09-26T11:32:52.629990Z","level":"info","event":"Inizio estrazione dati finanziari con yfinance...","logger":"task.stdout"}
{"timestamp":"2026-09-26T11:32:53.657295Z","level":"info","event":"Estratte 25 righe di dati. Inizio caricamento su PostgreSQL...","logger":"task.stdout"}
{"timestamp":"2026-09-26T11:32:53.700070Z","level":"info","event":"Caricamento completato con successo!","logger":"task.stdout"}
{"timestamp":"2026-09-26T11:32:53.700412Z","level":"info","event":"Done. Returned value was: None","try_number":1,"dag_id":"stock_market_elt_pipeline","map_index":-1,"ti_id":"01a0dd7d-46bc-79e8-8bb9-b08a0895920f","task_id":"fetch_and_load_stock_data","run_id":"manual__2026-09-26T11:32:49.962073+00:00","logger":"airflow.task.operators.airflow.providers.standard.operators.python.PythonOperator","filename":"python.py","lineno":233}
{"timestamp":"2026-09-26T11:32:53.700671Z","level":"info","event":"::group::Post Execute","try_number":1,"dag_id":"stock_market_elt_pipeline","map_index":-1,"ti_id":"01a0dd7d-46bc-79e8-8bb9-b08a0895920f","task_id":"fetch_and_load_stock_data","run_id":"manual__2026-09-26T11:32:49.962073+00:00","logger":"task","filename":"task_runner.py","lineno":1580}
{"timestamp":"2026-09-26T11:32:53.725054Z","level":"info","event":"Task instance in success state","logger":"task.stdout"}
{"timestamp":"2026-09-26T11:32:53.725965Z","level":"info","event":" Previous state of the Task instance: TaskInstanceState.RUNNING","logger":"task.stdout"}
{"timestamp":"2026-09-26T11:32:53.726654Z","level":"info","event":"Task operator:<Task(PythonOperator): fetch_and_load_stock_data>","logger":"task.stdout"}
{"timestamp":"2026-09-26T11:32:53.725469Z","level":"info","event":"::endgroup::","try_number":1,"dag_id":"stock_market_elt_pipeline","map_index":-1,"ti_id":"01a0dd7d-46bc-79e8-8bb9-b08a0895920f","task_id":"fetch_and_load_stock_data","run_id":"manual__2026-09-26T11:32:49.962073+00:00","logger":"task","filename":"task_runner.py","lineno":2379}
