{"timestamp":"2026-09-26T11:42:02.559048Z","level":"info","event":"::group::Pre Execute","logger":"task","filename":"task_runner.py","lineno":2412}
{"timestamp":"2026-09-26T11:42:02.579849Z","level":"info","event":"DAG bundles loaded: dags-folder, example_dags, apache-airflow-providers-common-sql-example-dags, apache-airflow-providers-standard-example-dags","map_index":-1,"run_id":"manual__2026-09-26T11:42:01.428943+00:00","ti_id":"01a0dd85-b0e0-7f1b-8126-7a30bd8850b8","task_id":"fetch_and_load_stock_data","dag_id":"stock_market_elt_pipeline","try_number":1,"logger":"airflow.dag_processing.bundles.manager.DagBundlesManager","filename":"manager.py","lineno":304}
{"timestamp":"2026-09-26T11:42:02.581330Z","level":"info","event":"Filling up the DagBag from /opt/airflow/dags/stock_pipeline_dag.py","map_index":-1,"run_id":"manual__2026-09-26T11:42:01.428943+00:00","ti_id":"01a0dd85-b0e0-7f1b-8126-7a30bd8850b8","task_id":"fetch_and_load_stock_data","dag_id":"stock_market_elt_pipeline","try_number":1,"logger":"airflow.dag_processing.dagbag.BundleDagBag","filename":"dagbag.py","lineno":460}
{"timestamp":"2026-09-26T11:42:03.186795Z","level":"warning","event":"The `airflow.operators.python.PythonOperator` attribute is deprecated. Please use `'airflow.providers.standard.operators.python.PythonOperator'`.","category":"UserWarning","filename":"/opt/airflow/dags/stock_pipeline_dag.py","lineno":7,"map_index":-1,"run_id":"manual__2026-09-26T11:42:01.428943+00:00","ti_id":"01a0dd85-b0e0-7f1b-8126-7a30bd8850b8","task_id":"fetch_and_load_stock_data","dag_id":"stock_market_elt_pipeline","try_number":1,"logger":"py.warnings"}
{"timestamp":"2026-09-26T11:42:03.187027Z","level":"warning","event":"The `airflow.operators.bash.BashOperator` attribute is deprecated. Please use `'airflow.providers.standard.operators.bash.BashOperator'`.","category":"UserWarning","filename":"/opt/airflow/dags/stock_pipeline_dag.py","lineno":8,"map_index":-1,"run_id":"manual__2026-09-26T11:42:01.428943+00:00","ti_id":"01a0dd85-b0e0-7f1b-8126-7a30bd8850b8","task_id":"fetch_and_load_stock_data","dag_id":"stock_market_elt_pipeline","try_number":1,"logger":"py.warnings"}
{"timestamp":"2026-09-26T11:42:03.188408Z","level":"info","event":"Worker startup parse complete","bundle_name":"dags-folder","bundle_version":null,"dag_file":"stock_pipeline_dag.py","dag_id":"stock_market_elt_pipeline","bundle_prepare_ms":2,"dag_file_parse_ms":607,"map_index":-1,"run_id":"manual__2026-09-26T11:42:01.428943+00:00","ti_id":"01a0dd85-b0e0-7f1b-8126-7a30bd8850b8","task_id":"fetch_and_load_stock_data","try_number":1,"logger":"task","filename":"task_runner.py","lineno":1073}
{"timestamp":"2026-09-26T11:42:03.216082Z","level":"info","event":"Task instance is in running state","logger":"task.stdout"}
{"timestamp":"2026-09-26T11:42:03.216880Z","level":"info","event":" Previous state of the Task instance: TaskInstanceState.QUEUED","logger":"task.stdout"}
{"timestamp":"2026-09-26T11:42:03.217486Z","level":"info","event":"Current task name:fetch_and_load_stock_data","logger":"task.stdout"}
{"timestamp":"2026-09-26T11:42:03.217963Z","level":"info","event":"Dag name:stock_market_elt_pipeline","logger":"task.stdout"}
{"timestamp":"2026-09-26T11:42:03.216432Z","level":"info","event":"::endgroup::","map_index":-1,"run_id":"manual__2026-09-26T11:42:01.428943+00:00","ti_id":"01a0dd85-b0e0-7f1b-8126-7a30bd8850b8","task_id":"fetch_and_load_stock_data","dag_id":"stock_market_elt_pipeline","try_number":1,"logger":"task","filename":"task_runner.py","lineno":2232}
{"timestamp":"2026-09-26T11:42:03.219181Z","level":"info","event":"Inizio estrazione dati finanziari con yfinance...","logger":"task.stdout"}
{"timestamp":"2026-09-26T11:42:04.116189Z","level":"info","event":"Estratte 25 righe di dati. Inizio caricamento su PostgreSQL...","logger":"task.stdout"}
{"timestamp":"2026-09-26T11:42:04.163649Z","level":"info","event":"Caricamento completato con successo!","logger":"task.stdout"}
{"timestamp":"2026-09-26T11:42:04.164250Z","level":"info","event":"Done. Returned value was: None","map_index":-1,"run_id":"manual__2026-09-26T11:42:01.428943+00:00","ti_id":"01a0dd85-b0e0-7f1b-8126-7a30bd8850b8","task_id":"fetch_and_load_stock_data","dag_id":"stock_market_elt_pipeline","try_number":1,"logger":"airflow.task.operators.airflow.providers.standard.operators.python.PythonOperator","filename":"python.py","lineno":233}
{"timestamp":"2026-09-26T11:42:04.164591Z","level":"info","event":"::group::Post Execute","map_index":-1,"run_id":"manual__2026-09-26T11:42:01.428943+00:00","ti_id":"01a0dd85-b0e0-7f1b-8126-7a30bd8850b8","task_id":"fetch_and_load_stock_data","dag_id":"stock_market_elt_pipeline","try_number":1,"logger":"task","filename":"task_runner.py","lineno":1580}
{"timestamp":"2026-09-26T11:42:04.186168Z","level":"info","event":"Task instance in success state","logger":"task.stdout"}
{"timestamp":"2026-09-26T11:42:04.187270Z","level":"info","event":" Previous state of the Task instance: TaskInstanceState.RUNNING","logger":"task.stdout"}
{"timestamp":"2026-09-26T11:42:04.187911Z","level":"info","event":"Task operator:<Task(PythonOperator): fetch_and_load_stock_data>","logger":"task.stdout"}
{"timestamp":"2026-09-26T11:42:04.186593Z","level":"info","event":"::endgroup::","map_index":-1,"run_id":"manual__2026-09-26T11:42:01.428943+00:00","ti_id":"01a0dd85-b0e0-7f1b-8126-7a30bd8850b8","task_id":"fetch_and_load_stock_data","dag_id":"stock_market_elt_pipeline","try_number":1,"logger":"task","filename":"task_runner.py","lineno":2379}
