{"timestamp":"2026-09-26T13:02:52.375322Z","level":"info","event":"::group::Pre Execute","logger":"task","filename":"task_runner.py","lineno":2412}
{"timestamp":"2026-09-26T13:02:56.181335Z","level":"info","event":"DAG bundles loaded: dags-folder, example_dags, apache-airflow-providers-common-sql-example-dags, apache-airflow-providers-standard-example-dags","try_number":1,"run_id":"manual__2026-09-26T13:02:51.547227+00:00","ti_id":"01a0ddcf-b2b8-7d6d-9fb4-c88315a25b4e","task_id":"fetch_and_load_stock_data","map_index":-1,"dag_id":"stock_market_elt_pipeline","logger":"airflow.dag_processing.bundles.manager.DagBundlesManager","filename":"manager.py","lineno":304}
{"timestamp":"2026-09-26T13:02:56.183701Z","level":"info","event":"Filling up the DagBag from /opt/airflow/dags/stock_pipeline_dag.py","try_number":1,"run_id":"manual__2026-09-26T13:02:51.547227+00:00","ti_id":"01a0ddcf-b2b8-7d6d-9fb4-c88315a25b4e","task_id":"fetch_and_load_stock_data","map_index":-1,"dag_id":"stock_market_elt_pipeline","logger":"airflow.dag_processing.dagbag.BundleDagBag","filename":"dagbag.py","lineno":460}
{"timestamp":"2026-09-26T13:02:58.368214Z","level":"warning","event":"The `airflow.operators.python.PythonOperator` attribute is deprecated. Please use `'airflow.providers.standard.operators.python.PythonOperator'`.","category":"UserWarning","filename":"/opt/airflow/dags/stock_pipeline_dag.py","lineno":3,"try_number":1,"run_id":"manual__2026-09-26T13:02:51.547227+00:00","ti_id":"01a0ddcf-b2b8-7d6d-9fb4-c88315a25b4e","task_id":"fetch_and_load_stock_data","map_index":-1,"dag_id":"stock_market_elt_pipeline","logger":"py.warnings"}
{"timestamp":"2026-09-26T13:02:58.368530Z","level":"warning","event":"The `airflow.operators.bash.BashOperator` attribute is deprecated. Please use `'airflow.providers.standard.operators.bash.BashOperator'`.","category":"UserWarning","filename":"/opt/airflow/dags/stock_pipeline_dag.py","lineno":4,"try_number":1,"run_id":"manual__2026-09-26T13:02:51.547227+00:00","ti_id":"01a0ddcf-b2b8-7d6d-9fb4-c88315a25b4e","task_id":"fetch_and_load_stock_data","map_index":-1,"dag_id":"stock_market_elt_pipeline","logger":"py.warnings"}
{"timestamp":"2026-09-26T13:02:58.369731Z","level":"info","event":"Worker startup parse complete","bundle_name":"dags-folder","bundle_version":null,"dag_file":"stock_pipeline_dag.py","dag_id":"stock_market_elt_pipeline","bundle_prepare_ms":5,"dag_file_parse_ms":2186,"try_number":1,"run_id":"manual__2026-09-26T13:02:51.547227+00:00","ti_id":"01a0ddcf-b2b8-7d6d-9fb4-c88315a25b4e","task_id":"fetch_and_load_stock_data","map_index":-1,"logger":"task","filename":"task_runner.py","lineno":1073}
{"timestamp":"2026-09-26T13:02:58.419809Z","level":"info","event":"Task instance is in running state","logger":"task.stdout"}
{"timestamp":"2026-09-26T13:02:58.420398Z","level":"info","event":" Previous state of the Task instance: TaskInstanceState.QUEUED","logger":"task.stdout"}
{"timestamp":"2026-09-26T13:02:58.421092Z","level":"info","event":"Current task name:fetch_and_load_stock_data","logger":"task.stdout"}
{"timestamp":"2026-09-26T13:02:58.421689Z","level":"info","event":"Dag name:stock_market_elt_pipeline","logger":"task.stdout"}
{"timestamp":"2026-09-26T13:02:58.420266Z","level":"info","event":"::endgroup::","try_number":1,"run_id":"manual__2026-09-26T13:02:51.547227+00:00","ti_id":"01a0ddcf-b2b8-7d6d-9fb4-c88315a25b4e","task_id":"fetch_and_load_stock_data","map_index":-1,"dag_id":"stock_market_elt_pipeline","logger":"task","filename":"task_runner.py","lineno":2232}
{"timestamp":"2026-09-26T13:02:58.423018Z","level":"info","event":"Inizio estrazione incrementale blindata con yfinance...","logger":"task.stdout"}
{"timestamp":"2026-09-26T13:02:58.443811Z","level":"info","event":"[AAPL] Nessun dato precedente. Scarico storico di 1 mese...","logger":"task.stdout"}
{"timestamp":"2026-09-26T13:02:59.327243Z","level":"info","event":"[AAPL] Trovate 22 nuove righe da aggiungere.","logger":"task.stdout"}
{"timestamp":"2026-09-26T13:02:59.329754Z","level":"info","event":"[MSFT] Nessun dato precedente. Scarico storico di 1 mese...","logger":"task.stdout"}
{"timestamp":"2026-09-26T13:02:59.580537Z","level":"info","event":"[MSFT] Trovate 22 nuove righe da aggiungere.","logger":"task.stdout"}
{"timestamp":"2026-09-26T13:02:59.582898Z","level":"info","event":"[TSLA] Nessun dato precedente. Scarico storico di 1 mese...","logger":"task.stdout"}
{"timestamp":"2026-09-26T13:02:59.786826Z","level":"info","event":"[TSLA] Trovate 22 nuove righe da aggiungere.","logger":"task.stdout"}
{"timestamp":"2026-09-26T13:02:59.789590Z","level":"info","event":"[GOOGL] Nessun dato precedente. Scarico storico di 1 mese...","logger":"task.stdout"}
{"timestamp":"2026-09-26T13:02:59.958268Z","level":"info","event":"[GOOGL] Trovate 22 nuove righe da aggiungere.","logger":"task.stdout"}
{"timestamp":"2026-09-26T13:02:59.960278Z","level":"info","event":"[AMZN] Nessun dato precedente. Scarico storico di 1 mese...","logger":"task.stdout"}
{"timestamp":"2026-09-26T13:03:00.104614Z","level":"info","event":"[AMZN] Trovate 22 nuove righe da aggiungere.","logger":"task.stdout"}
{"timestamp":"2026-09-26T13:03:00.120661Z","level":"info","event":"Caricamento completato: aggiunte 110 nuove righe.","logger":"task.stdout"}
{"timestamp":"2026-09-26T13:03:00.120727Z","level":"info","event":"Done. Returned value was: None","try_number":1,"run_id":"manual__2026-09-26T13:02:51.547227+00:00","ti_id":"01a0ddcf-b2b8-7d6d-9fb4-c88315a25b4e","task_id":"fetch_and_load_stock_data","map_index":-1,"dag_id":"stock_market_elt_pipeline","logger":"airflow.task.operators.airflow.providers.standard.operators.python.PythonOperator","filename":"python.py","lineno":233}
{"timestamp":"2026-09-26T13:03:00.120919Z","level":"info","event":"::group::Post Execute","try_number":1,"run_id":"manual__2026-09-26T13:02:51.547227+00:00","ti_id":"01a0ddcf-b2b8-7d6d-9fb4-c88315a25b4e","task_id":"fetch_and_load_stock_data","map_index":-1,"dag_id":"stock_market_elt_pipeline","logger":"task","filename":"task_runner.py","lineno":1580}
{"timestamp":"2026-09-26T13:03:00.148926Z","level":"info","event":"Task instance in success state","logger":"task.stdout"}
{"timestamp":"2026-09-26T13:03:00.149759Z","level":"info","event":" Previous state of the Task instance: TaskInstanceState.RUNNING","logger":"task.stdout"}
{"timestamp":"2026-09-26T13:03:00.150470Z","level":"info","event":"Task operator:<Task(PythonOperator): fetch_and_load_stock_data>","logger":"task.stdout"}
{"timestamp":"2026-09-26T13:03:00.149221Z","level":"info","event":"::endgroup::","try_number":1,"run_id":"manual__2026-09-26T13:02:51.547227+00:00","ti_id":"01a0ddcf-b2b8-7d6d-9fb4-c88315a25b4e","task_id":"fetch_and_load_stock_data","map_index":-1,"dag_id":"stock_market_elt_pipeline","logger":"task","filename":"task_runner.py","lineno":2379}
