{"timestamp":"2026-09-26T12:43:22.663819Z","level":"info","event":"::group::Pre Execute","logger":"task","filename":"task_runner.py","lineno":2412}
{"timestamp":"2026-09-26T12:43:22.702968Z","level":"info","event":"DAG bundles loaded: dags-folder, example_dags, apache-airflow-providers-common-sql-example-dags, apache-airflow-providers-standard-example-dags","ti_id":"01a0ddbd-daab-78ce-9059-265fe10c6dd6","map_index":-1,"dag_id":"stock_market_elt_pipeline","try_number":1,"run_id":"manual__2026-09-26T12:43:22.143523+00:00","task_id":"fetch_and_load_stock_data","logger":"airflow.dag_processing.bundles.manager.DagBundlesManager","filename":"manager.py","lineno":304}
{"timestamp":"2026-09-26T12:43:22.705300Z","level":"info","event":"Filling up the DagBag from /opt/airflow/dags/stock_pipeline_dag.py","ti_id":"01a0ddbd-daab-78ce-9059-265fe10c6dd6","map_index":-1,"dag_id":"stock_market_elt_pipeline","try_number":1,"run_id":"manual__2026-09-26T12:43:22.143523+00:00","task_id":"fetch_and_load_stock_data","logger":"airflow.dag_processing.dagbag.BundleDagBag","filename":"dagbag.py","lineno":460}
{"timestamp":"2026-09-26T12:43:23.189430Z","level":"warning","event":"The `airflow.operators.python.PythonOperator` attribute is deprecated. Please use `'airflow.providers.standard.operators.python.PythonOperator'`.","category":"UserWarning","filename":"/opt/airflow/dags/stock_pipeline_dag.py","lineno":3,"ti_id":"01a0ddbd-daab-78ce-9059-265fe10c6dd6","map_index":-1,"dag_id":"stock_market_elt_pipeline","try_number":1,"run_id":"manual__2026-09-26T12:43:22.143523+00:00","task_id":"fetch_and_load_stock_data","logger":"py.warnings"}
{"timestamp":"2026-09-26T12:43:23.189677Z","level":"warning","event":"The `airflow.operators.bash.BashOperator` attribute is deprecated. Please use `'airflow.providers.standard.operators.bash.BashOperator'`.","category":"UserWarning","filename":"/opt/airflow/dags/stock_pipeline_dag.py","lineno":4,"ti_id":"01a0ddbd-daab-78ce-9059-265fe10c6dd6","map_index":-1,"dag_id":"stock_market_elt_pipeline","try_number":1,"run_id":"manual__2026-09-26T12:43:22.143523+00:00","task_id":"fetch_and_load_stock_data","logger":"py.warnings"}
{"timestamp":"2026-09-26T12:43:23.190936Z","level":"info","event":"Worker startup parse complete","bundle_name":"dags-folder","bundle_version":null,"dag_file":"stock_pipeline_dag.py","dag_id":"stock_market_elt_pipeline","bundle_prepare_ms":3,"dag_file_parse_ms":486,"ti_id":"01a0ddbd-daab-78ce-9059-265fe10c6dd6","map_index":-1,"try_number":1,"run_id":"manual__2026-09-26T12:43:22.143523+00:00","task_id":"fetch_and_load_stock_data","logger":"task","filename":"task_runner.py","lineno":1073}
{"timestamp":"2026-09-26T12:43:23.209027Z","level":"info","event":"Task instance is in running state","logger":"task.stdout"}
{"timestamp":"2026-09-26T12:43:23.209919Z","level":"info","event":" Previous state of the Task instance: TaskInstanceState.QUEUED","logger":"task.stdout"}
{"timestamp":"2026-09-26T12:43:23.210526Z","level":"info","event":"Current task name:fetch_and_load_stock_data","logger":"task.stdout"}
{"timestamp":"2026-09-26T12:43:23.211167Z","level":"info","event":"Dag name:stock_market_elt_pipeline","logger":"task.stdout"}
{"timestamp":"2026-09-26T12:43:23.209456Z","level":"info","event":"::endgroup::","ti_id":"01a0ddbd-daab-78ce-9059-265fe10c6dd6","map_index":-1,"dag_id":"stock_market_elt_pipeline","try_number":1,"run_id":"manual__2026-09-26T12:43:22.143523+00:00","task_id":"fetch_and_load_stock_data","logger":"task","filename":"task_runner.py","lineno":2232}
{"timestamp":"2026-09-26T12:43:23.212193Z","level":"info","event":"Inizio estrazione incrementale blindata con yfinance...","logger":"task.stdout"}
{"timestamp":"2026-09-26T12:43:23.242445Z","level":"info","event":"[AAPL] Ultima data nel DB: 2026-09-25. Scarico dal 2026-09-25...","logger":"task.stdout"}
{"timestamp":"2026-09-26T12:43:23.795640Z","level":"info","event":"[AAPL] Nessuna nuova riga (già aggiornato).","logger":"task.stdout"}
{"timestamp":"2026-09-26T12:43:23.798236Z","level":"info","event":"[MSFT] Ultima data nel DB: 2026-09-25. Scarico dal 2026-09-25...","logger":"task.stdout"}
{"timestamp":"2026-09-26T12:43:23.897675Z","level":"info","event":"[MSFT] Nessuna nuova riga (già aggiornato).","logger":"task.stdout"}
{"timestamp":"2026-09-26T12:43:23.900483Z","level":"info","event":"[TSLA] Ultima data nel DB: 2026-09-25. Scarico dal 2026-09-25...","logger":"task.stdout"}
{"timestamp":"2026-09-26T12:43:23.982963Z","level":"info","event":"[TSLA] Nessuna nuova riga (già aggiornato).","logger":"task.stdout"}
{"timestamp":"2026-09-26T12:43:23.986263Z","level":"info","event":"[GOOGL] Ultima data nel DB: 2026-09-25. Scarico dal 2026-09-25...","logger":"task.stdout"}
{"timestamp":"2026-09-26T12:43:24.080619Z","level":"info","event":"[GOOGL] Nessuna nuova riga (già aggiornato).","logger":"task.stdout"}
{"timestamp":"2026-09-26T12:43:24.082805Z","level":"info","event":"[AMZN] Ultima data nel DB: 2026-09-25. Scarico dal 2026-09-25...","logger":"task.stdout"}
{"timestamp":"2026-09-26T12:43:24.164089Z","level":"info","event":"[AMZN] Nessuna nuova riga (già aggiornato).","logger":"task.stdout"}
{"timestamp":"2026-09-26T12:43:24.165116Z","level":"info","event":"Nessun nuovo dato da caricare per nessun ticker.","logger":"task.stdout"}
{"timestamp":"2026-09-26T12:43:24.164200Z","level":"info","event":"Done. Returned value was: None","ti_id":"01a0ddbd-daab-78ce-9059-265fe10c6dd6","map_index":-1,"dag_id":"stock_market_elt_pipeline","try_number":1,"run_id":"manual__2026-09-26T12:43:22.143523+00:00","task_id":"fetch_and_load_stock_data","logger":"airflow.task.operators.airflow.providers.standard.operators.python.PythonOperator","filename":"python.py","lineno":233}
{"timestamp":"2026-09-26T12:43:24.164333Z","level":"info","event":"::group::Post Execute","ti_id":"01a0ddbd-daab-78ce-9059-265fe10c6dd6","map_index":-1,"dag_id":"stock_market_elt_pipeline","try_number":1,"run_id":"manual__2026-09-26T12:43:22.143523+00:00","task_id":"fetch_and_load_stock_data","logger":"task","filename":"task_runner.py","lineno":1580}
{"timestamp":"2026-09-26T12:43:24.181040Z","level":"info","event":"Task instance in success state","logger":"task.stdout"}
{"timestamp":"2026-09-26T12:43:24.182113Z","level":"info","event":" Previous state of the Task instance: TaskInstanceState.RUNNING","logger":"task.stdout"}
{"timestamp":"2026-09-26T12:43:24.182794Z","level":"info","event":"Task operator:<Task(PythonOperator): fetch_and_load_stock_data>","logger":"task.stdout"}
{"timestamp":"2026-09-26T12:43:24.181427Z","level":"info","event":"::endgroup::","ti_id":"01a0ddbd-daab-78ce-9059-265fe10c6dd6","map_index":-1,"dag_id":"stock_market_elt_pipeline","try_number":1,"run_id":"manual__2026-09-26T12:43:22.143523+00:00","task_id":"fetch_and_load_stock_data","logger":"task","filename":"task_runner.py","lineno":2379}
