{"timestamp":"2026-09-26T10:40:44.626016Z","level":"info","event":"::group::Pre Execute","logger":"task","filename":"task_runner.py","lineno":2412}
{"timestamp":"2026-09-26T10:40:48.097211Z","level":"info","event":"DAG bundles loaded: dags-folder, example_dags, apache-airflow-providers-common-sql-example-dags, apache-airflow-providers-standard-example-dags","map_index":-1,"run_id":"manual__2026-09-26T10:40:43.786856+00:00","ti_id":"01a0dd4d-931e-75e3-a348-579dfaf18c13","try_number":1,"dag_id":"stock_market_elt_pipeline","task_id":"fetch_and_load_stock_data","logger":"airflow.dag_processing.bundles.manager.DagBundlesManager","filename":"manager.py","lineno":304}
{"timestamp":"2026-09-26T10:40:48.099010Z","level":"info","event":"Filling up the DagBag from /opt/airflow/dags/stock_pipeline_dag.py","map_index":-1,"run_id":"manual__2026-09-26T10:40:43.786856+00:00","ti_id":"01a0dd4d-931e-75e3-a348-579dfaf18c13","try_number":1,"dag_id":"stock_market_elt_pipeline","task_id":"fetch_and_load_stock_data","logger":"airflow.dag_processing.dagbag.BundleDagBag","filename":"dagbag.py","lineno":460}
{"timestamp":"2026-09-26T10:40:49.943161Z","level":"warning","event":"The `airflow.operators.python.PythonOperator` attribute is deprecated. Please use `'airflow.providers.standard.operators.python.PythonOperator'`.","category":"UserWarning","filename":"/opt/airflow/dags/stock_pipeline_dag.py","lineno":7,"map_index":-1,"run_id":"manual__2026-09-26T10:40:43.786856+00:00","ti_id":"01a0dd4d-931e-75e3-a348-579dfaf18c13","try_number":1,"dag_id":"stock_market_elt_pipeline","task_id":"fetch_and_load_stock_data","logger":"py.warnings"}
{"timestamp":"2026-09-26T10:40:49.943436Z","level":"warning","event":"The `airflow.operators.bash.BashOperator` attribute is deprecated. Please use `'airflow.providers.standard.operators.bash.BashOperator'`.","category":"UserWarning","filename":"/opt/airflow/dags/stock_pipeline_dag.py","lineno":8,"map_index":-1,"run_id":"manual__2026-09-26T10:40:43.786856+00:00","ti_id":"01a0dd4d-931e-75e3-a348-579dfaf18c13","try_number":1,"dag_id":"stock_market_elt_pipeline","task_id":"fetch_and_load_stock_data","logger":"py.warnings"}
{"timestamp":"2026-09-26T10:40:49.944943Z","level":"info","event":"Worker startup parse complete","bundle_name":"dags-folder","bundle_version":null,"dag_file":"stock_pipeline_dag.py","dag_id":"stock_market_elt_pipeline","bundle_prepare_ms":4,"dag_file_parse_ms":1846,"map_index":-1,"run_id":"manual__2026-09-26T10:40:43.786856+00:00","ti_id":"01a0dd4d-931e-75e3-a348-579dfaf18c13","try_number":1,"task_id":"fetch_and_load_stock_data","logger":"task","filename":"task_runner.py","lineno":1073}
{"timestamp":"2026-09-26T10:40:49.975986Z","level":"info","event":"Task instance is in running state","logger":"task.stdout"}
{"timestamp":"2026-09-26T10:40:49.976908Z","level":"info","event":" Previous state of the Task instance: TaskInstanceState.QUEUED","logger":"task.stdout"}
{"timestamp":"2026-09-26T10:40:49.977409Z","level":"info","event":"Current task name:fetch_and_load_stock_data","logger":"task.stdout"}
{"timestamp":"2026-09-26T10:40:49.978018Z","level":"info","event":"Dag name:stock_market_elt_pipeline","logger":"task.stdout"}
{"timestamp":"2026-09-26T10:40:49.976645Z","level":"info","event":"::endgroup::","map_index":-1,"run_id":"manual__2026-09-26T10:40:43.786856+00:00","ti_id":"01a0dd4d-931e-75e3-a348-579dfaf18c13","try_number":1,"dag_id":"stock_market_elt_pipeline","task_id":"fetch_and_load_stock_data","logger":"task","filename":"task_runner.py","lineno":2232}
{"timestamp":"2026-09-26T10:40:49.979223Z","level":"info","event":"Inizio estrazione dati finanziari con yfinance...","logger":"task.stdout"}
{"timestamp":"2026-09-26T10:40:51.659555Z","level":"info","event":"Estratte 25 righe di dati. Inizio caricamento su PostgreSQL...","logger":"task.stdout"}
{"timestamp":"2026-09-26T10:40:51.683812Z","level":"info","event":"Caricamento completato con successo!","logger":"task.stdout"}
{"timestamp":"2026-09-26T10:40:51.684185Z","level":"info","event":"Done. Returned value was: None","map_index":-1,"run_id":"manual__2026-09-26T10:40:43.786856+00:00","ti_id":"01a0dd4d-931e-75e3-a348-579dfaf18c13","try_number":1,"dag_id":"stock_market_elt_pipeline","task_id":"fetch_and_load_stock_data","logger":"airflow.task.operators.airflow.providers.standard.operators.python.PythonOperator","filename":"python.py","lineno":233}
{"timestamp":"2026-09-26T10:40:51.684402Z","level":"info","event":"::group::Post Execute","map_index":-1,"run_id":"manual__2026-09-26T10:40:43.786856+00:00","ti_id":"01a0dd4d-931e-75e3-a348-579dfaf18c13","try_number":1,"dag_id":"stock_market_elt_pipeline","task_id":"fetch_and_load_stock_data","logger":"task","filename":"task_runner.py","lineno":1580}
{"timestamp":"2026-09-26T10:40:51.710344Z","level":"info","event":"Task instance in success state","logger":"task.stdout"}
{"timestamp":"2026-09-26T10:40:51.711124Z","level":"info","event":" Previous state of the Task instance: TaskInstanceState.RUNNING","logger":"task.stdout"}
{"timestamp":"2026-09-26T10:40:51.711681Z","level":"info","event":"Task operator:<Task(PythonOperator): fetch_and_load_stock_data>","logger":"task.stdout"}
{"timestamp":"2026-09-26T10:40:51.710624Z","level":"info","event":"::endgroup::","map_index":-1,"run_id":"manual__2026-09-26T10:40:43.786856+00:00","ti_id":"01a0dd4d-931e-75e3-a348-579dfaf18c13","try_number":1,"dag_id":"stock_market_elt_pipeline","task_id":"fetch_and_load_stock_data","logger":"task","filename":"task_runner.py","lineno":2379}
