{"timestamp":"2026-09-25T20:15:39.178433Z","level":"info","event":"::group::Pre Execute","logger":"task","filename":"task_runner.py","lineno":2412}
{"timestamp":"2026-09-25T20:15:43.103100Z","level":"info","event":"DAG bundles loaded: dags-folder, example_dags, apache-airflow-providers-common-sql-example-dags, apache-airflow-providers-standard-example-dags","ti_id":"01a0da35-8f10-7fde-9986-0983b8996a62","dag_id":"stock_market_elt_pipeline","try_number":1,"task_id":"fetch_and_load_stock_data","map_index":-1,"run_id":"manual__2026-09-25T20:15:38.221694+00:00","logger":"airflow.dag_processing.bundles.manager.DagBundlesManager","filename":"manager.py","lineno":304}
{"timestamp":"2026-09-25T20:15:43.105182Z","level":"info","event":"Filling up the DagBag from /opt/airflow/dags/stock_pipeline_dag.py","ti_id":"01a0da35-8f10-7fde-9986-0983b8996a62","dag_id":"stock_market_elt_pipeline","try_number":1,"task_id":"fetch_and_load_stock_data","map_index":-1,"run_id":"manual__2026-09-25T20:15:38.221694+00:00","logger":"airflow.dag_processing.dagbag.BundleDagBag","filename":"dagbag.py","lineno":460}
{"timestamp":"2026-09-25T20:15:44.893826Z","level":"warning","event":"The `airflow.operators.python.PythonOperator` attribute is deprecated. Please use `'airflow.providers.standard.operators.python.PythonOperator'`.","category":"UserWarning","filename":"/opt/airflow/dags/stock_pipeline_dag.py","lineno":7,"ti_id":"01a0da35-8f10-7fde-9986-0983b8996a62","dag_id":"stock_market_elt_pipeline","try_number":1,"task_id":"fetch_and_load_stock_data","map_index":-1,"run_id":"manual__2026-09-25T20:15:38.221694+00:00","logger":"py.warnings"}
{"timestamp":"2026-09-25T20:15:44.894028Z","level":"warning","event":"The `airflow.operators.bash.BashOperator` attribute is deprecated. Please use `'airflow.providers.standard.operators.bash.BashOperator'`.","category":"UserWarning","filename":"/opt/airflow/dags/stock_pipeline_dag.py","lineno":8,"ti_id":"01a0da35-8f10-7fde-9986-0983b8996a62","dag_id":"stock_market_elt_pipeline","try_number":1,"task_id":"fetch_and_load_stock_data","map_index":-1,"run_id":"manual__2026-09-25T20:15:38.221694+00:00","logger":"py.warnings"}
{"timestamp":"2026-09-25T20:15:44.895154Z","level":"info","event":"Worker startup parse complete","bundle_name":"dags-folder","bundle_version":null,"dag_file":"stock_pipeline_dag.py","dag_id":"stock_market_elt_pipeline","bundle_prepare_ms":4,"dag_file_parse_ms":1790,"ti_id":"01a0da35-8f10-7fde-9986-0983b8996a62","try_number":1,"task_id":"fetch_and_load_stock_data","map_index":-1,"run_id":"manual__2026-09-25T20:15:38.221694+00:00","logger":"task","filename":"task_runner.py","lineno":1073}
{"timestamp":"2026-09-25T20:15:44.927789Z","level":"info","event":"Task instance is in running state","logger":"task.stdout"}
{"timestamp":"2026-09-25T20:15:44.929368Z","level":"info","event":" Previous state of the Task instance: TaskInstanceState.QUEUED","logger":"task.stdout"}
{"timestamp":"2026-09-25T20:15:44.930257Z","level":"info","event":"Current task name:fetch_and_load_stock_data","logger":"task.stdout"}
{"timestamp":"2026-09-25T20:15:44.930865Z","level":"info","event":"Dag name:stock_market_elt_pipeline","logger":"task.stdout"}
{"timestamp":"2026-09-25T20:15:44.928231Z","level":"info","event":"::endgroup::","ti_id":"01a0da35-8f10-7fde-9986-0983b8996a62","dag_id":"stock_market_elt_pipeline","try_number":1,"task_id":"fetch_and_load_stock_data","map_index":-1,"run_id":"manual__2026-09-25T20:15:38.221694+00:00","logger":"task","filename":"task_runner.py","lineno":2232}
{"timestamp":"2026-09-25T20:15:44.931944Z","level":"info","event":"Inizio estrazione dati finanziari con yfinance...","logger":"task.stdout"}
{"timestamp":"2026-09-25T20:15:47.035247Z","level":"info","event":"Estratte 25 righe di dati. Inizio caricamento su PostgreSQL...","logger":"task.stdout"}
{"timestamp":"2026-09-25T20:15:47.066453Z","level":"info","event":"Caricamento completato con successo!","logger":"task.stdout"}
{"timestamp":"2026-09-25T20:15:47.066766Z","level":"info","event":"Done. Returned value was: None","ti_id":"01a0da35-8f10-7fde-9986-0983b8996a62","dag_id":"stock_market_elt_pipeline","try_number":1,"task_id":"fetch_and_load_stock_data","map_index":-1,"run_id":"manual__2026-09-25T20:15:38.221694+00:00","logger":"airflow.task.operators.airflow.providers.standard.operators.python.PythonOperator","filename":"python.py","lineno":233}
{"timestamp":"2026-09-25T20:15:47.066938Z","level":"info","event":"::group::Post Execute","ti_id":"01a0da35-8f10-7fde-9986-0983b8996a62","dag_id":"stock_market_elt_pipeline","try_number":1,"task_id":"fetch_and_load_stock_data","map_index":-1,"run_id":"manual__2026-09-25T20:15:38.221694+00:00","logger":"task","filename":"task_runner.py","lineno":1580}
{"timestamp":"2026-09-25T20:15:47.109252Z","level":"info","event":"Task instance in success state","logger":"task.stdout"}
{"timestamp":"2026-09-25T20:15:47.110534Z","level":"info","event":" Previous state of the Task instance: TaskInstanceState.RUNNING","logger":"task.stdout"}
{"timestamp":"2026-09-25T20:15:47.111344Z","level":"info","event":"Task operator:<Task(PythonOperator): fetch_and_load_stock_data>","logger":"task.stdout"}
{"timestamp":"2026-09-25T20:15:47.109554Z","level":"info","event":"::endgroup::","ti_id":"01a0da35-8f10-7fde-9986-0983b8996a62","dag_id":"stock_market_elt_pipeline","try_number":1,"task_id":"fetch_and_load_stock_data","map_index":-1,"run_id":"manual__2026-09-25T20:15:38.221694+00:00","logger":"task","filename":"task_runner.py","lineno":2379}
