{"timestamp":"2026-09-26T12:53:27.457744Z","level":"info","event":"::group::Pre Execute","logger":"task","filename":"task_runner.py","lineno":2412}
{"timestamp":"2026-09-26T12:53:30.997412Z","level":"info","event":"DAG bundles loaded: dags-folder, example_dags, apache-airflow-providers-common-sql-example-dags, apache-airflow-providers-standard-example-dags","dag_id":"stock_market_elt_pipeline","try_number":1,"ti_id":"01a0ddc7-0380-7978-9908-7ad1756b49fa","map_index":-1,"run_id":"manual__2026-09-26T12:53:22.386404+00:00","task_id":"fetch_and_load_stock_data","logger":"airflow.dag_processing.bundles.manager.DagBundlesManager","filename":"manager.py","lineno":304}
{"timestamp":"2026-09-26T12:53:30.998682Z","level":"info","event":"Filling up the DagBag from /opt/airflow/dags/stock_pipeline_dag.py","dag_id":"stock_market_elt_pipeline","try_number":1,"ti_id":"01a0ddc7-0380-7978-9908-7ad1756b49fa","map_index":-1,"run_id":"manual__2026-09-26T12:53:22.386404+00:00","task_id":"fetch_and_load_stock_data","logger":"airflow.dag_processing.dagbag.BundleDagBag","filename":"dagbag.py","lineno":460}
{"timestamp":"2026-09-26T12:53:32.616710Z","level":"warning","event":"The `airflow.operators.python.PythonOperator` attribute is deprecated. Please use `'airflow.providers.standard.operators.python.PythonOperator'`.","category":"UserWarning","filename":"/opt/airflow/dags/stock_pipeline_dag.py","lineno":3,"dag_id":"stock_market_elt_pipeline","try_number":1,"ti_id":"01a0ddc7-0380-7978-9908-7ad1756b49fa","map_index":-1,"run_id":"manual__2026-09-26T12:53:22.386404+00:00","task_id":"fetch_and_load_stock_data","logger":"py.warnings"}
{"timestamp":"2026-09-26T12:53:32.616919Z","level":"warning","event":"The `airflow.operators.bash.BashOperator` attribute is deprecated. Please use `'airflow.providers.standard.operators.bash.BashOperator'`.","category":"UserWarning","filename":"/opt/airflow/dags/stock_pipeline_dag.py","lineno":4,"dag_id":"stock_market_elt_pipeline","try_number":1,"ti_id":"01a0ddc7-0380-7978-9908-7ad1756b49fa","map_index":-1,"run_id":"manual__2026-09-26T12:53:22.386404+00:00","task_id":"fetch_and_load_stock_data","logger":"py.warnings"}
{"timestamp":"2026-09-26T12:53:32.618167Z","level":"info","event":"Worker startup parse complete","bundle_name":"dags-folder","bundle_version":null,"dag_file":"stock_pipeline_dag.py","dag_id":"stock_market_elt_pipeline","bundle_prepare_ms":3,"dag_file_parse_ms":1619,"try_number":1,"ti_id":"01a0ddc7-0380-7978-9908-7ad1756b49fa","map_index":-1,"run_id":"manual__2026-09-26T12:53:22.386404+00:00","task_id":"fetch_and_load_stock_data","logger":"task","filename":"task_runner.py","lineno":1073}
{"timestamp":"2026-09-26T12:53:32.653874Z","level":"info","event":"Task instance is in running state","logger":"task.stdout"}
{"timestamp":"2026-09-26T12:53:32.654474Z","level":"info","event":" Previous state of the Task instance: TaskInstanceState.QUEUED","logger":"task.stdout"}
{"timestamp":"2026-09-26T12:53:32.654996Z","level":"info","event":"Current task name:fetch_and_load_stock_data","logger":"task.stdout"}
{"timestamp":"2026-09-26T12:53:32.655397Z","level":"info","event":"Dag name:stock_market_elt_pipeline","logger":"task.stdout"}
{"timestamp":"2026-09-26T12:53:32.654289Z","level":"info","event":"::endgroup::","dag_id":"stock_market_elt_pipeline","try_number":1,"ti_id":"01a0ddc7-0380-7978-9908-7ad1756b49fa","map_index":-1,"run_id":"manual__2026-09-26T12:53:22.386404+00:00","task_id":"fetch_and_load_stock_data","logger":"task","filename":"task_runner.py","lineno":2232}
{"timestamp":"2026-09-26T12:53:32.656351Z","level":"info","event":"Inizio estrazione incrementale blindata con yfinance...","logger":"task.stdout"}
{"timestamp":"2026-09-26T12:53:32.675442Z","level":"info","event":"[AAPL] Nessun dato precedente. Scarico storico di 1 mese...","logger":"task.stdout"}
{"timestamp":"2026-09-26T12:53:33.625258Z","level":"info","event":"[AAPL] Trovate 22 nuove righe da aggiungere.","logger":"task.stdout"}
{"timestamp":"2026-09-26T12:53:33.627771Z","level":"info","event":"[MSFT] Nessun dato precedente. Scarico storico di 1 mese...","logger":"task.stdout"}
{"timestamp":"2026-09-26T12:53:33.815714Z","level":"info","event":"[MSFT] Trovate 22 nuove righe da aggiungere.","logger":"task.stdout"}
{"timestamp":"2026-09-26T12:53:33.818712Z","level":"info","event":"[TSLA] Nessun dato precedente. Scarico storico di 1 mese...","logger":"task.stdout"}
{"timestamp":"2026-09-26T12:53:33.978027Z","level":"info","event":"[TSLA] Trovate 22 nuove righe da aggiungere.","logger":"task.stdout"}
{"timestamp":"2026-09-26T12:53:33.979633Z","level":"info","event":"[GOOGL] Nessun dato precedente. Scarico storico di 1 mese...","logger":"task.stdout"}
{"timestamp":"2026-09-26T12:53:34.151018Z","level":"info","event":"[GOOGL] Trovate 22 nuove righe da aggiungere.","logger":"task.stdout"}
{"timestamp":"2026-09-26T12:53:34.154034Z","level":"info","event":"[AMZN] Nessun dato precedente. Scarico storico di 1 mese...","logger":"task.stdout"}
{"timestamp":"2026-09-26T12:53:34.300513Z","level":"info","event":"[AMZN] Trovate 22 nuove righe da aggiungere.","logger":"task.stdout"}
{"timestamp":"2026-09-26T12:53:34.314776Z","level":"info","event":"Caricamento completato: aggiunte 110 nuove righe.","logger":"task.stdout"}
{"timestamp":"2026-09-26T12:53:34.314854Z","level":"info","event":"Done. Returned value was: None","dag_id":"stock_market_elt_pipeline","try_number":1,"ti_id":"01a0ddc7-0380-7978-9908-7ad1756b49fa","map_index":-1,"run_id":"manual__2026-09-26T12:53:22.386404+00:00","task_id":"fetch_and_load_stock_data","logger":"airflow.task.operators.airflow.providers.standard.operators.python.PythonOperator","filename":"python.py","lineno":233}
{"timestamp":"2026-09-26T12:53:34.315060Z","level":"info","event":"::group::Post Execute","dag_id":"stock_market_elt_pipeline","try_number":1,"ti_id":"01a0ddc7-0380-7978-9908-7ad1756b49fa","map_index":-1,"run_id":"manual__2026-09-26T12:53:22.386404+00:00","task_id":"fetch_and_load_stock_data","logger":"task","filename":"task_runner.py","lineno":1580}
{"timestamp":"2026-09-26T12:53:34.339947Z","level":"info","event":"Task instance in success state","logger":"task.stdout"}
{"timestamp":"2026-09-26T12:53:34.340752Z","level":"info","event":" Previous state of the Task instance: TaskInstanceState.RUNNING","logger":"task.stdout"}
{"timestamp":"2026-09-26T12:53:34.341342Z","level":"info","event":"Task operator:<Task(PythonOperator): fetch_and_load_stock_data>","logger":"task.stdout"}
{"timestamp":"2026-09-26T12:53:34.340301Z","level":"info","event":"::endgroup::","dag_id":"stock_market_elt_pipeline","try_number":1,"ti_id":"01a0ddc7-0380-7978-9908-7ad1756b49fa","map_index":-1,"run_id":"manual__2026-09-26T12:53:22.386404+00:00","task_id":"fetch_and_load_stock_data","logger":"task","filename":"task_runner.py","lineno":2379}
