{"timestamp":"2026-09-26T08:17:37.070211Z","level":"info","event":"::group::Pre Execute","logger":"task","filename":"task_runner.py","lineno":2412}
{"timestamp":"2026-09-26T08:17:37.133977Z","level":"info","event":"DAG bundles loaded: dags-folder, example_dags, apache-airflow-providers-common-sql-example-dags, apache-airflow-providers-standard-example-dags","ti_id":"01a0dcc5-f77b-7f80-84f4-5ff90845cf7a","try_number":2,"run_id":"scheduled__2026-09-26T00:00:00+00:00","dag_id":"stock_market_elt_pipeline","map_index":-1,"task_id":"fetch_and_load_stock_data","logger":"airflow.dag_processing.bundles.manager.DagBundlesManager","filename":"manager.py","lineno":304}
{"timestamp":"2026-09-26T08:17:37.136548Z","level":"info","event":"Filling up the DagBag from /opt/airflow/dags/stock_pipeline_dag.py","ti_id":"01a0dcc5-f77b-7f80-84f4-5ff90845cf7a","try_number":2,"run_id":"scheduled__2026-09-26T00:00:00+00:00","dag_id":"stock_market_elt_pipeline","map_index":-1,"task_id":"fetch_and_load_stock_data","logger":"airflow.dag_processing.dagbag.BundleDagBag","filename":"dagbag.py","lineno":460}
{"timestamp":"2026-09-26T08:17:37.964348Z","level":"warning","event":"The `airflow.operators.python.PythonOperator` attribute is deprecated. Please use `'airflow.providers.standard.operators.python.PythonOperator'`.","category":"UserWarning","filename":"/opt/airflow/dags/stock_pipeline_dag.py","lineno":7,"ti_id":"01a0dcc5-f77b-7f80-84f4-5ff90845cf7a","try_number":2,"run_id":"scheduled__2026-09-26T00:00:00+00:00","dag_id":"stock_market_elt_pipeline","map_index":-1,"task_id":"fetch_and_load_stock_data","logger":"py.warnings"}
{"timestamp":"2026-09-26T08:17:37.964723Z","level":"warning","event":"The `airflow.operators.bash.BashOperator` attribute is deprecated. Please use `'airflow.providers.standard.operators.bash.BashOperator'`.","category":"UserWarning","filename":"/opt/airflow/dags/stock_pipeline_dag.py","lineno":8,"ti_id":"01a0dcc5-f77b-7f80-84f4-5ff90845cf7a","try_number":2,"run_id":"scheduled__2026-09-26T00:00:00+00:00","dag_id":"stock_market_elt_pipeline","map_index":-1,"task_id":"fetch_and_load_stock_data","logger":"py.warnings"}
{"timestamp":"2026-09-26T08:17:37.967183Z","level":"info","event":"Worker startup parse complete","bundle_name":"dags-folder","bundle_version":null,"dag_file":"stock_pipeline_dag.py","dag_id":"stock_market_elt_pipeline","bundle_prepare_ms":5,"dag_file_parse_ms":831,"ti_id":"01a0dcc5-f77b-7f80-84f4-5ff90845cf7a","try_number":2,"run_id":"scheduled__2026-09-26T00:00:00+00:00","map_index":-1,"task_id":"fetch_and_load_stock_data","logger":"task","filename":"task_runner.py","lineno":1073}
{"timestamp":"2026-09-26T08:17:38.026744Z","level":"info","event":"Task instance is in running state","logger":"task.stdout"}
{"timestamp":"2026-09-26T08:17:38.032497Z","level":"info","event":" Previous state of the Task instance: TaskInstanceState.QUEUED","logger":"task.stdout"}
{"timestamp":"2026-09-26T08:17:38.033092Z","level":"info","event":"Current task name:fetch_and_load_stock_data","logger":"task.stdout"}
{"timestamp":"2026-09-26T08:17:38.033649Z","level":"info","event":"Dag name:stock_market_elt_pipeline","logger":"task.stdout"}
{"timestamp":"2026-09-26T08:17:38.034009Z","level":"info","event":"Inizio estrazione dati finanziari con yfinance...","logger":"task.stdout"}
{"timestamp":"2026-09-26T08:17:38.027478Z","level":"info","event":"::endgroup::","ti_id":"01a0dcc5-f77b-7f80-84f4-5ff90845cf7a","try_number":2,"run_id":"scheduled__2026-09-26T00:00:00+00:00","dag_id":"stock_market_elt_pipeline","map_index":-1,"task_id":"fetch_and_load_stock_data","logger":"task","filename":"task_runner.py","lineno":2232}
{"timestamp":"2026-09-26T08:17:39.191626Z","level":"info","event":"Estratte 25 righe di dati. Inizio caricamento su PostgreSQL...","logger":"task.stdout"}
{"timestamp":"2026-09-26T08:17:39.230853Z","level":"info","event":"Caricamento completato con successo!","logger":"task.stdout"}
{"timestamp":"2026-09-26T08:17:39.231158Z","level":"info","event":"Done. Returned value was: None","ti_id":"01a0dcc5-f77b-7f80-84f4-5ff90845cf7a","try_number":2,"run_id":"scheduled__2026-09-26T00:00:00+00:00","dag_id":"stock_market_elt_pipeline","map_index":-1,"task_id":"fetch_and_load_stock_data","logger":"airflow.task.operators.airflow.providers.standard.operators.python.PythonOperator","filename":"python.py","lineno":233}
{"timestamp":"2026-09-26T08:17:39.231343Z","level":"info","event":"::group::Post Execute","ti_id":"01a0dcc5-f77b-7f80-84f4-5ff90845cf7a","try_number":2,"run_id":"scheduled__2026-09-26T00:00:00+00:00","dag_id":"stock_market_elt_pipeline","map_index":-1,"task_id":"fetch_and_load_stock_data","logger":"task","filename":"task_runner.py","lineno":1580}
{"timestamp":"2026-09-26T08:17:39.273923Z","level":"info","event":"Task instance in success state","logger":"task.stdout"}
{"timestamp":"2026-09-26T08:17:39.274690Z","level":"info","event":" Previous state of the Task instance: TaskInstanceState.RUNNING","logger":"task.stdout"}
{"timestamp":"2026-09-26T08:17:39.275302Z","level":"info","event":"Task operator:<Task(PythonOperator): fetch_and_load_stock_data>","logger":"task.stdout"}
{"timestamp":"2026-09-26T08:17:39.274240Z","level":"info","event":"::endgroup::","ti_id":"01a0dcc5-f77b-7f80-84f4-5ff90845cf7a","try_number":2,"run_id":"scheduled__2026-09-26T00:00:00+00:00","dag_id":"stock_market_elt_pipeline","map_index":-1,"task_id":"fetch_and_load_stock_data","logger":"task","filename":"task_runner.py","lineno":2379}
