{"timestamp":"2026-09-26T12:41:06.009434Z","level":"info","event":"::group::Pre Execute","logger":"task","filename":"task_runner.py","lineno":2412}
{"timestamp":"2026-09-26T12:41:09.146526Z","level":"info","event":"DAG bundles loaded: dags-folder, example_dags, apache-airflow-providers-common-sql-example-dags, apache-airflow-providers-standard-example-dags","ti_id":"01a0ddbb-c10b-767e-901e-d39a3938b0dd","map_index":-1,"dag_id":"stock_market_elt_pipeline","try_number":1,"run_id":"manual__2026-09-26T12:41:04.497867+00:00","task_id":"fetch_and_load_stock_data","logger":"airflow.dag_processing.bundles.manager.DagBundlesManager","filename":"manager.py","lineno":304}
{"timestamp":"2026-09-26T12:41:09.148261Z","level":"info","event":"Filling up the DagBag from /opt/airflow/dags/stock_pipeline_dag.py","ti_id":"01a0ddbb-c10b-767e-901e-d39a3938b0dd","map_index":-1,"dag_id":"stock_market_elt_pipeline","try_number":1,"run_id":"manual__2026-09-26T12:41:04.497867+00:00","task_id":"fetch_and_load_stock_data","logger":"airflow.dag_processing.dagbag.BundleDagBag","filename":"dagbag.py","lineno":460}
{"timestamp":"2026-09-26T12:41:10.783894Z","level":"warning","event":"The `airflow.operators.python.PythonOperator` attribute is deprecated. Please use `'airflow.providers.standard.operators.python.PythonOperator'`.","category":"UserWarning","filename":"/opt/airflow/dags/stock_pipeline_dag.py","lineno":3,"ti_id":"01a0ddbb-c10b-767e-901e-d39a3938b0dd","map_index":-1,"dag_id":"stock_market_elt_pipeline","try_number":1,"run_id":"manual__2026-09-26T12:41:04.497867+00:00","task_id":"fetch_and_load_stock_data","logger":"py.warnings"}
{"timestamp":"2026-09-26T12:41:10.784103Z","level":"warning","event":"The `airflow.operators.bash.BashOperator` attribute is deprecated. Please use `'airflow.providers.standard.operators.bash.BashOperator'`.","category":"UserWarning","filename":"/opt/airflow/dags/stock_pipeline_dag.py","lineno":4,"ti_id":"01a0ddbb-c10b-767e-901e-d39a3938b0dd","map_index":-1,"dag_id":"stock_market_elt_pipeline","try_number":1,"run_id":"manual__2026-09-26T12:41:04.497867+00:00","task_id":"fetch_and_load_stock_data","logger":"py.warnings"}
{"timestamp":"2026-09-26T12:41:10.785229Z","level":"info","event":"Worker startup parse complete","bundle_name":"dags-folder","bundle_version":null,"dag_file":"stock_pipeline_dag.py","dag_id":"stock_market_elt_pipeline","bundle_prepare_ms":4,"dag_file_parse_ms":1637,"ti_id":"01a0ddbb-c10b-767e-901e-d39a3938b0dd","map_index":-1,"try_number":1,"run_id":"manual__2026-09-26T12:41:04.497867+00:00","task_id":"fetch_and_load_stock_data","logger":"task","filename":"task_runner.py","lineno":1073}
{"timestamp":"2026-09-26T12:41:10.821435Z","level":"info","event":"Task instance is in running state","logger":"task.stdout"}
{"timestamp":"2026-09-26T12:41:10.822063Z","level":"info","event":" Previous state of the Task instance: TaskInstanceState.QUEUED","logger":"task.stdout"}
{"timestamp":"2026-09-26T12:41:10.822628Z","level":"info","event":"Current task name:fetch_and_load_stock_data","logger":"task.stdout"}
{"timestamp":"2026-09-26T12:41:10.823134Z","level":"info","event":"Dag name:stock_market_elt_pipeline","logger":"task.stdout"}
{"timestamp":"2026-09-26T12:41:10.821732Z","level":"info","event":"::endgroup::","ti_id":"01a0ddbb-c10b-767e-901e-d39a3938b0dd","map_index":-1,"dag_id":"stock_market_elt_pipeline","try_number":1,"run_id":"manual__2026-09-26T12:41:04.497867+00:00","task_id":"fetch_and_load_stock_data","logger":"task","filename":"task_runner.py","lineno":2232}
{"timestamp":"2026-09-26T12:41:10.824229Z","level":"info","event":"Inizio estrazione incrementale blindata con yfinance...","logger":"task.stdout"}
{"timestamp":"2026-09-26T12:41:10.839708Z","level":"info","event":"[AAPL] Nessun dato precedente. Scarico storico di 1 mese...","logger":"task.stdout"}
{"timestamp":"2026-09-26T12:41:11.693172Z","level":"info","event":"[AAPL] Trovate 22 nuove righe da aggiungere.","logger":"task.stdout"}
{"timestamp":"2026-09-26T12:41:11.695263Z","level":"info","event":"[MSFT] Nessun dato precedente. Scarico storico di 1 mese...","logger":"task.stdout"}
{"timestamp":"2026-09-26T12:41:11.898530Z","level":"info","event":"[MSFT] Trovate 22 nuove righe da aggiungere.","logger":"task.stdout"}
{"timestamp":"2026-09-26T12:41:11.901112Z","level":"info","event":"[TSLA] Nessun dato precedente. Scarico storico di 1 mese...","logger":"task.stdout"}
{"timestamp":"2026-09-26T12:41:12.108809Z","level":"info","event":"[TSLA] Trovate 22 nuove righe da aggiungere.","logger":"task.stdout"}
{"timestamp":"2026-09-26T12:41:12.110688Z","level":"info","event":"[GOOGL] Nessun dato precedente. Scarico storico di 1 mese...","logger":"task.stdout"}
{"timestamp":"2026-09-26T12:41:12.291367Z","level":"info","event":"[GOOGL] Trovate 22 nuove righe da aggiungere.","logger":"task.stdout"}
{"timestamp":"2026-09-26T12:41:12.293697Z","level":"info","event":"[AMZN] Nessun dato precedente. Scarico storico di 1 mese...","logger":"task.stdout"}
{"timestamp":"2026-09-26T12:41:12.461702Z","level":"info","event":"[AMZN] Trovate 22 nuove righe da aggiungere.","logger":"task.stdout"}
{"timestamp":"2026-09-26T12:41:12.481377Z","level":"info","event":"Caricamento completato: aggiunte 110 nuove righe.","logger":"task.stdout"}
{"timestamp":"2026-09-26T12:41:12.481450Z","level":"info","event":"Done. Returned value was: None","ti_id":"01a0ddbb-c10b-767e-901e-d39a3938b0dd","map_index":-1,"dag_id":"stock_market_elt_pipeline","try_number":1,"run_id":"manual__2026-09-26T12:41:04.497867+00:00","task_id":"fetch_and_load_stock_data","logger":"airflow.task.operators.airflow.providers.standard.operators.python.PythonOperator","filename":"python.py","lineno":233}
{"timestamp":"2026-09-26T12:41:12.481587Z","level":"info","event":"::group::Post Execute","ti_id":"01a0ddbb-c10b-767e-901e-d39a3938b0dd","map_index":-1,"dag_id":"stock_market_elt_pipeline","try_number":1,"run_id":"manual__2026-09-26T12:41:04.497867+00:00","task_id":"fetch_and_load_stock_data","logger":"task","filename":"task_runner.py","lineno":1580}
{"timestamp":"2026-09-26T12:41:12.498908Z","level":"info","event":"Task instance in success state","logger":"task.stdout"}
{"timestamp":"2026-09-26T12:41:12.499694Z","level":"info","event":" Previous state of the Task instance: TaskInstanceState.RUNNING","logger":"task.stdout"}
{"timestamp":"2026-09-26T12:41:12.500212Z","level":"info","event":"Task operator:<Task(PythonOperator): fetch_and_load_stock_data>","logger":"task.stdout"}
{"timestamp":"2026-09-26T12:41:12.499321Z","level":"info","event":"::endgroup::","ti_id":"01a0ddbb-c10b-767e-901e-d39a3938b0dd","map_index":-1,"dag_id":"stock_market_elt_pipeline","try_number":1,"run_id":"manual__2026-09-26T12:41:04.497867+00:00","task_id":"fetch_and_load_stock_data","logger":"task","filename":"task_runner.py","lineno":2379}
