{"timestamp":"2026-09-25T20:20:22.037296Z","level":"info","event":"::group::Pre Execute","logger":"task","filename":"task_runner.py","lineno":2412}
{"timestamp":"2026-09-25T20:20:22.066184Z","level":"info","event":"DAG bundles loaded: dags-folder, example_dags, apache-airflow-providers-common-sql-example-dags, apache-airflow-providers-standard-example-dags","dag_id":"stock_market_elt_pipeline","ti_id":"01a0da39-e09d-7ef2-8778-36015658ddc1","try_number":1,"run_id":"manual__2026-09-25T20:20:21.250504+00:00","map_index":-1,"task_id":"fetch_and_load_stock_data","logger":"airflow.dag_processing.bundles.manager.DagBundlesManager","filename":"manager.py","lineno":304}
{"timestamp":"2026-09-25T20:20:22.068359Z","level":"info","event":"Filling up the DagBag from /opt/airflow/dags/stock_pipeline_dag.py","dag_id":"stock_market_elt_pipeline","ti_id":"01a0da39-e09d-7ef2-8778-36015658ddc1","try_number":1,"run_id":"manual__2026-09-25T20:20:21.250504+00:00","map_index":-1,"task_id":"fetch_and_load_stock_data","logger":"airflow.dag_processing.dagbag.BundleDagBag","filename":"dagbag.py","lineno":460}
{"timestamp":"2026-09-25T20:20:22.646232Z","level":"warning","event":"The `airflow.operators.python.PythonOperator` attribute is deprecated. Please use `'airflow.providers.standard.operators.python.PythonOperator'`.","category":"UserWarning","filename":"/opt/airflow/dags/stock_pipeline_dag.py","lineno":7,"dag_id":"stock_market_elt_pipeline","ti_id":"01a0da39-e09d-7ef2-8778-36015658ddc1","try_number":1,"run_id":"manual__2026-09-25T20:20:21.250504+00:00","map_index":-1,"task_id":"fetch_and_load_stock_data","logger":"py.warnings"}
{"timestamp":"2026-09-25T20:20:22.646455Z","level":"warning","event":"The `airflow.operators.bash.BashOperator` attribute is deprecated. Please use `'airflow.providers.standard.operators.bash.BashOperator'`.","category":"UserWarning","filename":"/opt/airflow/dags/stock_pipeline_dag.py","lineno":8,"dag_id":"stock_market_elt_pipeline","ti_id":"01a0da39-e09d-7ef2-8778-36015658ddc1","try_number":1,"run_id":"manual__2026-09-25T20:20:21.250504+00:00","map_index":-1,"task_id":"fetch_and_load_stock_data","logger":"py.warnings"}
{"timestamp":"2026-09-25T20:20:22.647505Z","level":"info","event":"Worker startup parse complete","bundle_name":"dags-folder","bundle_version":null,"dag_file":"stock_pipeline_dag.py","dag_id":"stock_market_elt_pipeline","bundle_prepare_ms":3,"dag_file_parse_ms":579,"ti_id":"01a0da39-e09d-7ef2-8778-36015658ddc1","try_number":1,"run_id":"manual__2026-09-25T20:20:21.250504+00:00","map_index":-1,"task_id":"fetch_and_load_stock_data","logger":"task","filename":"task_runner.py","lineno":1073}
{"timestamp":"2026-09-25T20:20:22.670326Z","level":"info","event":"Task instance is in running state","logger":"task.stdout"}
{"timestamp":"2026-09-25T20:20:22.671162Z","level":"info","event":" Previous state of the Task instance: TaskInstanceState.QUEUED","logger":"task.stdout"}
{"timestamp":"2026-09-25T20:20:22.671589Z","level":"info","event":"Current task name:fetch_and_load_stock_data","logger":"task.stdout"}
{"timestamp":"2026-09-25T20:20:22.671971Z","level":"info","event":"Dag name:stock_market_elt_pipeline","logger":"task.stdout"}
{"timestamp":"2026-09-25T20:20:22.670889Z","level":"info","event":"::endgroup::","dag_id":"stock_market_elt_pipeline","ti_id":"01a0da39-e09d-7ef2-8778-36015658ddc1","try_number":1,"run_id":"manual__2026-09-25T20:20:21.250504+00:00","map_index":-1,"task_id":"fetch_and_load_stock_data","logger":"task","filename":"task_runner.py","lineno":2232}
{"timestamp":"2026-09-25T20:20:22.673357Z","level":"info","event":"Inizio estrazione dati finanziari con yfinance...","logger":"task.stdout"}
{"timestamp":"2026-09-25T20:20:23.548640Z","level":"info","event":"Estratte 25 righe di dati. Inizio caricamento su PostgreSQL...","logger":"task.stdout"}
{"timestamp":"2026-09-25T20:20:23.571159Z","level":"info","event":"Caricamento completato con successo!","logger":"task.stdout"}
{"timestamp":"2026-09-25T20:20:23.571580Z","level":"info","event":"Done. Returned value was: None","dag_id":"stock_market_elt_pipeline","ti_id":"01a0da39-e09d-7ef2-8778-36015658ddc1","try_number":1,"run_id":"manual__2026-09-25T20:20:21.250504+00:00","map_index":-1,"task_id":"fetch_and_load_stock_data","logger":"airflow.task.operators.airflow.providers.standard.operators.python.PythonOperator","filename":"python.py","lineno":233}
{"timestamp":"2026-09-25T20:20:23.571774Z","level":"info","event":"::group::Post Execute","dag_id":"stock_market_elt_pipeline","ti_id":"01a0da39-e09d-7ef2-8778-36015658ddc1","try_number":1,"run_id":"manual__2026-09-25T20:20:21.250504+00:00","map_index":-1,"task_id":"fetch_and_load_stock_data","logger":"task","filename":"task_runner.py","lineno":1580}
{"timestamp":"2026-09-25T20:20:23.589566Z","level":"info","event":"Task instance in success state","logger":"task.stdout"}
{"timestamp":"2026-09-25T20:20:23.590935Z","level":"info","event":" Previous state of the Task instance: TaskInstanceState.RUNNING","logger":"task.stdout"}
{"timestamp":"2026-09-25T20:20:23.591720Z","level":"info","event":"Task operator:<Task(PythonOperator): fetch_and_load_stock_data>","logger":"task.stdout"}
{"timestamp":"2026-09-25T20:20:23.590085Z","level":"info","event":"::endgroup::","dag_id":"stock_market_elt_pipeline","ti_id":"01a0da39-e09d-7ef2-8778-36015658ddc1","try_number":1,"run_id":"manual__2026-09-25T20:20:21.250504+00:00","map_index":-1,"task_id":"fetch_and_load_stock_data","logger":"task","filename":"task_runner.py","lineno":2379}
