{"timestamp":"2026-09-25T20:17:20.798259Z","level":"info","event":"::group::Pre Execute","logger":"task","filename":"task_runner.py","lineno":2412}
{"timestamp":"2026-09-25T20:17:20.831926Z","level":"info","event":"DAG bundles loaded: dags-folder, example_dags, apache-airflow-providers-common-sql-example-dags, apache-airflow-providers-standard-example-dags","ti_id":"01a0da37-1baa-78a3-b6ae-7076ab521757","map_index":-1,"task_id":"fetch_and_load_stock_data","try_number":1,"run_id":"manual__2026-09-25T20:17:19.771718+00:00","dag_id":"stock_market_elt_pipeline","logger":"airflow.dag_processing.bundles.manager.DagBundlesManager","filename":"manager.py","lineno":304}
{"timestamp":"2026-09-25T20:17:20.833742Z","level":"info","event":"Filling up the DagBag from /opt/airflow/dags/stock_pipeline_dag.py","ti_id":"01a0da37-1baa-78a3-b6ae-7076ab521757","map_index":-1,"task_id":"fetch_and_load_stock_data","try_number":1,"run_id":"manual__2026-09-25T20:17:19.771718+00:00","dag_id":"stock_market_elt_pipeline","logger":"airflow.dag_processing.dagbag.BundleDagBag","filename":"dagbag.py","lineno":460}
{"timestamp":"2026-09-25T20:17:21.379271Z","level":"warning","event":"The `airflow.operators.python.PythonOperator` attribute is deprecated. Please use `'airflow.providers.standard.operators.python.PythonOperator'`.","category":"UserWarning","filename":"/opt/airflow/dags/stock_pipeline_dag.py","lineno":7,"ti_id":"01a0da37-1baa-78a3-b6ae-7076ab521757","map_index":-1,"task_id":"fetch_and_load_stock_data","try_number":1,"run_id":"manual__2026-09-25T20:17:19.771718+00:00","dag_id":"stock_market_elt_pipeline","logger":"py.warnings"}
{"timestamp":"2026-09-25T20:17:21.379499Z","level":"warning","event":"The `airflow.operators.bash.BashOperator` attribute is deprecated. Please use `'airflow.providers.standard.operators.bash.BashOperator'`.","category":"UserWarning","filename":"/opt/airflow/dags/stock_pipeline_dag.py","lineno":8,"ti_id":"01a0da37-1baa-78a3-b6ae-7076ab521757","map_index":-1,"task_id":"fetch_and_load_stock_data","try_number":1,"run_id":"manual__2026-09-25T20:17:19.771718+00:00","dag_id":"stock_market_elt_pipeline","logger":"py.warnings"}
{"timestamp":"2026-09-25T20:17:21.380702Z","level":"info","event":"Worker startup parse complete","bundle_name":"dags-folder","bundle_version":null,"dag_file":"stock_pipeline_dag.py","dag_id":"stock_market_elt_pipeline","bundle_prepare_ms":3,"dag_file_parse_ms":547,"ti_id":"01a0da37-1baa-78a3-b6ae-7076ab521757","map_index":-1,"task_id":"fetch_and_load_stock_data","try_number":1,"run_id":"manual__2026-09-25T20:17:19.771718+00:00","logger":"task","filename":"task_runner.py","lineno":1073}
{"timestamp":"2026-09-25T20:17:21.400178Z","level":"info","event":"Task instance is in running state","logger":"task.stdout"}
{"timestamp":"2026-09-25T20:17:21.401054Z","level":"info","event":" Previous state of the Task instance: TaskInstanceState.QUEUED","logger":"task.stdout"}
{"timestamp":"2026-09-25T20:17:21.401649Z","level":"info","event":"Current task name:fetch_and_load_stock_data","logger":"task.stdout"}
{"timestamp":"2026-09-25T20:17:21.402179Z","level":"info","event":"Dag name:stock_market_elt_pipeline","logger":"task.stdout"}
{"timestamp":"2026-09-25T20:17:21.400495Z","level":"info","event":"::endgroup::","ti_id":"01a0da37-1baa-78a3-b6ae-7076ab521757","map_index":-1,"task_id":"fetch_and_load_stock_data","try_number":1,"run_id":"manual__2026-09-25T20:17:19.771718+00:00","dag_id":"stock_market_elt_pipeline","logger":"task","filename":"task_runner.py","lineno":2232}
{"timestamp":"2026-09-25T20:17:21.403329Z","level":"info","event":"Inizio estrazione dati finanziari con yfinance...","logger":"task.stdout"}
{"timestamp":"2026-09-25T20:17:22.430681Z","level":"info","event":"Estratte 25 righe di dati. Inizio caricamento su PostgreSQL...","logger":"task.stdout"}
{"timestamp":"2026-09-25T20:17:22.455675Z","level":"info","event":"Caricamento completato con successo!","logger":"task.stdout"}
{"timestamp":"2026-09-25T20:17:22.455957Z","level":"info","event":"Done. Returned value was: None","ti_id":"01a0da37-1baa-78a3-b6ae-7076ab521757","map_index":-1,"task_id":"fetch_and_load_stock_data","try_number":1,"run_id":"manual__2026-09-25T20:17:19.771718+00:00","dag_id":"stock_market_elt_pipeline","logger":"airflow.task.operators.airflow.providers.standard.operators.python.PythonOperator","filename":"python.py","lineno":233}
{"timestamp":"2026-09-25T20:17:22.456112Z","level":"info","event":"::group::Post Execute","ti_id":"01a0da37-1baa-78a3-b6ae-7076ab521757","map_index":-1,"task_id":"fetch_and_load_stock_data","try_number":1,"run_id":"manual__2026-09-25T20:17:19.771718+00:00","dag_id":"stock_market_elt_pipeline","logger":"task","filename":"task_runner.py","lineno":1580}
{"timestamp":"2026-09-25T20:17:22.479931Z","level":"info","event":"Task instance in success state","logger":"task.stdout"}
{"timestamp":"2026-09-25T20:17:22.480827Z","level":"info","event":" Previous state of the Task instance: TaskInstanceState.RUNNING","logger":"task.stdout"}
{"timestamp":"2026-09-25T20:17:22.481468Z","level":"info","event":"Task operator:<Task(PythonOperator): fetch_and_load_stock_data>","logger":"task.stdout"}
{"timestamp":"2026-09-25T20:17:22.480457Z","level":"info","event":"::endgroup::","ti_id":"01a0da37-1baa-78a3-b6ae-7076ab521757","map_index":-1,"task_id":"fetch_and_load_stock_data","try_number":1,"run_id":"manual__2026-09-25T20:17:19.771718+00:00","dag_id":"stock_market_elt_pipeline","logger":"task","filename":"task_runner.py","lineno":2379}
