{"timestamp":"2026-09-26T11:03:06.143358Z","level":"info","event":"::group::Pre Execute","logger":"task","filename":"task_runner.py","lineno":2412}
{"timestamp":"2026-09-26T11:03:10.305894Z","level":"info","event":"DAG bundles loaded: dags-folder, example_dags, apache-airflow-providers-common-sql-example-dags, apache-airflow-providers-standard-example-dags","run_id":"manual__2026-09-26T11:03:05.161280+00:00","task_id":"fetch_and_load_stock_data","ti_id":"01a0dd62-0ae0-7575-8fb3-a7a5a60dffae","try_number":1,"dag_id":"stock_market_elt_pipeline","map_index":-1,"logger":"airflow.dag_processing.bundles.manager.DagBundlesManager","filename":"manager.py","lineno":304}
{"timestamp":"2026-09-26T11:03:10.308603Z","level":"info","event":"Filling up the DagBag from /opt/airflow/dags/stock_pipeline_dag.py","run_id":"manual__2026-09-26T11:03:05.161280+00:00","task_id":"fetch_and_load_stock_data","ti_id":"01a0dd62-0ae0-7575-8fb3-a7a5a60dffae","try_number":1,"dag_id":"stock_market_elt_pipeline","map_index":-1,"logger":"airflow.dag_processing.dagbag.BundleDagBag","filename":"dagbag.py","lineno":460}
{"timestamp":"2026-09-26T11:03:12.494516Z","level":"warning","event":"The `airflow.operators.python.PythonOperator` attribute is deprecated. Please use `'airflow.providers.standard.operators.python.PythonOperator'`.","category":"UserWarning","filename":"/opt/airflow/dags/stock_pipeline_dag.py","lineno":7,"run_id":"manual__2026-09-26T11:03:05.161280+00:00","task_id":"fetch_and_load_stock_data","ti_id":"01a0dd62-0ae0-7575-8fb3-a7a5a60dffae","try_number":1,"dag_id":"stock_market_elt_pipeline","map_index":-1,"logger":"py.warnings"}
{"timestamp":"2026-09-26T11:03:12.494774Z","level":"warning","event":"The `airflow.operators.bash.BashOperator` attribute is deprecated. Please use `'airflow.providers.standard.operators.bash.BashOperator'`.","category":"UserWarning","filename":"/opt/airflow/dags/stock_pipeline_dag.py","lineno":8,"run_id":"manual__2026-09-26T11:03:05.161280+00:00","task_id":"fetch_and_load_stock_data","ti_id":"01a0dd62-0ae0-7575-8fb3-a7a5a60dffae","try_number":1,"dag_id":"stock_market_elt_pipeline","map_index":-1,"logger":"py.warnings"}
{"timestamp":"2026-09-26T11:03:12.496624Z","level":"info","event":"Worker startup parse complete","bundle_name":"dags-folder","bundle_version":null,"dag_file":"stock_pipeline_dag.py","dag_id":"stock_market_elt_pipeline","bundle_prepare_ms":6,"dag_file_parse_ms":2188,"run_id":"manual__2026-09-26T11:03:05.161280+00:00","task_id":"fetch_and_load_stock_data","ti_id":"01a0dd62-0ae0-7575-8fb3-a7a5a60dffae","try_number":1,"map_index":-1,"logger":"task","filename":"task_runner.py","lineno":1073}
{"timestamp":"2026-09-26T11:03:12.534144Z","level":"info","event":"Task instance is in running state","logger":"task.stdout"}
{"timestamp":"2026-09-26T11:03:12.535099Z","level":"info","event":" Previous state of the Task instance: TaskInstanceState.QUEUED","logger":"task.stdout"}
{"timestamp":"2026-09-26T11:03:12.535800Z","level":"info","event":"Current task name:fetch_and_load_stock_data","logger":"task.stdout"}
{"timestamp":"2026-09-26T11:03:12.536376Z","level":"info","event":"Dag name:stock_market_elt_pipeline","logger":"task.stdout"}
{"timestamp":"2026-09-26T11:03:12.534520Z","level":"info","event":"::endgroup::","run_id":"manual__2026-09-26T11:03:05.161280+00:00","task_id":"fetch_and_load_stock_data","ti_id":"01a0dd62-0ae0-7575-8fb3-a7a5a60dffae","try_number":1,"dag_id":"stock_market_elt_pipeline","map_index":-1,"logger":"task","filename":"task_runner.py","lineno":2232}
{"timestamp":"2026-09-26T11:03:12.537587Z","level":"info","event":"Inizio estrazione dati finanziari con yfinance...","logger":"task.stdout"}
{"timestamp":"2026-09-26T11:03:14.248133Z","level":"info","event":"Estratte 25 righe di dati. Inizio caricamento su PostgreSQL...","logger":"task.stdout"}
{"timestamp":"2026-09-26T11:03:14.270854Z","level":"info","event":"Caricamento completato con successo!","logger":"task.stdout"}
{"timestamp":"2026-09-26T11:03:14.271099Z","level":"info","event":"Done. Returned value was: None","run_id":"manual__2026-09-26T11:03:05.161280+00:00","task_id":"fetch_and_load_stock_data","ti_id":"01a0dd62-0ae0-7575-8fb3-a7a5a60dffae","try_number":1,"dag_id":"stock_market_elt_pipeline","map_index":-1,"logger":"airflow.task.operators.airflow.providers.standard.operators.python.PythonOperator","filename":"python.py","lineno":233}
{"timestamp":"2026-09-26T11:03:14.271280Z","level":"info","event":"::group::Post Execute","run_id":"manual__2026-09-26T11:03:05.161280+00:00","task_id":"fetch_and_load_stock_data","ti_id":"01a0dd62-0ae0-7575-8fb3-a7a5a60dffae","try_number":1,"dag_id":"stock_market_elt_pipeline","map_index":-1,"logger":"task","filename":"task_runner.py","lineno":1580}
{"timestamp":"2026-09-26T11:03:14.299160Z","level":"info","event":"Task instance in success state","logger":"task.stdout"}
{"timestamp":"2026-09-26T11:03:14.300102Z","level":"info","event":" Previous state of the Task instance: TaskInstanceState.RUNNING","logger":"task.stdout"}
{"timestamp":"2026-09-26T11:03:14.300744Z","level":"info","event":"Task operator:<Task(PythonOperator): fetch_and_load_stock_data>","logger":"task.stdout"}
{"timestamp":"2026-09-26T11:03:14.299446Z","level":"info","event":"::endgroup::","run_id":"manual__2026-09-26T11:03:05.161280+00:00","task_id":"fetch_and_load_stock_data","ti_id":"01a0dd62-0ae0-7575-8fb3-a7a5a60dffae","try_number":1,"dag_id":"stock_market_elt_pipeline","map_index":-1,"logger":"task","filename":"task_runner.py","lineno":2379}
