{"timestamp":"2026-09-26T12:58:09.551517Z","level":"info","event":"::group::Pre Execute","logger":"task","filename":"task_runner.py","lineno":2412}
{"timestamp":"2026-09-26T12:58:12.848281Z","level":"info","event":"DAG bundles loaded: dags-folder, example_dags, apache-airflow-providers-common-sql-example-dags, apache-airflow-providers-standard-example-dags","run_id":"manual__2026-09-26T12:58:00.831515+00:00","ti_id":"01a0ddcb-4321-78d1-910a-8cdcf33626a2","task_id":"fetch_and_load_stock_data","map_index":-1,"dag_id":"stock_market_elt_pipeline","try_number":1,"logger":"airflow.dag_processing.bundles.manager.DagBundlesManager","filename":"manager.py","lineno":304}
{"timestamp":"2026-09-26T12:58:12.850134Z","level":"info","event":"Filling up the DagBag from /opt/airflow/dags/stock_pipeline_dag.py","run_id":"manual__2026-09-26T12:58:00.831515+00:00","ti_id":"01a0ddcb-4321-78d1-910a-8cdcf33626a2","task_id":"fetch_and_load_stock_data","map_index":-1,"dag_id":"stock_market_elt_pipeline","try_number":1,"logger":"airflow.dag_processing.dagbag.BundleDagBag","filename":"dagbag.py","lineno":460}
{"timestamp":"2026-09-26T12:58:14.543740Z","level":"warning","event":"The `airflow.operators.python.PythonOperator` attribute is deprecated. Please use `'airflow.providers.standard.operators.python.PythonOperator'`.","category":"UserWarning","filename":"/opt/airflow/dags/stock_pipeline_dag.py","lineno":3,"run_id":"manual__2026-09-26T12:58:00.831515+00:00","ti_id":"01a0ddcb-4321-78d1-910a-8cdcf33626a2","task_id":"fetch_and_load_stock_data","map_index":-1,"dag_id":"stock_market_elt_pipeline","try_number":1,"logger":"py.warnings"}
{"timestamp":"2026-09-26T12:58:14.544010Z","level":"warning","event":"The `airflow.operators.bash.BashOperator` attribute is deprecated. Please use `'airflow.providers.standard.operators.bash.BashOperator'`.","category":"UserWarning","filename":"/opt/airflow/dags/stock_pipeline_dag.py","lineno":4,"run_id":"manual__2026-09-26T12:58:00.831515+00:00","ti_id":"01a0ddcb-4321-78d1-910a-8cdcf33626a2","task_id":"fetch_and_load_stock_data","map_index":-1,"dag_id":"stock_market_elt_pipeline","try_number":1,"logger":"py.warnings"}
{"timestamp":"2026-09-26T12:58:14.545528Z","level":"info","event":"Worker startup parse complete","bundle_name":"dags-folder","bundle_version":null,"dag_file":"stock_pipeline_dag.py","dag_id":"stock_market_elt_pipeline","bundle_prepare_ms":4,"dag_file_parse_ms":1695,"run_id":"manual__2026-09-26T12:58:00.831515+00:00","ti_id":"01a0ddcb-4321-78d1-910a-8cdcf33626a2","task_id":"fetch_and_load_stock_data","map_index":-1,"try_number":1,"logger":"task","filename":"task_runner.py","lineno":1073}
{"timestamp":"2026-09-26T12:58:14.577848Z","level":"info","event":"Task instance is in running state","logger":"task.stdout"}
{"timestamp":"2026-09-26T12:58:14.579712Z","level":"info","event":" Previous state of the Task instance: TaskInstanceState.QUEUED","logger":"task.stdout"}
{"timestamp":"2026-09-26T12:58:14.580601Z","level":"info","event":"Current task name:fetch_and_load_stock_data","logger":"task.stdout"}
{"timestamp":"2026-09-26T12:58:14.581416Z","level":"info","event":"Dag name:stock_market_elt_pipeline","logger":"task.stdout"}
{"timestamp":"2026-09-26T12:58:14.578192Z","level":"info","event":"::endgroup::","run_id":"manual__2026-09-26T12:58:00.831515+00:00","ti_id":"01a0ddcb-4321-78d1-910a-8cdcf33626a2","task_id":"fetch_and_load_stock_data","map_index":-1,"dag_id":"stock_market_elt_pipeline","try_number":1,"logger":"task","filename":"task_runner.py","lineno":2232}
{"timestamp":"2026-09-26T12:58:14.582665Z","level":"info","event":"Inizio estrazione incrementale blindata con yfinance...","logger":"task.stdout"}
{"timestamp":"2026-09-26T12:58:14.604125Z","level":"info","event":"[AAPL] Nessun dato precedente. Scarico storico di 1 mese...","logger":"task.stdout"}
{"timestamp":"2026-09-26T12:58:15.483835Z","level":"info","event":"[AAPL] Trovate 22 nuove righe da aggiungere.","logger":"task.stdout"}
{"timestamp":"2026-09-26T12:58:15.486582Z","level":"info","event":"[MSFT] Nessun dato precedente. Scarico storico di 1 mese...","logger":"task.stdout"}
{"timestamp":"2026-09-26T12:58:15.688414Z","level":"info","event":"[MSFT] Trovate 22 nuove righe da aggiungere.","logger":"task.stdout"}
{"timestamp":"2026-09-26T12:58:15.690775Z","level":"info","event":"[TSLA] Nessun dato precedente. Scarico storico di 1 mese...","logger":"task.stdout"}
{"timestamp":"2026-09-26T12:58:15.853542Z","level":"info","event":"[TSLA] Trovate 22 nuove righe da aggiungere.","logger":"task.stdout"}
{"timestamp":"2026-09-26T12:58:15.855432Z","level":"info","event":"[GOOGL] Nessun dato precedente. Scarico storico di 1 mese...","logger":"task.stdout"}
{"timestamp":"2026-09-26T12:58:16.090459Z","level":"info","event":"[GOOGL] Trovate 22 nuove righe da aggiungere.","logger":"task.stdout"}
{"timestamp":"2026-09-26T12:58:16.092538Z","level":"info","event":"[AMZN] Nessun dato precedente. Scarico storico di 1 mese...","logger":"task.stdout"}
{"timestamp":"2026-09-26T12:58:16.252919Z","level":"info","event":"[AMZN] Trovate 22 nuove righe da aggiungere.","logger":"task.stdout"}
{"timestamp":"2026-09-26T12:58:16.269980Z","level":"info","event":"Caricamento completato: aggiunte 110 nuove righe.","logger":"task.stdout"}
{"timestamp":"2026-09-26T12:58:16.270029Z","level":"info","event":"Done. Returned value was: None","run_id":"manual__2026-09-26T12:58:00.831515+00:00","ti_id":"01a0ddcb-4321-78d1-910a-8cdcf33626a2","task_id":"fetch_and_load_stock_data","map_index":-1,"dag_id":"stock_market_elt_pipeline","try_number":1,"logger":"airflow.task.operators.airflow.providers.standard.operators.python.PythonOperator","filename":"python.py","lineno":233}
{"timestamp":"2026-09-26T12:58:16.270196Z","level":"info","event":"::group::Post Execute","run_id":"manual__2026-09-26T12:58:00.831515+00:00","ti_id":"01a0ddcb-4321-78d1-910a-8cdcf33626a2","task_id":"fetch_and_load_stock_data","map_index":-1,"dag_id":"stock_market_elt_pipeline","try_number":1,"logger":"task","filename":"task_runner.py","lineno":1580}
{"timestamp":"2026-09-26T12:58:16.297635Z","level":"info","event":"Task instance in success state","logger":"task.stdout"}
{"timestamp":"2026-09-26T12:58:16.298311Z","level":"info","event":" Previous state of the Task instance: TaskInstanceState.RUNNING","logger":"task.stdout"}
{"timestamp":"2026-09-26T12:58:16.298838Z","level":"info","event":"Task operator:<Task(PythonOperator): fetch_and_load_stock_data>","logger":"task.stdout"}
{"timestamp":"2026-09-26T12:58:16.297905Z","level":"info","event":"::endgroup::","run_id":"manual__2026-09-26T12:58:00.831515+00:00","ti_id":"01a0ddcb-4321-78d1-910a-8cdcf33626a2","task_id":"fetch_and_load_stock_data","map_index":-1,"dag_id":"stock_market_elt_pipeline","try_number":1,"logger":"task","filename":"task_runner.py","lineno":2379}
