{"timestamp":"2026-09-25T20:06:03.231470Z","level":"info","event":"::group::Pre Execute","logger":"task","filename":"task_runner.py","lineno":2412}
{"timestamp":"2026-09-25T20:06:06.246433Z","level":"info","event":"DAG bundles loaded: dags-folder, example_dags, apache-airflow-providers-common-sql-example-dags, apache-airflow-providers-standard-example-dags","ti_id":"01a0da2c-c381-7325-ae29-ad86c4091047","run_id":"manual__2026-09-25T20:06:01.832511+00:00","try_number":1,"dag_id":"stock_market_elt_pipeline","map_index":-1,"task_id":"fetch_and_load_stock_data","logger":"airflow.dag_processing.bundles.manager.DagBundlesManager","filename":"manager.py","lineno":304}
{"timestamp":"2026-09-25T20:06:06.247893Z","level":"info","event":"Filling up the DagBag from /opt/airflow/dags/stock_pipeline_dag.py","ti_id":"01a0da2c-c381-7325-ae29-ad86c4091047","run_id":"manual__2026-09-25T20:06:01.832511+00:00","try_number":1,"dag_id":"stock_market_elt_pipeline","map_index":-1,"task_id":"fetch_and_load_stock_data","logger":"airflow.dag_processing.dagbag.BundleDagBag","filename":"dagbag.py","lineno":460}
{"timestamp":"2026-09-25T20:06:07.874875Z","level":"warning","event":"The `airflow.operators.python.PythonOperator` attribute is deprecated. Please use `'airflow.providers.standard.operators.python.PythonOperator'`.","category":"UserWarning","filename":"/opt/airflow/dags/stock_pipeline_dag.py","lineno":7,"ti_id":"01a0da2c-c381-7325-ae29-ad86c4091047","run_id":"manual__2026-09-25T20:06:01.832511+00:00","try_number":1,"dag_id":"stock_market_elt_pipeline","map_index":-1,"task_id":"fetch_and_load_stock_data","logger":"py.warnings"}
{"timestamp":"2026-09-25T20:06:07.875074Z","level":"warning","event":"The `airflow.operators.bash.BashOperator` attribute is deprecated. Please use `'airflow.providers.standard.operators.bash.BashOperator'`.","category":"UserWarning","filename":"/opt/airflow/dags/stock_pipeline_dag.py","lineno":8,"ti_id":"01a0da2c-c381-7325-ae29-ad86c4091047","run_id":"manual__2026-09-25T20:06:01.832511+00:00","try_number":1,"dag_id":"stock_market_elt_pipeline","map_index":-1,"task_id":"fetch_and_load_stock_data","logger":"py.warnings"}
{"timestamp":"2026-09-25T20:06:07.876109Z","level":"info","event":"Worker startup parse complete","bundle_name":"dags-folder","bundle_version":null,"dag_file":"stock_pipeline_dag.py","dag_id":"stock_market_elt_pipeline","bundle_prepare_ms":3,"dag_file_parse_ms":1628,"ti_id":"01a0da2c-c381-7325-ae29-ad86c4091047","run_id":"manual__2026-09-25T20:06:01.832511+00:00","try_number":1,"map_index":-1,"task_id":"fetch_and_load_stock_data","logger":"task","filename":"task_runner.py","lineno":1073}
{"timestamp":"2026-09-25T20:06:07.905015Z","level":"info","event":"Task instance is in running state","logger":"task.stdout"}
{"timestamp":"2026-09-25T20:06:07.906289Z","level":"info","event":" Previous state of the Task instance: TaskInstanceState.QUEUED","logger":"task.stdout"}
{"timestamp":"2026-09-25T20:06:07.906940Z","level":"info","event":"Current task name:fetch_and_load_stock_data","logger":"task.stdout"}
{"timestamp":"2026-09-25T20:06:07.907548Z","level":"info","event":"Dag name:stock_market_elt_pipeline","logger":"task.stdout"}
{"timestamp":"2026-09-25T20:06:07.905385Z","level":"info","event":"::endgroup::","ti_id":"01a0da2c-c381-7325-ae29-ad86c4091047","run_id":"manual__2026-09-25T20:06:01.832511+00:00","try_number":1,"dag_id":"stock_market_elt_pipeline","map_index":-1,"task_id":"fetch_and_load_stock_data","logger":"task","filename":"task_runner.py","lineno":2232}
{"timestamp":"2026-09-25T20:06:07.908837Z","level":"info","event":"Inizio estrazione dati finanziari con yfinance...","logger":"task.stdout"}
{"timestamp":"2026-09-25T20:06:10.422008Z","level":"info","event":"Estratte 25 righe di dati. Inizio caricamento su PostgreSQL...","logger":"task.stdout"}
{"timestamp":"2026-09-25T20:06:10.442616Z","level":"info","event":"Caricamento completato con successo!","logger":"task.stdout"}
{"timestamp":"2026-09-25T20:06:10.442832Z","level":"info","event":"Done. Returned value was: None","ti_id":"01a0da2c-c381-7325-ae29-ad86c4091047","run_id":"manual__2026-09-25T20:06:01.832511+00:00","try_number":1,"dag_id":"stock_market_elt_pipeline","map_index":-1,"task_id":"fetch_and_load_stock_data","logger":"airflow.task.operators.airflow.providers.standard.operators.python.PythonOperator","filename":"python.py","lineno":233}
{"timestamp":"2026-09-25T20:06:10.442973Z","level":"info","event":"::group::Post Execute","ti_id":"01a0da2c-c381-7325-ae29-ad86c4091047","run_id":"manual__2026-09-25T20:06:01.832511+00:00","try_number":1,"dag_id":"stock_market_elt_pipeline","map_index":-1,"task_id":"fetch_and_load_stock_data","logger":"task","filename":"task_runner.py","lineno":1580}
{"timestamp":"2026-09-25T20:06:10.464648Z","level":"info","event":"Task instance in success state","logger":"task.stdout"}
{"timestamp":"2026-09-25T20:06:10.465468Z","level":"info","event":" Previous state of the Task instance: TaskInstanceState.RUNNING","logger":"task.stdout"}
{"timestamp":"2026-09-25T20:06:10.466016Z","level":"info","event":"Task operator:<Task(PythonOperator): fetch_and_load_stock_data>","logger":"task.stdout"}
{"timestamp":"2026-09-25T20:06:10.464986Z","level":"info","event":"::endgroup::","ti_id":"01a0da2c-c381-7325-ae29-ad86c4091047","run_id":"manual__2026-09-25T20:06:01.832511+00:00","try_number":1,"dag_id":"stock_market_elt_pipeline","map_index":-1,"task_id":"fetch_and_load_stock_data","logger":"task","filename":"task_runner.py","lineno":2379}
