{"timestamp":"2026-09-26T12:50:26.969759Z","level":"info","event":"::group::Pre Execute","logger":"task","filename":"task_runner.py","lineno":2412}
{"timestamp":"2026-09-26T12:50:27.047956Z","level":"info","event":"DAG bundles loaded: dags-folder, example_dags, apache-airflow-providers-common-sql-example-dags, apache-airflow-providers-standard-example-dags","try_number":1,"map_index":-1,"run_id":"manual__2026-09-26T12:50:26.721531+00:00","ti_id":"01a0ddc4-552e-7f4b-b065-c854e1f49dcc","task_id":"fetch_and_load_stock_data","dag_id":"stock_market_elt_pipeline","logger":"airflow.dag_processing.bundles.manager.DagBundlesManager","filename":"manager.py","lineno":304}
{"timestamp":"2026-09-26T12:50:27.049955Z","level":"info","event":"Filling up the DagBag from /opt/airflow/dags/stock_pipeline_dag.py","try_number":1,"map_index":-1,"run_id":"manual__2026-09-26T12:50:26.721531+00:00","ti_id":"01a0ddc4-552e-7f4b-b065-c854e1f49dcc","task_id":"fetch_and_load_stock_data","dag_id":"stock_market_elt_pipeline","logger":"airflow.dag_processing.dagbag.BundleDagBag","filename":"dagbag.py","lineno":460}
{"timestamp":"2026-09-26T12:50:27.673956Z","level":"warning","event":"The `airflow.operators.python.PythonOperator` attribute is deprecated. Please use `'airflow.providers.standard.operators.python.PythonOperator'`.","category":"UserWarning","filename":"/opt/airflow/dags/stock_pipeline_dag.py","lineno":3,"try_number":1,"map_index":-1,"run_id":"manual__2026-09-26T12:50:26.721531+00:00","ti_id":"01a0ddc4-552e-7f4b-b065-c854e1f49dcc","task_id":"fetch_and_load_stock_data","dag_id":"stock_market_elt_pipeline","logger":"py.warnings"}
{"timestamp":"2026-09-26T12:50:27.674216Z","level":"warning","event":"The `airflow.operators.bash.BashOperator` attribute is deprecated. Please use `'airflow.providers.standard.operators.bash.BashOperator'`.","category":"UserWarning","filename":"/opt/airflow/dags/stock_pipeline_dag.py","lineno":4,"try_number":1,"map_index":-1,"run_id":"manual__2026-09-26T12:50:26.721531+00:00","ti_id":"01a0ddc4-552e-7f4b-b065-c854e1f49dcc","task_id":"fetch_and_load_stock_data","dag_id":"stock_market_elt_pipeline","logger":"py.warnings"}
{"timestamp":"2026-09-26T12:50:27.675255Z","level":"info","event":"Worker startup parse complete","bundle_name":"dags-folder","bundle_version":null,"dag_file":"stock_pipeline_dag.py","dag_id":"stock_market_elt_pipeline","bundle_prepare_ms":3,"dag_file_parse_ms":625,"try_number":1,"map_index":-1,"run_id":"manual__2026-09-26T12:50:26.721531+00:00","ti_id":"01a0ddc4-552e-7f4b-b065-c854e1f49dcc","task_id":"fetch_and_load_stock_data","logger":"task","filename":"task_runner.py","lineno":1073}
{"timestamp":"2026-09-26T12:50:27.701787Z","level":"info","event":"Task instance is in running state","logger":"task.stdout"}
{"timestamp":"2026-09-26T12:50:27.702747Z","level":"info","event":" Previous state of the Task instance: TaskInstanceState.QUEUED","logger":"task.stdout"}
{"timestamp":"2026-09-26T12:50:27.703455Z","level":"info","event":"Current task name:fetch_and_load_stock_data","logger":"task.stdout"}
{"timestamp":"2026-09-26T12:50:27.703948Z","level":"info","event":"Dag name:stock_market_elt_pipeline","logger":"task.stdout"}
{"timestamp":"2026-09-26T12:50:27.702122Z","level":"info","event":"::endgroup::","try_number":1,"map_index":-1,"run_id":"manual__2026-09-26T12:50:26.721531+00:00","ti_id":"01a0ddc4-552e-7f4b-b065-c854e1f49dcc","task_id":"fetch_and_load_stock_data","dag_id":"stock_market_elt_pipeline","logger":"task","filename":"task_runner.py","lineno":2232}
{"timestamp":"2026-09-26T12:50:27.704978Z","level":"info","event":"Inizio estrazione incrementale blindata con yfinance...","logger":"task.stdout"}
{"timestamp":"2026-09-26T12:50:27.730210Z","level":"info","event":"[AAPL] Ultima data nel DB: 2026-09-25. Scarico dal 2026-09-25...","logger":"task.stdout"}
{"timestamp":"2026-09-26T12:50:28.215855Z","level":"info","event":"[AAPL] Nessuna nuova riga (già aggiornato).","logger":"task.stdout"}
{"timestamp":"2026-09-26T12:50:28.220518Z","level":"info","event":"[MSFT] Ultima data nel DB: 2026-09-25. Scarico dal 2026-09-25...","logger":"task.stdout"}
{"timestamp":"2026-09-26T12:50:28.325450Z","level":"info","event":"[MSFT] Nessuna nuova riga (già aggiornato).","logger":"task.stdout"}
{"timestamp":"2026-09-26T12:50:28.329591Z","level":"info","event":"[TSLA] Ultima data nel DB: 2026-09-25. Scarico dal 2026-09-25...","logger":"task.stdout"}
{"timestamp":"2026-09-26T12:50:28.412800Z","level":"info","event":"[TSLA] Nessuna nuova riga (già aggiornato).","logger":"task.stdout"}
{"timestamp":"2026-09-26T12:50:28.416108Z","level":"info","event":"[GOOGL] Ultima data nel DB: 2026-09-25. Scarico dal 2026-09-25...","logger":"task.stdout"}
{"timestamp":"2026-09-26T12:50:28.507982Z","level":"info","event":"[GOOGL] Nessuna nuova riga (già aggiornato).","logger":"task.stdout"}
{"timestamp":"2026-09-26T12:50:28.511339Z","level":"info","event":"[AMZN] Ultima data nel DB: 2026-09-25. Scarico dal 2026-09-25...","logger":"task.stdout"}
{"timestamp":"2026-09-26T12:50:28.589438Z","level":"info","event":"[AMZN] Nessuna nuova riga (già aggiornato).","logger":"task.stdout"}
{"timestamp":"2026-09-26T12:50:28.590531Z","level":"info","event":"Nessun nuovo dato da caricare per nessun ticker.","logger":"task.stdout"}
{"timestamp":"2026-09-26T12:50:28.589577Z","level":"info","event":"Done. Returned value was: None","try_number":1,"map_index":-1,"run_id":"manual__2026-09-26T12:50:26.721531+00:00","ti_id":"01a0ddc4-552e-7f4b-b065-c854e1f49dcc","task_id":"fetch_and_load_stock_data","dag_id":"stock_market_elt_pipeline","logger":"airflow.task.operators.airflow.providers.standard.operators.python.PythonOperator","filename":"python.py","lineno":233}
{"timestamp":"2026-09-26T12:50:28.589729Z","level":"info","event":"::group::Post Execute","try_number":1,"map_index":-1,"run_id":"manual__2026-09-26T12:50:26.721531+00:00","ti_id":"01a0ddc4-552e-7f4b-b065-c854e1f49dcc","task_id":"fetch_and_load_stock_data","dag_id":"stock_market_elt_pipeline","logger":"task","filename":"task_runner.py","lineno":1580}
{"timestamp":"2026-09-26T12:50:28.608569Z","level":"info","event":"Task instance in success state","logger":"task.stdout"}
{"timestamp":"2026-09-26T12:50:28.609311Z","level":"info","event":" Previous state of the Task instance: TaskInstanceState.RUNNING","logger":"task.stdout"}
{"timestamp":"2026-09-26T12:50:28.609944Z","level":"info","event":"Task operator:<Task(PythonOperator): fetch_and_load_stock_data>","logger":"task.stdout"}
{"timestamp":"2026-09-26T12:50:28.608882Z","level":"info","event":"::endgroup::","try_number":1,"map_index":-1,"run_id":"manual__2026-09-26T12:50:26.721531+00:00","ti_id":"01a0ddc4-552e-7f4b-b065-c854e1f49dcc","task_id":"fetch_and_load_stock_data","dag_id":"stock_market_elt_pipeline","logger":"task","filename":"task_runner.py","lineno":2379}
