{"timestamp":"2026-09-26T11:37:18.069897Z","level":"info","event":"::group::Pre Execute","logger":"task","filename":"task_runner.py","lineno":2412}
{"timestamp":"2026-09-26T11:37:18.122421Z","level":"info","event":"DAG bundles loaded: dags-folder, example_dags, apache-airflow-providers-common-sql-example-dags, apache-airflow-providers-standard-example-dags","run_id":"manual__2026-09-26T11:37:17.633131+00:00","ti_id":"01a0dd81-5c50-74b9-82ec-a4712f4da360","map_index":-1,"task_id":"fetch_and_load_stock_data","dag_id":"stock_market_elt_pipeline","try_number":1,"logger":"airflow.dag_processing.bundles.manager.DagBundlesManager","filename":"manager.py","lineno":304}
{"timestamp":"2026-09-26T11:37:18.124825Z","level":"info","event":"Filling up the DagBag from /opt/airflow/dags/stock_pipeline_dag.py","run_id":"manual__2026-09-26T11:37:17.633131+00:00","ti_id":"01a0dd81-5c50-74b9-82ec-a4712f4da360","map_index":-1,"task_id":"fetch_and_load_stock_data","dag_id":"stock_market_elt_pipeline","try_number":1,"logger":"airflow.dag_processing.dagbag.BundleDagBag","filename":"dagbag.py","lineno":460}
{"timestamp":"2026-09-26T11:37:18.866582Z","level":"warning","event":"The `airflow.operators.python.PythonOperator` attribute is deprecated. Please use `'airflow.providers.standard.operators.python.PythonOperator'`.","category":"UserWarning","filename":"/opt/airflow/dags/stock_pipeline_dag.py","lineno":7,"run_id":"manual__2026-09-26T11:37:17.633131+00:00","ti_id":"01a0dd81-5c50-74b9-82ec-a4712f4da360","map_index":-1,"task_id":"fetch_and_load_stock_data","dag_id":"stock_market_elt_pipeline","try_number":1,"logger":"py.warnings"}
{"timestamp":"2026-09-26T11:37:18.866834Z","level":"warning","event":"The `airflow.operators.bash.BashOperator` attribute is deprecated. Please use `'airflow.providers.standard.operators.bash.BashOperator'`.","category":"UserWarning","filename":"/opt/airflow/dags/stock_pipeline_dag.py","lineno":8,"run_id":"manual__2026-09-26T11:37:17.633131+00:00","ti_id":"01a0dd81-5c50-74b9-82ec-a4712f4da360","map_index":-1,"task_id":"fetch_and_load_stock_data","dag_id":"stock_market_elt_pipeline","try_number":1,"logger":"py.warnings"}
{"timestamp":"2026-09-26T11:37:18.868613Z","level":"info","event":"Worker startup parse complete","bundle_name":"dags-folder","bundle_version":null,"dag_file":"stock_pipeline_dag.py","dag_id":"stock_market_elt_pipeline","bundle_prepare_ms":4,"dag_file_parse_ms":744,"run_id":"manual__2026-09-26T11:37:17.633131+00:00","ti_id":"01a0dd81-5c50-74b9-82ec-a4712f4da360","map_index":-1,"task_id":"fetch_and_load_stock_data","try_number":1,"logger":"task","filename":"task_runner.py","lineno":1073}
{"timestamp":"2026-09-26T11:37:18.893542Z","level":"info","event":"Task instance is in running state","logger":"task.stdout"}
{"timestamp":"2026-09-26T11:37:18.894501Z","level":"info","event":" Previous state of the Task instance: TaskInstanceState.QUEUED","logger":"task.stdout"}
{"timestamp":"2026-09-26T11:37:18.895164Z","level":"info","event":"Current task name:fetch_and_load_stock_data","logger":"task.stdout"}
{"timestamp":"2026-09-26T11:37:18.895710Z","level":"info","event":"Dag name:stock_market_elt_pipeline","logger":"task.stdout"}
{"timestamp":"2026-09-26T11:37:18.894052Z","level":"info","event":"::endgroup::","run_id":"manual__2026-09-26T11:37:17.633131+00:00","ti_id":"01a0dd81-5c50-74b9-82ec-a4712f4da360","map_index":-1,"task_id":"fetch_and_load_stock_data","dag_id":"stock_market_elt_pipeline","try_number":1,"logger":"task","filename":"task_runner.py","lineno":2232}
{"timestamp":"2026-09-26T11:37:18.896879Z","level":"info","event":"Inizio estrazione dati finanziari con yfinance...","logger":"task.stdout"}
{"timestamp":"2026-09-26T11:37:20.002983Z","level":"info","event":"Estratte 25 righe di dati. Inizio caricamento su PostgreSQL...","logger":"task.stdout"}
{"timestamp":"2026-09-26T11:37:20.031264Z","level":"info","event":"Caricamento completato con successo!","logger":"task.stdout"}
{"timestamp":"2026-09-26T11:37:20.031516Z","level":"info","event":"Done. Returned value was: None","run_id":"manual__2026-09-26T11:37:17.633131+00:00","ti_id":"01a0dd81-5c50-74b9-82ec-a4712f4da360","map_index":-1,"task_id":"fetch_and_load_stock_data","dag_id":"stock_market_elt_pipeline","try_number":1,"logger":"airflow.task.operators.airflow.providers.standard.operators.python.PythonOperator","filename":"python.py","lineno":233}
{"timestamp":"2026-09-26T11:37:20.031659Z","level":"info","event":"::group::Post Execute","run_id":"manual__2026-09-26T11:37:17.633131+00:00","ti_id":"01a0dd81-5c50-74b9-82ec-a4712f4da360","map_index":-1,"task_id":"fetch_and_load_stock_data","dag_id":"stock_market_elt_pipeline","try_number":1,"logger":"task","filename":"task_runner.py","lineno":1580}
{"timestamp":"2026-09-26T11:37:20.050674Z","level":"info","event":"Task instance in success state","logger":"task.stdout"}
{"timestamp":"2026-09-26T11:37:20.051860Z","level":"info","event":" Previous state of the Task instance: TaskInstanceState.RUNNING","logger":"task.stdout"}
{"timestamp":"2026-09-26T11:37:20.052688Z","level":"info","event":"Task operator:<Task(PythonOperator): fetch_and_load_stock_data>","logger":"task.stdout"}
{"timestamp":"2026-09-26T11:37:20.051251Z","level":"info","event":"::endgroup::","run_id":"manual__2026-09-26T11:37:17.633131+00:00","ti_id":"01a0dd81-5c50-74b9-82ec-a4712f4da360","map_index":-1,"task_id":"fetch_and_load_stock_data","dag_id":"stock_market_elt_pipeline","try_number":1,"logger":"task","filename":"task_runner.py","lineno":2379}
