{"timestamp":"2026-09-25T20:23:07.166285Z","level":"info","event":"::group::Pre Execute","logger":"task","filename":"task_runner.py","lineno":2412}
{"timestamp":"2026-09-25T20:23:07.190816Z","level":"info","event":"DAG bundles loaded: dags-folder, example_dags, apache-airflow-providers-common-sql-example-dags, apache-airflow-providers-standard-example-dags","dag_id":"stock_market_elt_pipeline","ti_id":"01a0da3c-6461-7cf1-bbeb-061a2f8bc05d","try_number":1,"run_id":"manual__2026-09-25T20:23:06.070222+00:00","task_id":"fetch_and_load_stock_data","map_index":-1,"logger":"airflow.dag_processing.bundles.manager.DagBundlesManager","filename":"manager.py","lineno":304}
{"timestamp":"2026-09-25T20:23:07.192904Z","level":"info","event":"Filling up the DagBag from /opt/airflow/dags/stock_pipeline_dag.py","dag_id":"stock_market_elt_pipeline","ti_id":"01a0da3c-6461-7cf1-bbeb-061a2f8bc05d","try_number":1,"run_id":"manual__2026-09-25T20:23:06.070222+00:00","task_id":"fetch_and_load_stock_data","map_index":-1,"logger":"airflow.dag_processing.dagbag.BundleDagBag","filename":"dagbag.py","lineno":460}
{"timestamp":"2026-09-25T20:23:07.739610Z","level":"warning","event":"The `airflow.operators.python.PythonOperator` attribute is deprecated. Please use `'airflow.providers.standard.operators.python.PythonOperator'`.","category":"UserWarning","filename":"/opt/airflow/dags/stock_pipeline_dag.py","lineno":7,"dag_id":"stock_market_elt_pipeline","ti_id":"01a0da3c-6461-7cf1-bbeb-061a2f8bc05d","try_number":1,"run_id":"manual__2026-09-25T20:23:06.070222+00:00","task_id":"fetch_and_load_stock_data","map_index":-1,"logger":"py.warnings"}
{"timestamp":"2026-09-25T20:23:07.739828Z","level":"warning","event":"The `airflow.operators.bash.BashOperator` attribute is deprecated. Please use `'airflow.providers.standard.operators.bash.BashOperator'`.","category":"UserWarning","filename":"/opt/airflow/dags/stock_pipeline_dag.py","lineno":8,"dag_id":"stock_market_elt_pipeline","ti_id":"01a0da3c-6461-7cf1-bbeb-061a2f8bc05d","try_number":1,"run_id":"manual__2026-09-25T20:23:06.070222+00:00","task_id":"fetch_and_load_stock_data","map_index":-1,"logger":"py.warnings"}
{"timestamp":"2026-09-25T20:23:07.740832Z","level":"info","event":"Worker startup parse complete","bundle_name":"dags-folder","bundle_version":null,"dag_file":"stock_pipeline_dag.py","dag_id":"stock_market_elt_pipeline","bundle_prepare_ms":3,"dag_file_parse_ms":548,"ti_id":"01a0da3c-6461-7cf1-bbeb-061a2f8bc05d","try_number":1,"run_id":"manual__2026-09-25T20:23:06.070222+00:00","task_id":"fetch_and_load_stock_data","map_index":-1,"logger":"task","filename":"task_runner.py","lineno":1073}
{"timestamp":"2026-09-25T20:23:07.764163Z","level":"info","event":"Task instance is in running state","logger":"task.stdout"}
{"timestamp":"2026-09-25T20:23:07.765256Z","level":"info","event":" Previous state of the Task instance: TaskInstanceState.QUEUED","logger":"task.stdout"}
{"timestamp":"2026-09-25T20:23:07.765734Z","level":"info","event":"Current task name:fetch_and_load_stock_data","logger":"task.stdout"}
{"timestamp":"2026-09-25T20:23:07.766161Z","level":"info","event":"Dag name:stock_market_elt_pipeline","logger":"task.stdout"}
{"timestamp":"2026-09-25T20:23:07.764816Z","level":"info","event":"::endgroup::","dag_id":"stock_market_elt_pipeline","ti_id":"01a0da3c-6461-7cf1-bbeb-061a2f8bc05d","try_number":1,"run_id":"manual__2026-09-25T20:23:06.070222+00:00","task_id":"fetch_and_load_stock_data","map_index":-1,"logger":"task","filename":"task_runner.py","lineno":2232}
{"timestamp":"2026-09-25T20:23:07.767128Z","level":"info","event":"Inizio estrazione dati finanziari con yfinance...","logger":"task.stdout"}
{"timestamp":"2026-09-25T20:23:08.825649Z","level":"info","event":"Estratte 25 righe di dati. Inizio caricamento su PostgreSQL...","logger":"task.stdout"}
{"timestamp":"2026-09-25T20:23:08.850727Z","level":"info","event":"Caricamento completato con successo!","logger":"task.stdout"}
{"timestamp":"2026-09-25T20:23:08.851011Z","level":"info","event":"Done. Returned value was: None","dag_id":"stock_market_elt_pipeline","ti_id":"01a0da3c-6461-7cf1-bbeb-061a2f8bc05d","try_number":1,"run_id":"manual__2026-09-25T20:23:06.070222+00:00","task_id":"fetch_and_load_stock_data","map_index":-1,"logger":"airflow.task.operators.airflow.providers.standard.operators.python.PythonOperator","filename":"python.py","lineno":233}
{"timestamp":"2026-09-25T20:23:08.851163Z","level":"info","event":"::group::Post Execute","dag_id":"stock_market_elt_pipeline","ti_id":"01a0da3c-6461-7cf1-bbeb-061a2f8bc05d","try_number":1,"run_id":"manual__2026-09-25T20:23:06.070222+00:00","task_id":"fetch_and_load_stock_data","map_index":-1,"logger":"task","filename":"task_runner.py","lineno":1580}
{"timestamp":"2026-09-25T20:23:08.868183Z","level":"info","event":"Task instance in success state","logger":"task.stdout"}
{"timestamp":"2026-09-25T20:23:08.869053Z","level":"info","event":" Previous state of the Task instance: TaskInstanceState.RUNNING","logger":"task.stdout"}
{"timestamp":"2026-09-25T20:23:08.869745Z","level":"info","event":"Task operator:<Task(PythonOperator): fetch_and_load_stock_data>","logger":"task.stdout"}
{"timestamp":"2026-09-25T20:23:08.868531Z","level":"info","event":"::endgroup::","dag_id":"stock_market_elt_pipeline","ti_id":"01a0da3c-6461-7cf1-bbeb-061a2f8bc05d","try_number":1,"run_id":"manual__2026-09-25T20:23:06.070222+00:00","task_id":"fetch_and_load_stock_data","map_index":-1,"logger":"task","filename":"task_runner.py","lineno":2379}
