{"timestamp":"2026-09-26T12:48:00.257705Z","level":"info","event":"::group::Pre Execute","logger":"task","filename":"task_runner.py","lineno":2412}
{"timestamp":"2026-09-26T12:48:03.687821Z","level":"info","event":"DAG bundles loaded: dags-folder, example_dags, apache-airflow-providers-common-sql-example-dags, apache-airflow-providers-standard-example-dags","dag_id":"stock_market_elt_pipeline","map_index":-1,"task_id":"fetch_and_load_stock_data","ti_id":"01a0ddc2-0268-740e-ba45-c6a0f5589a25","try_number":1,"run_id":"manual__2026-09-26T12:47:54.431071+00:00","logger":"airflow.dag_processing.bundles.manager.DagBundlesManager","filename":"manager.py","lineno":304}
{"timestamp":"2026-09-26T12:48:03.689200Z","level":"info","event":"Filling up the DagBag from /opt/airflow/dags/stock_pipeline_dag.py","dag_id":"stock_market_elt_pipeline","map_index":-1,"task_id":"fetch_and_load_stock_data","ti_id":"01a0ddc2-0268-740e-ba45-c6a0f5589a25","try_number":1,"run_id":"manual__2026-09-26T12:47:54.431071+00:00","logger":"airflow.dag_processing.dagbag.BundleDagBag","filename":"dagbag.py","lineno":460}
{"timestamp":"2026-09-26T12:48:05.393983Z","level":"warning","event":"The `airflow.operators.python.PythonOperator` attribute is deprecated. Please use `'airflow.providers.standard.operators.python.PythonOperator'`.","category":"UserWarning","filename":"/opt/airflow/dags/stock_pipeline_dag.py","lineno":3,"dag_id":"stock_market_elt_pipeline","map_index":-1,"task_id":"fetch_and_load_stock_data","ti_id":"01a0ddc2-0268-740e-ba45-c6a0f5589a25","try_number":1,"run_id":"manual__2026-09-26T12:47:54.431071+00:00","logger":"py.warnings"}
{"timestamp":"2026-09-26T12:48:05.394287Z","level":"warning","event":"The `airflow.operators.bash.BashOperator` attribute is deprecated. Please use `'airflow.providers.standard.operators.bash.BashOperator'`.","category":"UserWarning","filename":"/opt/airflow/dags/stock_pipeline_dag.py","lineno":4,"dag_id":"stock_market_elt_pipeline","map_index":-1,"task_id":"fetch_and_load_stock_data","ti_id":"01a0ddc2-0268-740e-ba45-c6a0f5589a25","try_number":1,"run_id":"manual__2026-09-26T12:47:54.431071+00:00","logger":"py.warnings"}
{"timestamp":"2026-09-26T12:48:05.395656Z","level":"info","event":"Worker startup parse complete","bundle_name":"dags-folder","bundle_version":null,"dag_file":"stock_pipeline_dag.py","dag_id":"stock_market_elt_pipeline","bundle_prepare_ms":3,"dag_file_parse_ms":1706,"map_index":-1,"task_id":"fetch_and_load_stock_data","ti_id":"01a0ddc2-0268-740e-ba45-c6a0f5589a25","try_number":1,"run_id":"manual__2026-09-26T12:47:54.431071+00:00","logger":"task","filename":"task_runner.py","lineno":1073}
{"timestamp":"2026-09-26T12:48:05.431498Z","level":"info","event":"Task instance is in running state","logger":"task.stdout"}
{"timestamp":"2026-09-26T12:48:05.432091Z","level":"info","event":" Previous state of the Task instance: TaskInstanceState.QUEUED","logger":"task.stdout"}
{"timestamp":"2026-09-26T12:48:05.432696Z","level":"info","event":"Current task name:fetch_and_load_stock_data","logger":"task.stdout"}
{"timestamp":"2026-09-26T12:48:05.433260Z","level":"info","event":"Dag name:stock_market_elt_pipeline","logger":"task.stdout"}
{"timestamp":"2026-09-26T12:48:05.431870Z","level":"info","event":"::endgroup::","dag_id":"stock_market_elt_pipeline","map_index":-1,"task_id":"fetch_and_load_stock_data","ti_id":"01a0ddc2-0268-740e-ba45-c6a0f5589a25","try_number":1,"run_id":"manual__2026-09-26T12:47:54.431071+00:00","logger":"task","filename":"task_runner.py","lineno":2232}
{"timestamp":"2026-09-26T12:48:05.434544Z","level":"info","event":"Inizio estrazione incrementale blindata con yfinance...","logger":"task.stdout"}
{"timestamp":"2026-09-26T12:48:05.457327Z","level":"info","event":"[AAPL] Nessun dato precedente. Scarico storico di 1 mese...","logger":"task.stdout"}
{"timestamp":"2026-09-26T12:48:05.459181Z","level":"info","event":"Failed to create TzCache, reason: Error creating TzCache folder: '/home/airflow/.cache/py-yfinance' reason: [Errno 17] File exists: '/home/airflow/.cache/py-yfinance'. TzCache will not be used. Tip: You can direct cache to use a different location with 'set_tz_cache_location(mylocation)'","logger":"yfinance","dag_id":"stock_market_elt_pipeline","map_index":-1,"task_id":"fetch_and_load_stock_data","ti_id":"01a0ddc2-0268-740e-ba45-c6a0f5589a25","try_number":1,"run_id":"manual__2026-09-26T12:47:54.431071+00:00","filename":"cache.py","lineno":132}
{"timestamp":"2026-09-26T12:48:06.377891Z","level":"info","event":"[AAPL] Trovate 22 nuove righe da aggiungere.","logger":"task.stdout"}
{"timestamp":"2026-09-26T12:48:06.380095Z","level":"info","event":"[MSFT] Nessun dato precedente. Scarico storico di 1 mese...","logger":"task.stdout"}
{"timestamp":"2026-09-26T12:48:06.577704Z","level":"info","event":"[MSFT] Trovate 22 nuove righe da aggiungere.","logger":"task.stdout"}
{"timestamp":"2026-09-26T12:48:06.580395Z","level":"info","event":"[TSLA] Nessun dato precedente. Scarico storico di 1 mese...","logger":"task.stdout"}
{"timestamp":"2026-09-26T12:48:06.854074Z","level":"info","event":"[TSLA] Trovate 22 nuove righe da aggiungere.","logger":"task.stdout"}
{"timestamp":"2026-09-26T12:48:06.856729Z","level":"info","event":"[GOOGL] Nessun dato precedente. Scarico storico di 1 mese...","logger":"task.stdout"}
{"timestamp":"2026-09-26T12:48:07.032384Z","level":"info","event":"[GOOGL] Trovate 22 nuove righe da aggiungere.","logger":"task.stdout"}
{"timestamp":"2026-09-26T12:48:07.035002Z","level":"info","event":"[AMZN] Nessun dato precedente. Scarico storico di 1 mese...","logger":"task.stdout"}
{"timestamp":"2026-09-26T12:48:07.246352Z","level":"info","event":"[AMZN] Trovate 22 nuove righe da aggiungere.","logger":"task.stdout"}
{"timestamp":"2026-09-26T12:48:07.255415Z","level":"info","event":"Caricamento completato: aggiunte 110 nuove righe.","logger":"task.stdout"}
{"timestamp":"2026-09-26T12:48:07.255479Z","level":"info","event":"Done. Returned value was: None","dag_id":"stock_market_elt_pipeline","map_index":-1,"task_id":"fetch_and_load_stock_data","ti_id":"01a0ddc2-0268-740e-ba45-c6a0f5589a25","try_number":1,"run_id":"manual__2026-09-26T12:47:54.431071+00:00","logger":"airflow.task.operators.airflow.providers.standard.operators.python.PythonOperator","filename":"python.py","lineno":233}
{"timestamp":"2026-09-26T12:48:07.255615Z","level":"info","event":"::group::Post Execute","dag_id":"stock_market_elt_pipeline","map_index":-1,"task_id":"fetch_and_load_stock_data","ti_id":"01a0ddc2-0268-740e-ba45-c6a0f5589a25","try_number":1,"run_id":"manual__2026-09-26T12:47:54.431071+00:00","logger":"task","filename":"task_runner.py","lineno":1580}
{"timestamp":"2026-09-26T12:48:07.273013Z","level":"info","event":"Task instance in success state","logger":"task.stdout"}
{"timestamp":"2026-09-26T12:48:07.273835Z","level":"info","event":" Previous state of the Task instance: TaskInstanceState.RUNNING","logger":"task.stdout"}
{"timestamp":"2026-09-26T12:48:07.274693Z","level":"info","event":"Task operator:<Task(PythonOperator): fetch_and_load_stock_data>","logger":"task.stdout"}
{"timestamp":"2026-09-26T12:48:07.273301Z","level":"info","event":"::endgroup::","dag_id":"stock_market_elt_pipeline","map_index":-1,"task_id":"fetch_and_load_stock_data","ti_id":"01a0ddc2-0268-740e-ba45-c6a0f5589a25","try_number":1,"run_id":"manual__2026-09-26T12:47:54.431071+00:00","logger":"task","filename":"task_runner.py","lineno":2379}
