{"timestamp":"2026-09-26T12:26:41.923505Z","level":"info","event":"::group::Pre Execute","logger":"task","filename":"task_runner.py","lineno":2412}
{"timestamp":"2026-09-26T12:26:41.958613Z","level":"info","event":"DAG bundles loaded: dags-folder, example_dags, apache-airflow-providers-common-sql-example-dags, apache-airflow-providers-standard-example-dags","try_number":1,"run_id":"manual__2026-09-26T12:26:41.146820+00:00","map_index":-1,"task_id":"fetch_and_load_stock_data","dag_id":"stock_market_elt_pipeline","ti_id":"01a0ddae-948a-7a7e-9300-f149d4ccc234","logger":"airflow.dag_processing.bundles.manager.DagBundlesManager","filename":"manager.py","lineno":304}
{"timestamp":"2026-09-26T12:26:41.962355Z","level":"info","event":"Filling up the DagBag from /opt/airflow/dags/stock_pipeline_dag.py","try_number":1,"run_id":"manual__2026-09-26T12:26:41.146820+00:00","map_index":-1,"task_id":"fetch_and_load_stock_data","dag_id":"stock_market_elt_pipeline","ti_id":"01a0ddae-948a-7a7e-9300-f149d4ccc234","logger":"airflow.dag_processing.dagbag.BundleDagBag","filename":"dagbag.py","lineno":460}
{"timestamp":"2026-09-26T12:26:42.553243Z","level":"warning","event":"The `airflow.operators.python.PythonOperator` attribute is deprecated. Please use `'airflow.providers.standard.operators.python.PythonOperator'`.","category":"UserWarning","filename":"/opt/airflow/dags/stock_pipeline_dag.py","lineno":7,"try_number":1,"run_id":"manual__2026-09-26T12:26:41.146820+00:00","map_index":-1,"task_id":"fetch_and_load_stock_data","dag_id":"stock_market_elt_pipeline","ti_id":"01a0ddae-948a-7a7e-9300-f149d4ccc234","logger":"py.warnings"}
{"timestamp":"2026-09-26T12:26:42.553522Z","level":"warning","event":"The `airflow.operators.bash.BashOperator` attribute is deprecated. Please use `'airflow.providers.standard.operators.bash.BashOperator'`.","category":"UserWarning","filename":"/opt/airflow/dags/stock_pipeline_dag.py","lineno":8,"try_number":1,"run_id":"manual__2026-09-26T12:26:41.146820+00:00","map_index":-1,"task_id":"fetch_and_load_stock_data","dag_id":"stock_market_elt_pipeline","ti_id":"01a0ddae-948a-7a7e-9300-f149d4ccc234","logger":"py.warnings"}
{"timestamp":"2026-09-26T12:26:42.555098Z","level":"info","event":"Worker startup parse complete","bundle_name":"dags-folder","bundle_version":null,"dag_file":"stock_pipeline_dag.py","dag_id":"stock_market_elt_pipeline","bundle_prepare_ms":5,"dag_file_parse_ms":593,"try_number":1,"run_id":"manual__2026-09-26T12:26:41.146820+00:00","map_index":-1,"task_id":"fetch_and_load_stock_data","ti_id":"01a0ddae-948a-7a7e-9300-f149d4ccc234","logger":"task","filename":"task_runner.py","lineno":1073}
{"timestamp":"2026-09-26T12:26:42.576231Z","level":"info","event":"Task instance is in running state","logger":"task.stdout"}
{"timestamp":"2026-09-26T12:26:42.577108Z","level":"info","event":" Previous state of the Task instance: TaskInstanceState.QUEUED","logger":"task.stdout"}
{"timestamp":"2026-09-26T12:26:42.577652Z","level":"info","event":"Current task name:fetch_and_load_stock_data","logger":"task.stdout"}
{"timestamp":"2026-09-26T12:26:42.578213Z","level":"info","event":"Dag name:stock_market_elt_pipeline","logger":"task.stdout"}
{"timestamp":"2026-09-26T12:26:42.576752Z","level":"info","event":"::endgroup::","try_number":1,"run_id":"manual__2026-09-26T12:26:41.146820+00:00","map_index":-1,"task_id":"fetch_and_load_stock_data","dag_id":"stock_market_elt_pipeline","ti_id":"01a0ddae-948a-7a7e-9300-f149d4ccc234","logger":"task","filename":"task_runner.py","lineno":2232}
{"timestamp":"2026-09-26T12:26:42.579701Z","level":"info","event":"Inizio estrazione incrementale blindata...","logger":"task.stdout"}
{"timestamp":"2026-09-26T12:26:42.604468Z","level":"info","event":"[AAPL] Ultima data nel DB: 2026-09-25. Scarico dal 2026-09-25...","logger":"task.stdout"}
{"timestamp":"2026-09-26T12:26:43.080607Z","level":"info","event":"[AAPL] Nessuna nuova riga (già aggiornato).","logger":"task.stdout"}
{"timestamp":"2026-09-26T12:26:43.084002Z","level":"info","event":"[MSFT] Ultima data nel DB: 2026-09-25. Scarico dal 2026-09-25...","logger":"task.stdout"}
{"timestamp":"2026-09-26T12:26:43.176797Z","level":"info","event":"[MSFT] Nessuna nuova riga (già aggiornato).","logger":"task.stdout"}
{"timestamp":"2026-09-26T12:26:43.179507Z","level":"info","event":"[TSLA] Ultima data nel DB: 2026-09-25. Scarico dal 2026-09-25...","logger":"task.stdout"}
{"timestamp":"2026-09-26T12:26:43.269533Z","level":"info","event":"[TSLA] Nessuna nuova riga (già aggiornato).","logger":"task.stdout"}
{"timestamp":"2026-09-26T12:26:43.272196Z","level":"info","event":"[GOOGL] Ultima data nel DB: 2026-09-25. Scarico dal 2026-09-25...","logger":"task.stdout"}
{"timestamp":"2026-09-26T12:26:43.362209Z","level":"info","event":"[GOOGL] Nessuna nuova riga (già aggiornato).","logger":"task.stdout"}
{"timestamp":"2026-09-26T12:26:43.365051Z","level":"info","event":"[AMZN] Ultima data nel DB: 2026-09-25. Scarico dal 2026-09-25...","logger":"task.stdout"}
{"timestamp":"2026-09-26T12:26:43.449147Z","level":"info","event":"[AMZN] Nessuna nuova riga (già aggiornato).","logger":"task.stdout"}
{"timestamp":"2026-09-26T12:26:43.450416Z","level":"info","event":"Nessun nuovo dato da caricare per nessun ticker.","logger":"task.stdout"}
{"timestamp":"2026-09-26T12:26:43.449375Z","level":"info","event":"Done. Returned value was: None","try_number":1,"run_id":"manual__2026-09-26T12:26:41.146820+00:00","map_index":-1,"task_id":"fetch_and_load_stock_data","dag_id":"stock_market_elt_pipeline","ti_id":"01a0ddae-948a-7a7e-9300-f149d4ccc234","logger":"airflow.task.operators.airflow.providers.standard.operators.python.PythonOperator","filename":"python.py","lineno":233}
{"timestamp":"2026-09-26T12:26:43.449542Z","level":"info","event":"::group::Post Execute","try_number":1,"run_id":"manual__2026-09-26T12:26:41.146820+00:00","map_index":-1,"task_id":"fetch_and_load_stock_data","dag_id":"stock_market_elt_pipeline","ti_id":"01a0ddae-948a-7a7e-9300-f149d4ccc234","logger":"task","filename":"task_runner.py","lineno":1580}
{"timestamp":"2026-09-26T12:26:43.469043Z","level":"info","event":"Task instance in success state","logger":"task.stdout"}
{"timestamp":"2026-09-26T12:26:43.469970Z","level":"info","event":" Previous state of the Task instance: TaskInstanceState.RUNNING","logger":"task.stdout"}
{"timestamp":"2026-09-26T12:26:43.470585Z","level":"info","event":"Task operator:<Task(PythonOperator): fetch_and_load_stock_data>","logger":"task.stdout"}
{"timestamp":"2026-09-26T12:26:43.469527Z","level":"info","event":"::endgroup::","try_number":1,"run_id":"manual__2026-09-26T12:26:41.146820+00:00","map_index":-1,"task_id":"fetch_and_load_stock_data","dag_id":"stock_market_elt_pipeline","ti_id":"01a0ddae-948a-7a7e-9300-f149d4ccc234","logger":"task","filename":"task_runner.py","lineno":2379}
