{"timestamp":"2026-09-25T20:10:46.093099Z","level":"info","event":"::group::Pre Execute","logger":"task","filename":"task_runner.py","lineno":2412}
{"timestamp":"2026-09-25T20:10:46.111501Z","level":"info","event":"DAG bundles loaded: dags-folder, example_dags, apache-airflow-providers-common-sql-example-dags, apache-airflow-providers-standard-example-dags","task_id":"fetch_and_load_stock_data","ti_id":"01a0da31-169a-77a4-972d-3219aad88519","dag_id":"stock_market_elt_pipeline","try_number":1,"map_index":-1,"run_id":"manual__2026-09-25T20:10:45.261575+00:00","logger":"airflow.dag_processing.bundles.manager.DagBundlesManager","filename":"manager.py","lineno":304}
{"timestamp":"2026-09-25T20:10:46.113627Z","level":"info","event":"Filling up the DagBag from /opt/airflow/dags/stock_pipeline_dag.py","task_id":"fetch_and_load_stock_data","ti_id":"01a0da31-169a-77a4-972d-3219aad88519","dag_id":"stock_market_elt_pipeline","try_number":1,"map_index":-1,"run_id":"manual__2026-09-25T20:10:45.261575+00:00","logger":"airflow.dag_processing.dagbag.BundleDagBag","filename":"dagbag.py","lineno":460}
{"timestamp":"2026-09-25T20:10:46.624183Z","level":"warning","event":"The `airflow.operators.python.PythonOperator` attribute is deprecated. Please use `'airflow.providers.standard.operators.python.PythonOperator'`.","category":"UserWarning","filename":"/opt/airflow/dags/stock_pipeline_dag.py","lineno":7,"task_id":"fetch_and_load_stock_data","ti_id":"01a0da31-169a-77a4-972d-3219aad88519","dag_id":"stock_market_elt_pipeline","try_number":1,"map_index":-1,"run_id":"manual__2026-09-25T20:10:45.261575+00:00","logger":"py.warnings"}
{"timestamp":"2026-09-25T20:10:46.624384Z","level":"warning","event":"The `airflow.operators.bash.BashOperator` attribute is deprecated. Please use `'airflow.providers.standard.operators.bash.BashOperator'`.","category":"UserWarning","filename":"/opt/airflow/dags/stock_pipeline_dag.py","lineno":8,"task_id":"fetch_and_load_stock_data","ti_id":"01a0da31-169a-77a4-972d-3219aad88519","dag_id":"stock_market_elt_pipeline","try_number":1,"map_index":-1,"run_id":"manual__2026-09-25T20:10:45.261575+00:00","logger":"py.warnings"}
{"timestamp":"2026-09-25T20:10:46.625195Z","level":"info","event":"Worker startup parse complete","bundle_name":"dags-folder","bundle_version":null,"dag_file":"stock_pipeline_dag.py","dag_id":"stock_market_elt_pipeline","bundle_prepare_ms":3,"dag_file_parse_ms":511,"task_id":"fetch_and_load_stock_data","ti_id":"01a0da31-169a-77a4-972d-3219aad88519","try_number":1,"map_index":-1,"run_id":"manual__2026-09-25T20:10:45.261575+00:00","logger":"task","filename":"task_runner.py","lineno":1073}
{"timestamp":"2026-09-25T20:10:46.642274Z","level":"info","event":"Task instance is in running state","logger":"task.stdout"}
{"timestamp":"2026-09-25T20:10:46.643216Z","level":"info","event":" Previous state of the Task instance: TaskInstanceState.QUEUED","logger":"task.stdout"}
{"timestamp":"2026-09-25T20:10:46.643840Z","level":"info","event":"Current task name:fetch_and_load_stock_data","logger":"task.stdout"}
{"timestamp":"2026-09-25T20:10:46.644299Z","level":"info","event":"Dag name:stock_market_elt_pipeline","logger":"task.stdout"}
{"timestamp":"2026-09-25T20:10:46.642634Z","level":"info","event":"::endgroup::","task_id":"fetch_and_load_stock_data","ti_id":"01a0da31-169a-77a4-972d-3219aad88519","dag_id":"stock_market_elt_pipeline","try_number":1,"map_index":-1,"run_id":"manual__2026-09-25T20:10:45.261575+00:00","logger":"task","filename":"task_runner.py","lineno":2232}
{"timestamp":"2026-09-25T20:10:46.645211Z","level":"info","event":"Inizio estrazione dati finanziari con yfinance...","logger":"task.stdout"}
{"timestamp":"2026-09-25T20:10:48.032177Z","level":"info","event":"Estratte 25 righe di dati. Inizio caricamento su PostgreSQL...","logger":"task.stdout"}
{"timestamp":"2026-09-25T20:10:48.053494Z","level":"info","event":"Caricamento completato con successo!","logger":"task.stdout"}
{"timestamp":"2026-09-25T20:10:48.053861Z","level":"info","event":"Done. Returned value was: None","task_id":"fetch_and_load_stock_data","ti_id":"01a0da31-169a-77a4-972d-3219aad88519","dag_id":"stock_market_elt_pipeline","try_number":1,"map_index":-1,"run_id":"manual__2026-09-25T20:10:45.261575+00:00","logger":"airflow.task.operators.airflow.providers.standard.operators.python.PythonOperator","filename":"python.py","lineno":233}
{"timestamp":"2026-09-25T20:10:48.054025Z","level":"info","event":"::group::Post Execute","task_id":"fetch_and_load_stock_data","ti_id":"01a0da31-169a-77a4-972d-3219aad88519","dag_id":"stock_market_elt_pipeline","try_number":1,"map_index":-1,"run_id":"manual__2026-09-25T20:10:45.261575+00:00","logger":"task","filename":"task_runner.py","lineno":1580}
{"timestamp":"2026-09-25T20:10:48.074316Z","level":"info","event":"Task instance in success state","logger":"task.stdout"}
{"timestamp":"2026-09-25T20:10:48.075154Z","level":"info","event":" Previous state of the Task instance: TaskInstanceState.RUNNING","logger":"task.stdout"}
{"timestamp":"2026-09-25T20:10:48.075977Z","level":"info","event":"Task operator:<Task(PythonOperator): fetch_and_load_stock_data>","logger":"task.stdout"}
{"timestamp":"2026-09-25T20:10:48.074605Z","level":"info","event":"::endgroup::","task_id":"fetch_and_load_stock_data","ti_id":"01a0da31-169a-77a4-972d-3219aad88519","dag_id":"stock_market_elt_pipeline","try_number":1,"map_index":-1,"run_id":"manual__2026-09-25T20:10:45.261575+00:00","logger":"task","filename":"task_runner.py","lineno":2379}
