{"timestamp":"2026-09-26T11:45:56.226975Z","level":"info","event":"::group::Pre Execute","logger":"task","filename":"task_runner.py","lineno":2412}
{"timestamp":"2026-09-26T11:45:56.265417Z","level":"info","event":"DAG bundles loaded: dags-folder, example_dags, apache-airflow-providers-common-sql-example-dags, apache-airflow-providers-standard-example-dags","run_id":"manual__2026-09-26T11:45:55.199374+00:00","dag_id":"stock_market_elt_pipeline","map_index":-1,"try_number":1,"ti_id":"01a0dd89-4211-7d94-8c0a-3b262a095f49","task_id":"fetch_and_load_stock_data","logger":"airflow.dag_processing.bundles.manager.DagBundlesManager","filename":"manager.py","lineno":304}
{"timestamp":"2026-09-26T11:45:56.267908Z","level":"info","event":"Filling up the DagBag from /opt/airflow/dags/stock_pipeline_dag.py","run_id":"manual__2026-09-26T11:45:55.199374+00:00","dag_id":"stock_market_elt_pipeline","map_index":-1,"try_number":1,"ti_id":"01a0dd89-4211-7d94-8c0a-3b262a095f49","task_id":"fetch_and_load_stock_data","logger":"airflow.dag_processing.dagbag.BundleDagBag","filename":"dagbag.py","lineno":460}
{"timestamp":"2026-09-26T11:45:56.898673Z","level":"warning","event":"The `airflow.operators.python.PythonOperator` attribute is deprecated. Please use `'airflow.providers.standard.operators.python.PythonOperator'`.","category":"UserWarning","filename":"/opt/airflow/dags/stock_pipeline_dag.py","lineno":7,"run_id":"manual__2026-09-26T11:45:55.199374+00:00","dag_id":"stock_market_elt_pipeline","map_index":-1,"try_number":1,"ti_id":"01a0dd89-4211-7d94-8c0a-3b262a095f49","task_id":"fetch_and_load_stock_data","logger":"py.warnings"}
{"timestamp":"2026-09-26T11:45:56.898868Z","level":"warning","event":"The `airflow.operators.bash.BashOperator` attribute is deprecated. Please use `'airflow.providers.standard.operators.bash.BashOperator'`.","category":"UserWarning","filename":"/opt/airflow/dags/stock_pipeline_dag.py","lineno":8,"run_id":"manual__2026-09-26T11:45:55.199374+00:00","dag_id":"stock_market_elt_pipeline","map_index":-1,"try_number":1,"ti_id":"01a0dd89-4211-7d94-8c0a-3b262a095f49","task_id":"fetch_and_load_stock_data","logger":"py.warnings"}
{"timestamp":"2026-09-26T11:45:56.900340Z","level":"info","event":"Worker startup parse complete","bundle_name":"dags-folder","bundle_version":null,"dag_file":"stock_pipeline_dag.py","dag_id":"stock_market_elt_pipeline","bundle_prepare_ms":4,"dag_file_parse_ms":633,"run_id":"manual__2026-09-26T11:45:55.199374+00:00","map_index":-1,"try_number":1,"ti_id":"01a0dd89-4211-7d94-8c0a-3b262a095f49","task_id":"fetch_and_load_stock_data","logger":"task","filename":"task_runner.py","lineno":1073}
{"timestamp":"2026-09-26T11:45:56.925483Z","level":"info","event":"Task instance is in running state","logger":"task.stdout"}
{"timestamp":"2026-09-26T11:45:56.926437Z","level":"info","event":" Previous state of the Task instance: TaskInstanceState.QUEUED","logger":"task.stdout"}
{"timestamp":"2026-09-26T11:45:56.927222Z","level":"info","event":"Current task name:fetch_and_load_stock_data","logger":"task.stdout"}
{"timestamp":"2026-09-26T11:45:56.927755Z","level":"info","event":"Dag name:stock_market_elt_pipeline","logger":"task.stdout"}
{"timestamp":"2026-09-26T11:45:56.925875Z","level":"info","event":"::endgroup::","run_id":"manual__2026-09-26T11:45:55.199374+00:00","dag_id":"stock_market_elt_pipeline","map_index":-1,"try_number":1,"ti_id":"01a0dd89-4211-7d94-8c0a-3b262a095f49","task_id":"fetch_and_load_stock_data","logger":"task","filename":"task_runner.py","lineno":2232}
{"timestamp":"2026-09-26T11:45:56.928851Z","level":"info","event":"Inizio estrazione dati finanziari con yfinance...","logger":"task.stdout"}
{"timestamp":"2026-09-26T11:45:57.870147Z","level":"info","event":"Estratte 25 righe di dati. Inizio caricamento su PostgreSQL...","logger":"task.stdout"}
{"timestamp":"2026-09-26T11:45:57.910735Z","level":"info","event":"Caricamento completato con successo!","logger":"task.stdout"}
{"timestamp":"2026-09-26T11:45:57.910985Z","level":"info","event":"Done. Returned value was: None","run_id":"manual__2026-09-26T11:45:55.199374+00:00","dag_id":"stock_market_elt_pipeline","map_index":-1,"try_number":1,"ti_id":"01a0dd89-4211-7d94-8c0a-3b262a095f49","task_id":"fetch_and_load_stock_data","logger":"airflow.task.operators.airflow.providers.standard.operators.python.PythonOperator","filename":"python.py","lineno":233}
{"timestamp":"2026-09-26T11:45:57.911119Z","level":"info","event":"::group::Post Execute","run_id":"manual__2026-09-26T11:45:55.199374+00:00","dag_id":"stock_market_elt_pipeline","map_index":-1,"try_number":1,"ti_id":"01a0dd89-4211-7d94-8c0a-3b262a095f49","task_id":"fetch_and_load_stock_data","logger":"task","filename":"task_runner.py","lineno":1580}
{"timestamp":"2026-09-26T11:45:57.932512Z","level":"info","event":"Task instance in success state","logger":"task.stdout"}
{"timestamp":"2026-09-26T11:45:57.933297Z","level":"info","event":" Previous state of the Task instance: TaskInstanceState.RUNNING","logger":"task.stdout"}
{"timestamp":"2026-09-26T11:45:57.933867Z","level":"info","event":"Task operator:<Task(PythonOperator): fetch_and_load_stock_data>","logger":"task.stdout"}
{"timestamp":"2026-09-26T11:45:57.932788Z","level":"info","event":"::endgroup::","run_id":"manual__2026-09-26T11:45:55.199374+00:00","dag_id":"stock_market_elt_pipeline","map_index":-1,"try_number":1,"ti_id":"01a0dd89-4211-7d94-8c0a-3b262a095f49","task_id":"fetch_and_load_stock_data","logger":"task","filename":"task_runner.py","lineno":2379}
