{"timestamp":"2026-09-25T19:46:21.220904Z","level":"info","event":"::group::Pre Execute","logger":"task","filename":"task_runner.py","lineno":2412}
{"timestamp":"2026-09-25T19:46:25.552672Z","level":"info","event":"DAG bundles loaded: dags-folder, example_dags, apache-airflow-providers-common-sql-example-dags, apache-airflow-providers-standard-example-dags","dag_id":"stock_market_elt_pipeline","map_index":-1,"ti_id":"01a0da1a-a37f-72e7-9c9e-d77627ecb6bc","try_number":1,"run_id":"manual__2026-09-25T19:46:13.982514+00:00","task_id":"fetch_and_load_stock_data","logger":"airflow.dag_processing.bundles.manager.DagBundlesManager","filename":"manager.py","lineno":304}
{"timestamp":"2026-09-25T19:46:25.555142Z","level":"info","event":"Filling up the DagBag from /opt/airflow/dags/stock_pipeline_dag.py","dag_id":"stock_market_elt_pipeline","map_index":-1,"ti_id":"01a0da1a-a37f-72e7-9c9e-d77627ecb6bc","try_number":1,"run_id":"manual__2026-09-25T19:46:13.982514+00:00","task_id":"fetch_and_load_stock_data","logger":"airflow.dag_processing.dagbag.BundleDagBag","filename":"dagbag.py","lineno":460}
{"timestamp":"2026-09-25T19:46:27.280984Z","level":"warning","event":"The `airflow.operators.python.PythonOperator` attribute is deprecated. Please use `'airflow.providers.standard.operators.python.PythonOperator'`.","category":"UserWarning","filename":"/opt/airflow/dags/stock_pipeline_dag.py","lineno":7,"dag_id":"stock_market_elt_pipeline","map_index":-1,"ti_id":"01a0da1a-a37f-72e7-9c9e-d77627ecb6bc","try_number":1,"run_id":"manual__2026-09-25T19:46:13.982514+00:00","task_id":"fetch_and_load_stock_data","logger":"py.warnings"}
{"timestamp":"2026-09-25T19:46:27.281237Z","level":"warning","event":"The `airflow.operators.bash.BashOperator` attribute is deprecated. Please use `'airflow.providers.standard.operators.bash.BashOperator'`.","category":"UserWarning","filename":"/opt/airflow/dags/stock_pipeline_dag.py","lineno":8,"dag_id":"stock_market_elt_pipeline","map_index":-1,"ti_id":"01a0da1a-a37f-72e7-9c9e-d77627ecb6bc","try_number":1,"run_id":"manual__2026-09-25T19:46:13.982514+00:00","task_id":"fetch_and_load_stock_data","logger":"py.warnings"}
{"timestamp":"2026-09-25T19:46:27.282361Z","level":"info","event":"Worker startup parse complete","bundle_name":"dags-folder","bundle_version":null,"dag_file":"stock_pipeline_dag.py","dag_id":"stock_market_elt_pipeline","bundle_prepare_ms":6,"dag_file_parse_ms":1727,"map_index":-1,"ti_id":"01a0da1a-a37f-72e7-9c9e-d77627ecb6bc","try_number":1,"run_id":"manual__2026-09-25T19:46:13.982514+00:00","task_id":"fetch_and_load_stock_data","logger":"task","filename":"task_runner.py","lineno":1073}
{"timestamp":"2026-09-25T19:46:27.314551Z","level":"info","event":"Task instance is in running state","logger":"task.stdout"}
{"timestamp":"2026-09-25T19:46:27.315341Z","level":"info","event":" Previous state of the Task instance: TaskInstanceState.QUEUED","logger":"task.stdout"}
{"timestamp":"2026-09-25T19:46:27.315797Z","level":"info","event":"Current task name:fetch_and_load_stock_data","logger":"task.stdout"}
{"timestamp":"2026-09-25T19:46:27.316366Z","level":"info","event":"Dag name:stock_market_elt_pipeline","logger":"task.stdout"}
{"timestamp":"2026-09-25T19:46:27.315014Z","level":"info","event":"::endgroup::","dag_id":"stock_market_elt_pipeline","map_index":-1,"ti_id":"01a0da1a-a37f-72e7-9c9e-d77627ecb6bc","try_number":1,"run_id":"manual__2026-09-25T19:46:13.982514+00:00","task_id":"fetch_and_load_stock_data","logger":"task","filename":"task_runner.py","lineno":2232}
{"timestamp":"2026-09-25T19:46:27.317579Z","level":"info","event":"Inizio estrazione dati finanziari con yfinance...","logger":"task.stdout"}
{"timestamp":"2026-09-25T19:46:29.495438Z","level":"info","event":"Estratte 25 righe di dati. Inizio caricamento su PostgreSQL...","logger":"task.stdout"}
{"timestamp":"2026-09-25T19:46:29.522486Z","level":"info","event":"Caricamento completato con successo!","logger":"task.stdout"}
{"timestamp":"2026-09-25T19:46:29.522877Z","level":"info","event":"Done. Returned value was: None","dag_id":"stock_market_elt_pipeline","map_index":-1,"ti_id":"01a0da1a-a37f-72e7-9c9e-d77627ecb6bc","try_number":1,"run_id":"manual__2026-09-25T19:46:13.982514+00:00","task_id":"fetch_and_load_stock_data","logger":"airflow.task.operators.airflow.providers.standard.operators.python.PythonOperator","filename":"python.py","lineno":233}
{"timestamp":"2026-09-25T19:46:29.523092Z","level":"info","event":"::group::Post Execute","dag_id":"stock_market_elt_pipeline","map_index":-1,"ti_id":"01a0da1a-a37f-72e7-9c9e-d77627ecb6bc","try_number":1,"run_id":"manual__2026-09-25T19:46:13.982514+00:00","task_id":"fetch_and_load_stock_data","logger":"task","filename":"task_runner.py","lineno":1580}
{"timestamp":"2026-09-25T19:46:29.552182Z","level":"info","event":"Task instance in success state","logger":"task.stdout"}
{"timestamp":"2026-09-25T19:46:29.553015Z","level":"info","event":" Previous state of the Task instance: TaskInstanceState.RUNNING","logger":"task.stdout"}
{"timestamp":"2026-09-25T19:46:29.553668Z","level":"info","event":"Task operator:<Task(PythonOperator): fetch_and_load_stock_data>","logger":"task.stdout"}
{"timestamp":"2026-09-25T19:46:29.552487Z","level":"info","event":"::endgroup::","dag_id":"stock_market_elt_pipeline","map_index":-1,"ti_id":"01a0da1a-a37f-72e7-9c9e-d77627ecb6bc","try_number":1,"run_id":"manual__2026-09-25T19:46:13.982514+00:00","task_id":"fetch_and_load_stock_data","logger":"task","filename":"task_runner.py","lineno":2379}
