{"timestamp":"2026-09-26T10:57:22.171208Z","level":"info","event":"::group::Pre Execute","logger":"task","filename":"task_runner.py","lineno":2412}
{"timestamp":"2026-09-26T10:57:25.201708Z","level":"info","event":"DAG bundles loaded: dags-folder, example_dags, apache-airflow-providers-common-sql-example-dags, apache-airflow-providers-standard-example-dags","task_id":"fetch_and_load_stock_data","ti_id":"01a0dd5c-cc2a-7e39-87c2-2b7b9e7b1c01","try_number":1,"run_id":"manual__2026-09-26T10:57:21.431418+00:00","map_index":-1,"dag_id":"stock_market_elt_pipeline","logger":"airflow.dag_processing.bundles.manager.DagBundlesManager","filename":"manager.py","lineno":304}
{"timestamp":"2026-09-26T10:57:25.203139Z","level":"info","event":"Filling up the DagBag from /opt/airflow/dags/stock_pipeline_dag.py","task_id":"fetch_and_load_stock_data","ti_id":"01a0dd5c-cc2a-7e39-87c2-2b7b9e7b1c01","try_number":1,"run_id":"manual__2026-09-26T10:57:21.431418+00:00","map_index":-1,"dag_id":"stock_market_elt_pipeline","logger":"airflow.dag_processing.dagbag.BundleDagBag","filename":"dagbag.py","lineno":460}
{"timestamp":"2026-09-26T10:57:26.897617Z","level":"warning","event":"The `airflow.operators.python.PythonOperator` attribute is deprecated. Please use `'airflow.providers.standard.operators.python.PythonOperator'`.","category":"UserWarning","filename":"/opt/airflow/dags/stock_pipeline_dag.py","lineno":7,"task_id":"fetch_and_load_stock_data","ti_id":"01a0dd5c-cc2a-7e39-87c2-2b7b9e7b1c01","try_number":1,"run_id":"manual__2026-09-26T10:57:21.431418+00:00","map_index":-1,"dag_id":"stock_market_elt_pipeline","logger":"py.warnings"}
{"timestamp":"2026-09-26T10:57:26.897862Z","level":"warning","event":"The `airflow.operators.bash.BashOperator` attribute is deprecated. Please use `'airflow.providers.standard.operators.bash.BashOperator'`.","category":"UserWarning","filename":"/opt/airflow/dags/stock_pipeline_dag.py","lineno":8,"task_id":"fetch_and_load_stock_data","ti_id":"01a0dd5c-cc2a-7e39-87c2-2b7b9e7b1c01","try_number":1,"run_id":"manual__2026-09-26T10:57:21.431418+00:00","map_index":-1,"dag_id":"stock_market_elt_pipeline","logger":"py.warnings"}
{"timestamp":"2026-09-26T10:57:26.898909Z","level":"info","event":"Worker startup parse complete","bundle_name":"dags-folder","bundle_version":null,"dag_file":"stock_pipeline_dag.py","dag_id":"stock_market_elt_pipeline","bundle_prepare_ms":3,"dag_file_parse_ms":1695,"task_id":"fetch_and_load_stock_data","ti_id":"01a0dd5c-cc2a-7e39-87c2-2b7b9e7b1c01","try_number":1,"run_id":"manual__2026-09-26T10:57:21.431418+00:00","map_index":-1,"logger":"task","filename":"task_runner.py","lineno":1073}
{"timestamp":"2026-09-26T10:57:26.933934Z","level":"info","event":"Task instance is in running state","logger":"task.stdout"}
{"timestamp":"2026-09-26T10:57:26.934820Z","level":"info","event":" Previous state of the Task instance: TaskInstanceState.QUEUED","logger":"task.stdout"}
{"timestamp":"2026-09-26T10:57:26.935455Z","level":"info","event":"Current task name:fetch_and_load_stock_data","logger":"task.stdout"}
{"timestamp":"2026-09-26T10:57:26.935904Z","level":"info","event":"Dag name:stock_market_elt_pipeline","logger":"task.stdout"}
{"timestamp":"2026-09-26T10:57:26.934283Z","level":"info","event":"::endgroup::","task_id":"fetch_and_load_stock_data","ti_id":"01a0dd5c-cc2a-7e39-87c2-2b7b9e7b1c01","try_number":1,"run_id":"manual__2026-09-26T10:57:21.431418+00:00","map_index":-1,"dag_id":"stock_market_elt_pipeline","logger":"task","filename":"task_runner.py","lineno":2232}
{"timestamp":"2026-09-26T10:57:26.936957Z","level":"info","event":"Inizio estrazione dati finanziari con yfinance...","logger":"task.stdout"}
{"timestamp":"2026-09-26T10:57:29.787761Z","level":"info","event":"Estratte 25 righe di dati. Inizio caricamento su PostgreSQL...","logger":"task.stdout"}
{"timestamp":"2026-09-26T10:57:29.813007Z","level":"info","event":"Caricamento completato con successo!","logger":"task.stdout"}
{"timestamp":"2026-09-26T10:57:29.813327Z","level":"info","event":"Done. Returned value was: None","task_id":"fetch_and_load_stock_data","ti_id":"01a0dd5c-cc2a-7e39-87c2-2b7b9e7b1c01","try_number":1,"run_id":"manual__2026-09-26T10:57:21.431418+00:00","map_index":-1,"dag_id":"stock_market_elt_pipeline","logger":"airflow.task.operators.airflow.providers.standard.operators.python.PythonOperator","filename":"python.py","lineno":233}
{"timestamp":"2026-09-26T10:57:29.813460Z","level":"info","event":"::group::Post Execute","task_id":"fetch_and_load_stock_data","ti_id":"01a0dd5c-cc2a-7e39-87c2-2b7b9e7b1c01","try_number":1,"run_id":"manual__2026-09-26T10:57:21.431418+00:00","map_index":-1,"dag_id":"stock_market_elt_pipeline","logger":"task","filename":"task_runner.py","lineno":1580}
{"timestamp":"2026-09-26T10:57:29.839513Z","level":"info","event":"Task instance in success state","logger":"task.stdout"}
{"timestamp":"2026-09-26T10:57:29.840359Z","level":"info","event":" Previous state of the Task instance: TaskInstanceState.RUNNING","logger":"task.stdout"}
{"timestamp":"2026-09-26T10:57:29.840864Z","level":"info","event":"Task operator:<Task(PythonOperator): fetch_and_load_stock_data>","logger":"task.stdout"}
{"timestamp":"2026-09-26T10:57:29.839976Z","level":"info","event":"::endgroup::","task_id":"fetch_and_load_stock_data","ti_id":"01a0dd5c-cc2a-7e39-87c2-2b7b9e7b1c01","try_number":1,"run_id":"manual__2026-09-26T10:57:21.431418+00:00","map_index":-1,"dag_id":"stock_market_elt_pipeline","logger":"task","filename":"task_runner.py","lineno":2379}
